core_cm0.h:629:22:NVIC_EnableIRQ	16	static
core_cm0.h:688:22:NVIC_SetPriority	24	static
ds18b20.c:13:6:TIM2_IRQHandler	8	static
ds18b20.c:19:6:init_ds	8	static
ds18b20.c:25:6:init_Gpio_for_ds	8	static
ds18b20.c:32:6:init_tim3_for_us	8	static
ds18b20.c:39:6:init_tim2_for_delay	8	static
ds18b20.c:49:9:ds_reset_pulse	24	static
ds18b20.c:67:6:ds_write_bit	16	static
ds18b20.c:78:9:ds_read_bit	24	static
ds18b20.c:91:6:ds_write_byte	24	static
ds18b20.c:97:9:ds_read_byte	24	static
ds18b20.c:105:6:delay	16	static
ds18b20.c:112:6:temp_measur	32	static
