tft.c:30:6:tft_gpio_init	8	static
tft.c:37:6:tft_data	8	static
tft.c:41:6:tft_cmd	8	static
tft.c:45:6:tft_reset	8	static
tft.c:49:6:tft_init	16	static
tft.c:67:6:tft_write_cmd	24	static
tft.c:82:6:tft_sleep_out	16	static
tft.c:89:6:tft_display_off	8	static
tft.c:93:6:tft_display_on	8	static
tft.c:97:6:tft_display_normal_mode	16	static
tft.c:104:6:tft_pixel_format	16	static
tft.c:110:6:tft_set_column	24	static
tft.c:119:6:tft_set_row	24	static
tft.c:128:6:tft_ram_write	16	static
tft.c:134:6:tft_set_region	32	static
tft.c:144:6:tft_colorise	32	static
tft.c:154:6:tft_clearAllDisplay	32	static
