TFT_through_SPI.c:11:6:DC_set	8	static
TFT_through_SPI.c:15:6:DC_clear	8	static
TFT_through_SPI.c:19:6:TFT_reset	8	static
TFT_through_SPI.c:23:6:Set_DC_cmd	8	static
TFT_through_SPI.c:27:6:Set_DC_data	8	static
TFT_through_SPI.c:31:6:TFT_send_cmd	32	static
TFT_through_SPI.c:47:6:TFT_init	16	static
TFT_through_SPI.c:61:6:TFT_cmd_sleep_out	16	static
TFT_through_SPI.c:67:6:TFT_display_normal_mode	16	static
TFT_through_SPI.c:73:6:TFT_display_on	16	static
TFT_through_SPI.c:78:6:TFT_pixel_format	16	static
TFT_through_SPI.c:85:6:TFT_clearAllDisplay	40	static
TFT_through_SPI.c:105:6:TFT_clearPartDisplay	32	static
TFT_through_SPI.c:111:6:TFT_set_region	32	static
TFT_through_SPI.c:121:6:TFT_colorise	32	static
TFT_through_SPI.c:129:6:TFT_ram_write	16	static
TFT_through_SPI.c:135:6:TFT_set_column	24	static
TFT_through_SPI.c:144:6:TFT_set_row	24	static
