TFT_throuht_SPI.c:11:6:DC_set	8	static
TFT_throuht_SPI.c:15:6:DC_clear	8	static
TFT_throuht_SPI.c:19:6:TFT_reset	8	static
TFT_throuht_SPI.c:23:6:TFT_cmd	8	static
TFT_throuht_SPI.c:27:6:TFT_data	8	static
TFT_throuht_SPI.c:31:6:send_byte_to_TFT	16	static
TFT_throuht_SPI.c:38:6:send_2byte_to_TFT	16	static
TFT_throuht_SPI.c:46:6:TFT_write_cmd	32	static
TFT_throuht_SPI.c:62:6:TFT_init	32	static
TFT_throuht_SPI.c:78:6:TFT_sleep_out	16	static
TFT_throuht_SPI.c:86:6:TFT_display_normal_mode	16	static
TFT_throuht_SPI.c:92:6:TFT_Partiral_on	8	static
TFT_throuht_SPI.c:96:6:TFT_display_on	8	static
TFT_throuht_SPI.c:100:6:TFT_display_off	8	static
TFT_throuht_SPI.c:104:6:TFT_pixel_format	16	static
TFT_throuht_SPI.c:109:6:TFT_clearAllDisplay	32	static
TFT_throuht_SPI.c:116:6:TFT_clearPartDisplay	24	static
TFT_throuht_SPI.c:122:6:TFT_set_region	32	static
TFT_throuht_SPI.c:132:6:TFT_colorise	32	static
TFT_throuht_SPI.c:142:6:TFT_ram_write	16	static
TFT_throuht_SPI.c:147:6:TFT_set_column	24	static
TFT_throuht_SPI.c:155:6:TFT_set_row	24	static
