TFT_through_SPI.c:11:6:TFT_init	16	static
TFT_through_SPI.c:25:6:TFT_reset	8	static
TFT_through_SPI.c:29:6:TFT_cmd_sleep_out	16	static
TFT_through_SPI.c:35:6:TFT_display_normal_mode	16	static
TFT_through_SPI.c:40:6:TFT_display_on	8	static
TFT_through_SPI.c:44:6:TFT_pixel_format	16	static
TFT_through_SPI.c:49:6:DC_set	8	static
TFT_through_SPI.c:53:6:DC_clear	8	static
TFT_through_SPI.c:57:6:Set_DC_cmd	16	static
TFT_through_SPI.c:62:6:Set_DC_data	16	static
TFT_through_SPI.c:68:6:TFT_clearAllDisplay	40	static
TFT_through_SPI.c:85:6:TFT_clearPartDisplay	40	static
TFT_through_SPI.c:92:6:TFT_set_region	24	static
TFT_through_SPI.c:101:6:TFT_colorise	32	static
TFT_through_SPI.c:108:6:TFT_send_cmd	16	static
TFT_through_SPI.c:120:6:TFT_ram_write	16	static
TFT_through_SPI.c:125:6:TFT_set_column	24	static
TFT_through_SPI.c:133:6:TFT_set_row	24	static
