Archive member included to satisfy reference by file (symbol)

c:/program files (x86)/atollic/truestudio for stm32 9.3.0/armtools/bin/../lib/gcc/arm-atollic-eabi/6.3.1/../../../../arm-atollic-eabi/lib/armv6-m\libc_nano.a(lib_a-init.o)
                              src\startup_stm32f051x8.o (__libc_init_array)
c:/program files (x86)/atollic/truestudio for stm32 9.3.0/armtools/bin/../lib/gcc/arm-atollic-eabi/6.3.1/../../../../arm-atollic-eabi/lib/armv6-m\libc_nano.a(lib_a-strlen.o)
                              src\tiny_printf.o (strlen)
c:/program files (x86)/atollic/truestudio for stm32 9.3.0/armtools/bin/../lib/gcc/arm-atollic-eabi/6.3.1/../../../../arm-atollic-eabi/lib/armv6-m\libm.a(lib_a-w_fmod.o)
                              src\TFT_display_temperature.o (fmod)
c:/program files (x86)/atollic/truestudio for stm32 9.3.0/armtools/bin/../lib/gcc/arm-atollic-eabi/6.3.1/../../../../arm-atollic-eabi/lib/armv6-m\libm.a(lib_a-w_log.o)
                              src\manage_program.o (log)
c:/program files (x86)/atollic/truestudio for stm32 9.3.0/armtools/bin/../lib/gcc/arm-atollic-eabi/6.3.1/../../../../arm-atollic-eabi/lib/armv6-m\libm.a(lib_a-e_fmod.o)
                              c:/program files (x86)/atollic/truestudio for stm32 9.3.0/armtools/bin/../lib/gcc/arm-atollic-eabi/6.3.1/../../../../arm-atollic-eabi/lib/armv6-m\libm.a(lib_a-w_fmod.o) (__ieee754_fmod)
c:/program files (x86)/atollic/truestudio for stm32 9.3.0/armtools/bin/../lib/gcc/arm-atollic-eabi/6.3.1/../../../../arm-atollic-eabi/lib/armv6-m\libm.a(lib_a-e_log.o)
                              c:/program files (x86)/atollic/truestudio for stm32 9.3.0/armtools/bin/../lib/gcc/arm-atollic-eabi/6.3.1/../../../../arm-atollic-eabi/lib/armv6-m\libm.a(lib_a-w_log.o) (__ieee754_log)
c:/program files (x86)/atollic/truestudio for stm32 9.3.0/armtools/bin/../lib/gcc/arm-atollic-eabi/6.3.1/../../../../arm-atollic-eabi/lib/armv6-m\libm.a(lib_a-s_lib_ver.o)
                              c:/program files (x86)/atollic/truestudio for stm32 9.3.0/armtools/bin/../lib/gcc/arm-atollic-eabi/6.3.1/../../../../arm-atollic-eabi/lib/armv6-m\libm.a(lib_a-w_fmod.o) (__fdlib_version)
c:/program files (x86)/atollic/truestudio for stm32 9.3.0/armtools/bin/../lib/gcc/arm-atollic-eabi/6.3.1/../../../../arm-atollic-eabi/lib/armv6-m\libm.a(lib_a-s_matherr.o)
                              c:/program files (x86)/atollic/truestudio for stm32 9.3.0/armtools/bin/../lib/gcc/arm-atollic-eabi/6.3.1/../../../../arm-atollic-eabi/lib/armv6-m\libm.a(lib_a-w_fmod.o) (matherr)
c:/program files (x86)/atollic/truestudio for stm32 9.3.0/armtools/bin/../lib/gcc/arm-atollic-eabi/6.3.1/../../../../arm-atollic-eabi/lib/armv6-m\libm.a(lib_a-s_nan.o)
                              c:/program files (x86)/atollic/truestudio for stm32 9.3.0/armtools/bin/../lib/gcc/arm-atollic-eabi/6.3.1/../../../../arm-atollic-eabi/lib/armv6-m\libm.a(lib_a-w_log.o) (nan)
c:/program files (x86)/atollic/truestudio for stm32 9.3.0/armtools/bin/../lib/gcc/arm-atollic-eabi/6.3.1/../../../../arm-atollic-eabi/lib/armv6-m\libc_nano.a(lib_a-errno.o)
                              c:/program files (x86)/atollic/truestudio for stm32 9.3.0/armtools/bin/../lib/gcc/arm-atollic-eabi/6.3.1/../../../../arm-atollic-eabi/lib/armv6-m\libm.a(lib_a-w_fmod.o) (__errno)
c:/program files (x86)/atollic/truestudio for stm32 9.3.0/armtools/bin/../lib/gcc/arm-atollic-eabi/6.3.1/../../../../arm-atollic-eabi/lib/armv6-m\libc_nano.a(lib_a-impure.o)
                              c:/program files (x86)/atollic/truestudio for stm32 9.3.0/armtools/bin/../lib/gcc/arm-atollic-eabi/6.3.1/../../../../arm-atollic-eabi/lib/armv6-m\libc_nano.a(lib_a-errno.o) (_impure_ptr)
c:/program files (x86)/atollic/truestudio for stm32 9.3.0/armtools/bin/../lib/gcc/arm-atollic-eabi/6.3.1/armv6-m\libgcc.a(_udivsi3.o)
                              src\UART_for_PC.o (__aeabi_uidiv)
c:/program files (x86)/atollic/truestudio for stm32 9.3.0/armtools/bin/../lib/gcc/arm-atollic-eabi/6.3.1/armv6-m\libgcc.a(_divsi3.o)
                              src\tiny_printf.o (__aeabi_idiv)
c:/program files (x86)/atollic/truestudio for stm32 9.3.0/armtools/bin/../lib/gcc/arm-atollic-eabi/6.3.1/armv6-m\libgcc.a(_dvmd_tls.o)
                              c:/program files (x86)/atollic/truestudio for stm32 9.3.0/armtools/bin/../lib/gcc/arm-atollic-eabi/6.3.1/armv6-m\libgcc.a(_udivsi3.o) (__aeabi_idiv0)
c:/program files (x86)/atollic/truestudio for stm32 9.3.0/armtools/bin/../lib/gcc/arm-atollic-eabi/6.3.1/armv6-m\libgcc.a(_arm_cmpdf2.o)
                              src\TFT_display_temperature.o (__aeabi_dcmpeq)
c:/program files (x86)/atollic/truestudio for stm32 9.3.0/armtools/bin/../lib/gcc/arm-atollic-eabi/6.3.1/armv6-m\libgcc.a(_fixunssfsi.o)
                              src\init_TEC_throght_relay.o (__aeabi_f2uiz)
c:/program files (x86)/atollic/truestudio for stm32 9.3.0/armtools/bin/../lib/gcc/arm-atollic-eabi/6.3.1/armv6-m\libgcc.a(_fixunsdfsi.o)
[...]
Memory Configuration

Name             Origin             Length             Attributes
FLASH            0x08000000         0x00010000         xr
RAM              0x20000000         0x00002000         xrw
MEMORY_B1        0x60000000         0x00000000         xr
*default*        0x00000000         0xffffffff

Linker script and memory map

LOAD c:/program files (x86)/atollic/truestudio for stm32 9.3.0/armtools/bin/../lib/gcc/arm-atollic-eabi/6.3.1/armv6-m/crti.o
LOAD c:/program files (x86)/atollic/truestudio for stm32 9.3.0/armtools/bin/../lib/gcc/arm-atollic-eabi/6.3.1/armv6-m/crtbegin.o
LOAD src\FLASH.o
LOAD src\NTC_10k_using_ADC.o
LOAD src\SPI_for_TFT.o
LOAD src\TFT_display_temperature.o
LOAD src\TFT_through_SPI.o
LOAD src\UART_for_PC.o
LOAD src\buffer.o
LOAD src\constant.o
LOAD src\ds18b20.o
LOAD src\init_TEC_throght_relay.o
LOAD src\main.o
LOAD src\manage_program.o
LOAD src\startup_stm32f051x8.o
LOAD src\system_stm32f0xx.o
LOAD src\tiny_printf.o
                0x00000080                malloc_getpagesize_P = 0x80
START GROUP
LOAD c:/program files (x86)/atollic/truestudio for stm32 9.3.0/armtools/bin/../lib/gcc/arm-atollic-eabi/6.3.1/../../../../arm-atollic-eabi/lib/armv6-m\libc_nano.a
LOAD c:/program files (x86)/atollic/truestudio for stm32 9.3.0/armtools/bin/../lib/gcc/arm-atollic-eabi/6.3.1/../../../../arm-atollic-eabi/lib/armv6-m\libm.a
END GROUP
START GROUP
LOAD c:/program files (x86)/atollic/truestudio for stm32 9.3.0/armtools/bin/../lib/gcc/arm-atollic-eabi/6.3.1/armv6-m\libgcc.a
LOAD c:/program files (x86)/atollic/truestudio for stm32 9.3.0/armtools/bin/../lib/gcc/arm-atollic-eabi/6.3.1/../../../../arm-atollic-eabi/lib/armv6-m\libc_nano.a
END GROUP
START GROUP
LOAD c:/program files (x86)/atollic/truestudio for stm32 9.3.0/armtools/bin/../lib/gcc/arm-atollic-eabi/6.3.1/armv6-m\libgcc.a
LOAD c:/program files (x86)/atollic/truestudio for stm32 9.3.0/armtools/bin/../lib/gcc/arm-atollic-eabi/6.3.1/../../../../arm-atollic-eabi/lib/armv6-m\libc_nano.a
LOAD c:/program files (x86)/atollic/truestudio for stm32 9.3.0/armtools/bin/../lib/gcc/arm-atollic-eabi/6.3.1/../../../../arm-atollic-eabi/lib/armv6-m\libnosys.a
END GROUP
START GROUP
LOAD c:/program files (x86)/atollic/truestudio for stm32 9.3.0/armtools/bin/../lib/gcc/arm-atollic-eabi/6.3.1/armv6-m\libgcc.a
LOAD c:/program files (x86)/atollic/truestudio for stm32 9.3.0/armtools/bin/../lib/gcc/arm-atollic-eabi/6.3.1/../../../../arm-atollic-eabi/lib/armv6-m\libc_nano.a
LOAD c:/program files (x86)/atollic/truestudio for stm32 9.3.0/armtools/bin/../lib/gcc/arm-atollic-eabi/6.3.1/../../../../arm-atollic-eabi/lib/armv6-m\libnosys.a
END GROUP
LOAD c:/program files (x86)/atollic/truestudio for stm32 9.3.0/armtools/bin/../lib/gcc/arm-atollic-eabi/6.3.1/armv6-m/crtend.o
LOAD c:/program files (x86)/atollic/truestudio for stm32 9.3.0/armtools/bin/../lib/gcc/arm-atollic-eabi/6.3.1/armv6-m/crtn.o
                0x20002000                _estack = 0x20002000
                0x00000000                _Min_Heap_Size = 0x0
                0x00000080                _Min_Stack_Size = 0x80

.isr_vector     0x08000000       0xc0
                0x08000000                . = ALIGN (0x4)
 *(.isr_vector)
 .isr_vector    0x08000000       0xc0 src\startup_stm32f051x8.o
                0x08000000                g_pfnVectors
                0x080000c0                . = ALIGN (0x4)

.text           0x080000c0     0x4a10
                0x080000c0                . = ALIGN (0x4)
 *(.text)
 .text          0x080000c0       0x48 c:/program files (x86)/atollic/truestudio for stm32 9.3.0/armtools/bin/../lib/gcc/arm-atollic-eabi/6.3.1/armv6-m/crtbegin.o
 .text          0x08000108      0x114 c:/program files (x86)/atollic/truestudio for stm32 9.3.0/armtools/bin/../lib/gcc/arm-atollic-eabi/6.3.1/armv6-m\libgcc.a(_udivsi3.o)
                0x08000108                __aeabi_uidiv
                0x08000108                __udivsi3
                0x08000214                __aeabi_uidivmod
 .text          0x0800021c        0x4 c:/program files (x86)/atollic/truestudio for stm32 9.3.0/armtools/bin/../lib/gcc/arm-atollic-eabi/6.3.1/armv6-m\libgcc.a(_dvmd_tls.o)
                0x0800021c                __aeabi_idiv0
                0x0800021c                __aeabi_ldiv0
 .text          0x08000220       0x7c c:/program files (x86)/atollic/truestudio for stm32 9.3.0/armtools/bin/../lib/gcc/arm-atollic-eabi/6.3.1/armv6-m\libgcc.a(_arm_cmpdf2.o)
                0x08000220                __aeabi_cdrcmple
                0x08000230                __aeabi_cdcmple
                0x08000230                __aeabi_cdcmpeq
                0x08000240                __aeabi_dcmpeq
                0x0800024c                __aeabi_dcmplt
                0x08000260                __aeabi_dcmple
                0x08000274                __aeabi_dcmpgt
                0x08000288                __aeabi_dcmpge
 .text          0x0800029c       0x30 c:/program files (x86)/atollic/truestudio for stm32 9.3.0/armtools/bin/../lib/gcc/arm-atollic-eabi/6.3.1/armv6-m\libgcc.a(_fixunssfsi.o)
                0x0800029c                __fixunssfsi
                0x0800029c                __aeabi_f2uiz
 .text          0x080002cc      0x240 c:/program files (x86)/atollic/truestudio for stm32 9.3.0/armtools/bin/../lib/gcc/arm-atollic-eabi/6.3.1/armv6-m\libgcc.a(mulsf3.o)
                0x080002cc                __aeabi_fmul
 .text          0x0800050c      0x338 c:/program files (x86)/atollic/truestudio for stm32 9.3.0/armtools/bin/../lib/gcc/arm-atollic-eabi/6.3.1/armv6-m\libgcc.a(subsf3.o)
                0x0800050c                __aeabi_fsub
 .text          0x08000844       0x40 c:/program files (x86)/atollic/truestudio for stm32 9.3.0/armtools/bin/../lib/gcc/arm-atollic-eabi/6.3.1/armv6-m\libgcc.a(fixsfsi.o)
                0x08000844                __aeabi_f2iz
 .text          0x08000884      0x668 c:/program files (x86)/atollic/truestudio for stm32 9.3.0/armtools/bin/../lib/gcc/arm-atollic-eabi/6.3.1/armv6-m\libgcc.a(divdf3.o)
                0x08000884                __aeabi_ddiv
 .text          0x08000eec       0x74 c:/program files (x86)/atollic/truestudio for stm32 9.3.0/armtools/bin/../lib/gcc/arm-atollic-eabi/6.3.1/armv6-m\libgcc.a(eqdf2.o)
                0x08000eec                __nedf2
                0x08000eec                __eqdf2
 .text          0x08000f60       0xc8 c:/program files (x86)/atollic/truestudio for stm32 9.3.0/armtools/bin/../lib/gcc/arm-atollic-eabi/6.3.1/armv6-m\libgcc.a(gedf2.o)
                0x08000f60                __gedf2
                0x08000f60                __gtdf2
 .text          0x08001028       0xc4 c:/program files (x86)/atollic/truestudio for stm32 9.3.0/armtools/bin/../lib/gcc/arm-atollic-eabi/6.3.1/armv6-m\libgcc.a(ledf2.o)
                0x08001028                __ledf2
                0x08001028                __ltdf2
 .text          0x080010ec      0x500 c:/program files (x86)/atollic/truestudio for stm32 9.3.0/armtools/bin/../lib/gcc/arm-atollic-eabi/6.3.1/armv6-m\libgcc.a(muldf3.o)
                0x080010ec                __aeabi_dmul
 .text          0x080015ec      0x62c c:/program files (x86)/atollic/truestudio for stm32 9.3.0/armtools/bin/../lib/gcc/arm-atollic-eabi/6.3.1/armv6-m\libgcc.a(subdf3.o)
                0x080015ec                __aeabi_dsub
 .text          0x08001c18       0x40 c:/program files (x86)/atollic/truestudio for stm32 9.3.0/armtools/bin/../lib/gcc/arm-atollic-eabi/6.3.1/armv6-m\libgcc.a(unorddf2.o)
                0x08001c18                __aeabi_dcmpun
 .text          0x08001c58       0x68 c:/program files (x86)/atollic/truestudio for stm32 9.3.0/armtools/bin/../lib/gcc/arm-atollic-eabi/6.3.1/armv6-m\libgcc.a(fixdfsi.o)
                0x08001c58                __aeabi_d2iz
 .text          0x08001cc0       0x84 c:/program files (x86)/atollic/truestudio for stm32 9.3.0/armtools/bin/../lib/gcc/arm-atollic-eabi/6.3.1/armv6-m\libgcc.a(floatsidf.o)
                0x08001cc0                __aeabi_i2d
 .text          0x08001d44      0x114 c:/program files (x86)/atollic/truestudio for stm32 9.3.0/armtools/bin/../lib/gcc/arm-atollic-eabi/6.3.1/armv6-m\libgcc.a(truncdfsf2.o)
                0x08001d44                __aeabi_d2f
 .text          0x08001e58       0x74 c:/program files (x86)/atollic/truestudio for stm32 9.3.0/armtools/bin/../lib/gcc/arm-atollic-eabi/6.3.1/armv6-m\libgcc.a(_arm_cmpsf2.o)
                0x08001e58                __aeabi_cfrcmple
                0x08001e60                __aeabi_cfcmpeq
                0x08001e60                __aeabi_cfcmple
                0x08001e70                __aeabi_fcmpeq
                0x08001e7c                __aeabi_fcmplt
                0x08001e90                __aeabi_fcmple
                0x08001ea4                __aeabi_fcmpgt
                0x08001eb8                __aeabi_fcmpge
 .text          0x08001ecc       0x3c c:/program files (x86)/atollic/truestudio for stm32 9.3.0/armtools/bin/../lib/gcc/arm-atollic-eabi/6.3.1/armv6-m\libgcc.a(_clzsi2.o)
                0x08001ecc                __clzsi2
 .text          0x08001f08       0x4c c:/program files (x86)/atollic/truestudio for stm32 9.3.0/armtools/bin/../lib/gcc/arm-atollic-eabi/6.3.1/armv6-m\libgcc.a(eqsf2.o)
                0x08001f08                __eqsf2
                0x08001f08                __nesf2
 .text          0x08001f54       0x80 c:/program files (x86)/atollic/truestudio for stm32 9.3.0/armtools/bin/../lib/gcc/arm-atollic-eabi/6.3.1/armv6-m\libgcc.a(gesf2.o)
                0x08001f54                __gesf2
                0x08001f54                __gtsf2
 .text          0x08001fd4       0x84 c:/program files (x86)/atollic/truestudio for stm32 9.3.0/armtools/bin/../lib/gcc/arm-atollic-eabi/6.3.1/armv6-m\libgcc.a(lesf2.o)
                0x08001fd4                __ltsf2
                0x08001fd4                __lesf2
 *(.text*)
 .text.ReadFromFlash
                0x08002058       0x8c src\FLASH.o
                0x08002058                ReadFromFlash
 .text.NVIC_EnableIRQ
                0x080020e4       0x2c src\NTC_10k_using_ADC.o
 .text.NVIC_SetPriority
                0x08002110       0xdc src\NTC_10k_using_ADC.o
 .text.DMA1_Channel1_IRQHandler
                0x080021ec       0x24 src\NTC_10k_using_ADC.o
                0x080021ec                DMA1_Channel1_IRQHandler
 .text.ADC_init
                0x08002210       0xe4 src\NTC_10k_using_ADC.o
                0x08002210                ADC_init
 .text.init_TIM15_as_TRGO
                0x080022f4       0x4c src\NTC_10k_using_ADC.o
                0x080022f4                init_TIM15_as_TRGO
 .text.DMA_for_ADC_init
                0x08002340       0x6c src\NTC_10k_using_ADC.o
                0x08002340                DMA_for_ADC_init
 .text.NVIC_EnableIRQ
                0x080023ac       0x2c src\SPI_for_TFT.o
 .text.NVIC_SetPriority
                0x080023d8       0xdc src\SPI_for_TFT.o
 .text.DMA1_Channel2_3_IRQHandler
                0x080024b4       0x3c src\SPI_for_TFT.o
                0x080024b4                DMA1_Channel2_3_IRQHandler
 .text.init_GPIO_for_SPI
                0x080024f0       0x58 src\SPI_for_TFT.o
                0x080024f0                init_GPIO_for_SPI
 .text.SPI1_Master_init
                0x08002548       0x84 src\SPI_for_TFT.o
                0x08002548                SPI1_Master_init
 .text.SPI1_setDataSize
                0x080025cc       0x6c src\SPI_for_TFT.o
                0x080025cc                SPI1_setDataSize
 .text.SPI_cs_set
                0x08002638       0x1a src\SPI_for_TFT.o
                0x08002638                SPI_cs_set
 .text.SPI_cs_clear
                0x08002652       0x1a src\SPI_for_TFT.o
                0x08002652                SPI_cs_clear
 .text.DMA_for_SPI_init
                0x0800266c       0x64 src\SPI_for_TFT.o
                0x0800266c                DMA_for_SPI_init
 .text.SPI1_SendDataDMA_2byteNTimes
                0x080026d0       0x88 src\SPI_for_TFT.o
                0x080026d0                SPI1_SendDataDMA_2byteNTimes
 .text.SPI1_SendDataDMA
                0x08002758       0x7c src\SPI_for_TFT.o
                0x08002758                SPI1_SendDataDMA
 .text.SPI1_Send1byte
                0x080027d4       0x8c src\SPI_for_TFT.o
                0x080027d4                SPI1_Send1byte
 .text.display_temperature
                0x08002860      0x198 src\TFT_display_temperature.o
                0x08002860                display_temperature
 .text.Symbol_Distribution_clear
                0x080029f8       0x64 src\TFT_display_temperature.o
                0x080029f8                Symbol_Distribution_clear
 .text.Parse_temperature
                0x08002a5c      0x208 src\TFT_display_temperature.o
                0x08002a5c                Parse_temperature
 .text.Symbol_distribution_add_char
                0x08002c64       0x44 src\TFT_display_temperature.o
                0x08002c64                Symbol_distribution_add_char
 .text.Choose_symbol_for_draw
                0x08002ca8      0x284 src\TFT_display_temperature.o
                0x08002ca8                Choose_symbol_for_draw
 .text.TFT_draw_symbol
                0x08002f2c      0x200 src\TFT_display_temperature.o
                0x08002f2c                TFT_draw_symbol
 .text.TFT_reset_temperature
                0x0800312c       0x4c src\TFT_display_temperature.o
                0x0800312c                TFT_reset_temperature
 .text.TFT_init
                0x08003178       0x50 src\TFT_through_SPI.o
                0x08003178                TFT_init
 .text.TFT_reset
                0x080031c8       0x1a src\TFT_through_SPI.o
                0x080031c8                TFT_reset
 *fill*         0x080031e2        0x2 
 .text.TFT_cmd_sleep_out
                0x080031e4       0x3c src\TFT_through_SPI.o
                0x080031e4                TFT_cmd_sleep_out
 .text.TFT_display_normal_mode
                0x08003220       0x22 src\TFT_through_SPI.o
                0x08003220                TFT_display_normal_mode
 .text.TFT_display_on
                0x08003242       0x14 src\TFT_through_SPI.o
                0x08003242                TFT_display_on
 .text.TFT_pixel_format
                0x08003256       0x20 src\TFT_through_SPI.o
                0x08003256                TFT_pixel_format
 .text.Set_DC_cmd
                0x08003276       0x30 src\TFT_through_SPI.o
                0x08003276                Set_DC_cmd
 .text.Set_DC_data
                0x080032a6       0x30 src\TFT_through_SPI.o
                0x080032a6                Set_DC_data
 *fill*         0x080032d6        0x2 
 .text.TFT_clearAllDisplay
                0x080032d8       0xc0 src\TFT_through_SPI.o
                0x080032d8                TFT_clearAllDisplay
 .text.TFT_clearPartDisplay
                0x08003398       0x74 src\TFT_through_SPI.o
                0x08003398                TFT_clearPartDisplay
 .text.TFT_set_region
                0x0800340c       0x88 src\TFT_through_SPI.o
                0x0800340c                TFT_set_region
 .text.TFT_colorise
                0x08003494       0x94 src\TFT_through_SPI.o
                0x08003494                TFT_colorise
 .text.TFT_send_cmd
                0x08003528       0x48 src\TFT_through_SPI.o
                0x08003528                TFT_send_cmd
 .text.TFT_ram_write
                0x08003570       0x26 src\TFT_through_SPI.o
                0x08003570                TFT_ram_write
 .text.TFT_set_column
                0x08003596       0x60 src\TFT_through_SPI.o
                0x08003596                TFT_set_column
 .text.TFT_set_row
                0x080035f6       0x60 src\TFT_through_SPI.o
                0x080035f6                TFT_set_row
 *fill*         0x08003656        0x2 
 .text.NVIC_EnableIRQ
                0x08003658       0x2c src\UART_for_PC.o
 .text.NVIC_SetPriority
                0x08003684       0xdc src\UART_for_PC.o
 .text.DMA1_Channel4_5_IRQHandler
                0x08003760       0x68 src\UART_for_PC.o
                0x08003760                DMA1_Channel4_5_IRQHandler
 .text.init_GPIO_for_USART
                0x080037c8       0x54 src\UART_for_PC.o
                0x080037c8                init_GPIO_for_USART
 .text.init_USART
                0x0800381c       0x64 src\UART_for_PC.o
                0x0800381c                init_USART
 .text.init_DMA_for_USART
                0x08003880       0xcc src\UART_for_PC.o
                0x08003880                init_DMA_for_USART
 .text.UART_send_temperature
                0x0800394c       0xa0 src\UART_for_PC.o
                0x0800394c                UART_send_temperature
 .text.NVIC_EnableIRQ
                0x080039ec       0x2c src\ds18b20.o
 .text.NVIC_SetPriority
                0x08003a18       0xdc src\ds18b20.o
 .text.TIM2_IRQHandler
                0x08003af4       0x3c src\ds18b20.o
                0x08003af4                TIM2_IRQHandler
 .text.init_ds  0x08003b30       0x16 src\ds18b20.o
                0x08003b30                init_ds
 *fill*         0x08003b46        0x2 
 .text.init_Gpio_for_ds
                0x08003b48       0x4c src\ds18b20.o
                0x08003b48                init_Gpio_for_ds
 .text.init_tim3_for_us
                0x08003b94       0x34 src\ds18b20.o
                0x08003b94                init_tim3_for_us
 .text.init_tim2_for_delay
                0x08003bc8       0x58 src\ds18b20.o
                0x08003bc8                init_tim2_for_delay
 .text.ds_reset_pulse
                0x08003c20       0x90 src\ds18b20.o
                0x08003c20                ds_reset_pulse
 .text.ds_write_bit
                0x08003cb0       0x6c src\ds18b20.o
                0x08003cb0                ds_write_bit
 .text.ds_write_byte
                0x08003d1c       0x56 src\ds18b20.o
                0x08003d1c                ds_write_byte
 *fill*         0x08003d72        0x2 
 .text.ds_read_bit
                0x08003d74       0x6c src\ds18b20.o
                0x08003d74                ds_read_bit
 .text.ds_read_byte
                0x08003de0       0x52 src\ds18b20.o
                0x08003de0                ds_read_byte
 .text.TIM_on_1sec
                0x08003e32       0x1a src\ds18b20.o
                0x08003e32                TIM_on_1sec
 .text.temperature_measurment_start
                0x08003e4c       0x24 src\ds18b20.o
                0x08003e4c                temperature_measurment_start
 .text.temprepature_measurment_read
                0x08003e70       0x98 src\ds18b20.o
                0x08003e70                temprepature_measurment_read
 .text.NVIC_EnableIRQ
                0x08003f08       0x2c src\init_TEC_throght_relay.o
 .text.NVIC_SetPriority
                0x08003f34       0xdc src\init_TEC_throght_relay.o
 .text.TIM16_IRQHandler
                0x08004010       0x78 src\init_TEC_throght_relay.o
                0x08004010                TIM16_IRQHandler
 .text.TIM6_DAC_IRQHandler
                0x08004088       0x60 src\init_TEC_throght_relay.o
                0x08004088                TIM6_DAC_IRQHandler
 .text.Relay_regulating
                0x080040e8      0x120 src\init_TEC_throght_relay.o
                0x080040e8                Relay_regulating
 .text.relay_on
                0x08004208       0x1c src\init_TEC_throght_relay.o
                0x08004208                relay_on
 .text.relay_off
                0x08004224       0x1c src\init_TEC_throght_relay.o
                0x08004224                relay_off
 .text.init_GPIO
                0x08004240       0x44 src\init_TEC_throght_relay.o
                0x08004240                init_GPIO
 .text.init_TIM6_for_Regulate_Time
                0x08004284       0x58 src\init_TEC_throght_relay.o
                0x08004284                init_TIM6_for_Regulate_Time
 .text.init_TIM16_for_wait_temp_set
                0x080042dc       0x5c src\init_TEC_throght_relay.o
                0x080042dc                init_TIM16_for_wait_temp_set
 .text.main     0x08004338       0x1a src\main.o
                0x08004338                main
 *fill*         0x08004352        0x2 
 .text.init_periphery
                0x08004354       0x4c src\manage_program.o
                0x08004354                init_periphery
 .text.DS18B20_measure_temperature
                0x080043a0       0x80 src\manage_program.o
                0x080043a0                DS18B20_measure_temperature
 .text.check_UART_cmd
                0x08004420      0x104 src\manage_program.o
                0x08004420                check_UART_cmd
 .text.init_clock
                0x08004524       0xa8 src\manage_program.o
                0x08004524                init_clock
 .text.Reset_Handler
                0x080045cc       0x50 src\startup_stm32f051x8.o
                0x080045cc                Reset_Handler
 .text.Default_Handler
                0x0800461c        0x2 src\startup_stm32f051x8.o
                0x0800461c                TIM1_CC_IRQHandler
                0x0800461c                TSC_IRQHandler
                0x0800461c                HardFault_Handler
                0x0800461c                ADC1_COMP_IRQHandler
                0x0800461c                SysTick_Handler
                0x0800461c                PVD_IRQHandler
                0x0800461c                PendSV_Handler
                0x0800461c                NMI_Handler
                0x0800461c                I2C1_IRQHandler
                0x0800461c                RCC_CRS_IRQHandler
                0x0800461c                SPI1_IRQHandler
                0x0800461c                EXTI2_3_IRQHandler
                0x0800461c                I2C2_IRQHandler
                0x0800461c                TIM17_IRQHandler
                0x0800461c                CEC_CAN_IRQHandler
                0x0800461c                RTC_IRQHandler
                0x0800461c                TIM3_IRQHandler
                0x0800461c                EXTI4_15_IRQHandler
                0x0800461c                Default_Handler
                0x0800461c                TIM14_IRQHandler
                0x0800461c                TIM15_IRQHandler
                0x0800461c                EXTI0_1_IRQHandler
                0x0800461c                SPI2_IRQHandler
                0x0800461c                SVC_Handler
                0x0800461c                WWDG_IRQHandler
                0x0800461c                USART2_IRQHandler
                0x0800461c                FLASH_IRQHandler
                0x0800461c                USART1_IRQHandler
                0x0800461c                TIM1_BRK_UP_TRG_COM_IRQHandler
 *fill*         0x0800461e        0x2 
 .text.SystemInit
                0x08004620       0x88 src\system_stm32f0xx.o
                0x08004620                SystemInit
 .text.SystemCoreClockUpdate
                0x080046a8       0xd8 src\system_stm32f0xx.o
                0x080046a8                SystemCoreClockUpdate
 .text.__libc_init_array
                0x08004780       0x48 c:/program files (x86)/atollic/truestudio for stm32 9.3.0/armtools/bin/../lib/gcc/arm-atollic-eabi/6.3.1/../../../../arm-atollic-eabi/lib/armv6-m\libc_nano.a(lib_a-init.o)
                0x08004780                __libc_init_array
 .text.fmod     0x080047c8       0xc4 c:/program files (x86)/atollic/truestudio for stm32 9.3.0/armtools/bin/../lib/gcc/arm-atollic-eabi/6.3.1/../../../../arm-atollic-eabi/lib/armv6-m\libm.a(lib_a-w_fmod.o)
                0x080047c8                fmod
 .text.__ieee754_fmod
                0x0800488c      0x21c c:/program files (x86)/atollic/truestudio for stm32 9.3.0/armtools/bin/../lib/gcc/arm-atollic-eabi/6.3.1/../../../../arm-atollic-eabi/lib/armv6-m\libm.a(lib_a-e_fmod.o)
                0x0800488c                __ieee754_fmod
 .text.matherr  0x08004aa8        0x4 c:/program files (x86)/atollic/truestudio for stm32 9.3.0/armtools/bin/../lib/gcc/arm-atollic-eabi/6.3.1/../../../../arm-atollic-eabi/lib/armv6-m\libm.a(lib_a-s_matherr.o)
                0x08004aa8                matherr
 .text.__errno  0x08004aac        0xc c:/program files (x86)/atollic/truestudio for stm32 9.3.0/armtools/bin/../lib/gcc/arm-atollic-eabi/6.3.1/../../../../arm-atollic-eabi/lib/armv6-m\libc_nano.a(lib_a-errno.o)
                0x08004aac                __errno
 *(.glue_7)
 .glue_7        0x08004ab8        0x0 linker stubs
 *(.glue_7t)
 .glue_7t       0x08004ab8        0x0 linker stubs
 *(.eh_frame)
 .eh_frame      0x08004ab8        0x0 c:/program files (x86)/atollic/truestudio for stm32 9.3.0/armtools/bin/../lib/gcc/arm-atollic-eabi/6.3.1/armv6-m/crtbegin.o
 *(.init)
 .init          0x08004ab8        0x4 c:/program files (x86)/atollic/truestudio for stm32 9.3.0/armtools/bin/../lib/gcc/arm-atollic-eabi/6.3.1/armv6-m/crti.o
                0x08004ab8                _init
 .init          0x08004abc        0x8 c:/program files (x86)/atollic/truestudio for stm32 9.3.0/armtools/bin/../lib/gcc/arm-atollic-eabi/6.3.1/armv6-m/crtn.o
 *(.fini)
 .fini          0x08004ac4        0x4 c:/program files (x86)/atollic/truestudio for stm32 9.3.0/armtools/bin/../lib/gcc/arm-atollic-eabi/6.3.1/armv6-m/crti.o
                0x08004ac4                _fini
 .fini          0x08004ac8        0x8 c:/program files (x86)/atollic/truestudio for stm32 9.3.0/armtools/bin/../lib/gcc/arm-atollic-eabi/6.3.1/armv6-m/crtn.o
                0x08004ad0                . = ALIGN (0x4)
                0x08004ad0                _etext = .

.vfp11_veneer   0x08004ad0        0x0
 .vfp11_veneer  0x08004ad0        0x0 linker stubs

.v4_bx          0x08004ad0        0x0
 .v4_bx         0x08004ad0        0x0 linker stubs

.iplt           0x08004ad0        0x0
 .iplt          0x08004ad0        0x0 c:/program files (x86)/atollic/truestudio for stm32 9.3.0/armtools/bin/../lib/gcc/arm-atollic-eabi/6.3.1/armv6-m/crtbegin.o

.rodata         0x08004ad0      0x150
                0x08004ad0                . = ALIGN (0x4)
 *(.rodata)
 .rodata        0x08004ad0       0x40 c:/program files (x86)/atollic/truestudio for stm32 9.3.0/armtools/bin/../lib/gcc/arm-atollic-eabi/6.3.1/armv6-m\libgcc.a(mulsf3.o)
 .rodata        0x08004b10       0x40 c:/program files (x86)/atollic/truestudio for stm32 9.3.0/armtools/bin/../lib/gcc/arm-atollic-eabi/6.3.1/armv6-m\libgcc.a(divdf3.o)
 .rodata        0x08004b50       0x40 c:/program files (x86)/atollic/truestudio for stm32 9.3.0/armtools/bin/../lib/gcc/arm-atollic-eabi/6.3.1/armv6-m\libgcc.a(muldf3.o)
 *(.rodata*)
 .rodata.Choose_symbol_for_draw
                0x08004b90       0x50 src\TFT_display_temperature.o
 .rodata.Relay_regulating
                0x08004be0       0x18 src\init_TEC_throght_relay.o
 .rodata.AHBPrescTable
                0x08004bf8       0x10 src\system_stm32f0xx.o
                0x08004bf8                AHBPrescTable
 .rodata.fmod.str1.1
                0x08004c08        0x5 c:/program files (x86)/atollic/truestudio for stm32 9.3.0/armtools/bin/../lib/gcc/arm-atollic-eabi/6.3.1/../../../../arm-atollic-eabi/lib/armv6-m\libm.a(lib_a-w_fmod.o)
 *fill*         0x08004c0d        0x3 
 .rodata.Zero   0x08004c10       0x10 c:/program files (x86)/atollic/truestudio for stm32 9.3.0/armtools/bin/../lib/gcc/arm-atollic-eabi/6.3.1/../../../../arm-atollic-eabi/lib/armv6-m\libm.a(lib_a-e_fmod.o)
                0x08004c20                . = ALIGN (0x4)

.rel.dyn        0x08004c20        0x0
 .rel.iplt      0x08004c20        0x0 c:/program files (x86)/atollic/truestudio for stm32 9.3.0/armtools/bin/../lib/gcc/arm-atollic-eabi/6.3.1/armv6-m/crtbegin.o

.ARM.extab
 *(.ARM.extab* .gnu.linkonce.armextab.*)

.ARM            0x08004c20        0x0
                0x08004c20                __exidx_start = .
 *(.ARM.exidx*)
                0x08004c20                __exidx_end = .

.preinit_array  0x08004c20        0x0
                0x08004c20                PROVIDE (__preinit_array_start, .)
 *(.preinit_array*)
                0x08004c20                PROVIDE (__preinit_array_end, .)

.init_array     0x08004c20        0x4
                0x08004c20                PROVIDE (__init_array_start, .)
 *(SORT(.init_array.*))
 *(.init_array*)
 .init_array    0x08004c20        0x4 c:/program files (x86)/atollic/truestudio for stm32 9.3.0/armtools/bin/../lib/gcc/arm-atollic-eabi/6.3.1/armv6-m/crtbegin.o
                0x08004c24                PROVIDE (__init_array_end, .)

.fini_array     0x08004c24        0x4
                [!provide]                PROVIDE (__fini_array_start, .)
 *(SORT(.fini_array.*))
 *(.fini_array*)
 .fini_array    0x08004c24        0x4 c:/program files (x86)/atollic/truestudio for stm32 9.3.0/armtools/bin/../lib/gcc/arm-atollic-eabi/6.3.1/armv6-m/crtbegin.o
                [!provide]                PROVIDE (__fini_array_end, .)
                0x08004c28                _sidata = LOADADDR (.data)

.data           0x20000000       0x6c load address 0x08004c28
                0x20000000                . = ALIGN (0x4)
                0x20000000                _sdata = .
 *(.data)
 *(.data*)
 .data.SystemCoreClock
                0x20000000        0x4 src\system_stm32f0xx.o
                0x20000000                SystemCoreClock
 .data.__fdlib_version
                0x20000004        0x1 c:/program files (x86)/atollic/truestudio for stm32 9.3.0/armtools/bin/../lib/gcc/arm-atollic-eabi/6.3.1/../../../../arm-atollic-eabi/lib/armv6-m\libm.a(lib_a-s_lib_ver.o)
                0x20000004                __fdlib_version
 *fill*         0x20000005        0x3 
 .data._impure_ptr
                0x20000008        0x4 c:/program files (x86)/atollic/truestudio for stm32 9.3.0/armtools/bin/../lib/gcc/arm-atollic-eabi/6.3.1/../../../../arm-atollic-eabi/lib/armv6-m\libc_nano.a(lib_a-impure.o)
                0x20000008                _impure_ptr
 .data.impure_data
                0x2000000c       0x60 c:/program files (x86)/atollic/truestudio for stm32 9.3.0/armtools/bin/../lib/gcc/arm-atollic-eabi/6.3.1/../../../../arm-atollic-eabi/lib/armv6-m\libc_nano.a(lib_a-impure.o)
                0x2000006c                . = ALIGN (0x4)
                0x2000006c                _edata = .

.igot.plt       0x2000006c        0x0 load address 0x08004c94
 .igot.plt      0x2000006c        0x0 c:/program files (x86)/atollic/truestudio for stm32 9.3.0/armtools/bin/../lib/gcc/arm-atollic-eabi/6.3.1/armv6-m/crtbegin.o
                0x2000006c                . = ALIGN (0x4)

.bss            0x20000070      0xcec load address 0x08004c94
                0x20000070                _sbss = .
                0x20000070                __bss_start__ = _sbss
 *(.bss)
 .bss           0x20000070       0x1c c:/program files (x86)/atollic/truestudio for stm32 9.3.0/armtools/bin/../lib/gcc/arm-atollic-eabi/6.3.1/armv6-m/crtbegin.o
 *(.bss*)
 .bss.cycle_start
                0x2000008c        0x1 src\NTC_10k_using_ADC.o
                0x2000008c                cycle_start
 .bss.previous_full_width_curr_temp
                0x2000008d        0x1 src\TFT_display_temperature.o
                0x2000008d                previous_full_width_curr_temp
 .bss.previous_full_width_aim_temp
                0x2000008e        0x1 src\TFT_display_temperature.o
                0x2000008e                previous_full_width_aim_temp
 *fill*         0x2000008f        0x1 
 .bss.count_pixels
                0x20000090        0x2 src\TFT_through_SPI.o
 .bss.rx_data_state
                0x20000092        0x1 src\UART_for_PC.o
                0x20000092                rx_data_state
 .bss.program_task
                0x20000093        0x1 src\constant.o
                0x20000093                program_task
 .bss.regulate_status
                0x20000094        0x1 src\constant.o
                0x20000094                regulate_status
 *(COMMON)
 *fill*         0x20000095        0x3 
 COMMON         0x20000098      0xcb8 src\NTC_10k_using_ADC.o
                0x20000098                ADC_Raw
                0x200000a0                Ntc_Tmp
                0x200000a8                UART_tx_buf
                0x200000e8                symbols_distribution
                0x200000f8                Ntc_R
                0x200000fc                UART_rx_buf
                0x20000100                temperatures
                0x20000110                mat_for_symbol
                0x20000510                color_mat
                0x20000d10                buf_tx
 COMMON         0x20000d50        0xc src\ds18b20.o
                0x20000d50                ds_buff
                0x20000d5a                temp
                0x20000d5c                . = ALIGN (0x4)
                0x20000d5c                _ebss = .
                0x20000d5c                __bss_end__ = _ebss

._user_heap_stack
                0x20000d5c       0x80 load address 0x08004c94
                0x20000d5c                . = ALIGN (0x4)
                [!provide]                PROVIDE (end, .)
                [!provide]                PROVIDE (_end, .)
                0x20000d5c                . = (. + _Min_Heap_Size)
                0x20000ddc                . = (. + _Min_Stack_Size)
 *fill*         0x20000d5c       0x80 
                0x20000ddc                . = ALIGN (0x4)

.memory_b1_text
 *(.mb1text)
 *(.mb1text*)
 *(.mb1rodata)
 *(.mb1rodata*)

/DISCARD/
 libc.a(*)
 libm.a(*)
 libgcc.a(*)

.ARM.attributes
                0x00000000       0x28
 *(.ARM.attributes)
 .ARM.attributes
                0x00000000       0x1e c:/program files (x86)/atollic/truestudio for stm32 9.3.0/armtools/bin/../lib/gcc/arm-atollic-eabi/6.3.1/armv6-m/crti.o
 .ARM.attributes
                0x0000001e       0x2c c:/program files (x86)/atollic/truestudio for stm32 9.3.0/armtools/bin/../lib/gcc/arm-atollic-eabi/6.3.1/armv6-m/crtbegin.o
 .ARM.attributes
                0x0000004a       0x31 src\FLASH.o
 .ARM.attributes
                0x0000007b       0x31 src\NTC_10k_using_ADC.o
 .ARM.attributes
                0x000000ac       0x31 src\SPI_for_TFT.o
 .ARM.attributes
                0x000000dd       0x31 src\TFT_display_temperature.o
 .ARM.attributes
                0x0000010e       0x31 src\TFT_through_SPI.o
 .ARM.attributes
                0x0000013f       0x31 src\UART_for_PC.o
 .ARM.attributes
                0x00000170       0x31 src\constant.o
 .ARM.attributes
                0x000001a1       0x31 src\ds18b20.o
 .ARM.attributes
                0x000001d2       0x31 src\init_TEC_throght_relay.o
 .ARM.attributes
                0x00000203       0x31 src\main.o
 .ARM.attributes
                0x00000234       0x31 src\manage_program.o
 .ARM.attributes
                0x00000265       0x21 src\startup_stm32f051x8.o
 .ARM.attributes
                0x00000286       0x31 src\system_stm32f0xx.o
 .ARM.attributes
                0x000002b7       0x2c c:/program files (x86)/atollic/truestudio for stm32 9.3.0/armtools/bin/../lib/gcc/arm-atollic-eabi/6.3.1/../../../../arm-atollic-eabi/lib/armv6-m\libc_nano.a(lib_a-init.o)
 .ARM.attributes
                0x000002e3       0x2c c:/program files (x86)/atollic/truestudio for stm32 9.3.0/armtools/bin/../lib/gcc/arm-atollic-eabi/6.3.1/../../../../arm-atollic-eabi/lib/armv6-m\libm.a(lib_a-w_fmod.o)
 .ARM.attributes
                0x0000030f       0x2c c:/program files (x86)/atollic/truestudio for stm32 9.3.0/armtools/bin/../lib/gcc/arm-atollic-eabi/6.3.1/../../../../arm-atollic-eabi/lib/armv6-m\libm.a(lib_a-e_fmod.o)
 .ARM.attributes
                0x0000033b       0x2c c:/program files (x86)/atollic/truestudio for stm32 9.3.0/armtools/bin/../lib/gcc/arm-atollic-eabi/6.3.1/../../../../arm-atollic-eabi/lib/armv6-m\libm.a(lib_a-s_lib_ver.o)
 .ARM.attributes
                0x00000367       0x2c c:/program files (x86)/atollic/truestudio for stm32 9.3.0/armtools/bin/../lib/gcc/arm-atollic-eabi/6.3.1/../../../../arm-atollic-eabi/lib/armv6-m\libm.a(lib_a-s_matherr.o)
 .ARM.attributes
                0x00000393       0x2c c:/program files (x86)/atollic/truestudio for stm32 9.3.0/armtools/bin/../lib/gcc/arm-atollic-eabi/6.3.1/../../../../arm-atollic-eabi/lib/armv6-m\libc_nano.a(lib_a-errno.o)
 .ARM.attributes
                0x000003bf       0x2c c:/program files (x86)/atollic/truestudio for stm32 9.3.0/armtools/bin/../lib/gcc/arm-atollic-eabi/6.3.1/../../../../arm-atollic-eabi/lib/armv6-m\libc_nano.a(lib_a-impure.o)
 .ARM.attributes
                0x000003eb       0x1e c:/program files (x86)/atollic/truestudio for stm32 9.3.0/armtools/bin/../lib/gcc/arm-atollic-eabi/6.3.1/armv6-m\libgcc.a(_udivsi3.o)
 .ARM.attributes
                0x00000409       0x1e c:/program files (x86)/atollic/truestudio for stm32 9.3.0/armtools/bin/../lib/gcc/arm-atollic-eabi/6.3.1/armv6-m\libgcc.a(_dvmd_tls.o)
 .ARM.attributes
                0x00000427       0x1e c:/program files (x86)/atollic/truestudio for stm32 9.3.0/armtools/bin/../lib/gcc/arm-atollic-eabi/6.3.1/armv6-m\libgcc.a(_arm_cmpdf2.o)
 .ARM.attributes
                0x00000445       0x2c c:/program files (x86)/atollic/truestudio for stm32 9.3.0/armtools/bin/../lib/gcc/arm-atollic-eabi/6.3.1/armv6-m\libgcc.a(_fixunssfsi.o)
 .ARM.attributes
                0x00000471       0x2c c:/program files (x86)/atollic/truestudio for stm32 9.3.0/armtools/bin/../lib/gcc/arm-atollic-eabi/6.3.1/armv6-m\libgcc.a(mulsf3.o)
 .ARM.attributes
                0x0000049d       0x2c c:/program files (x86)/atollic/truestudio for stm32 9.3.0/armtools/bin/../lib/gcc/arm-atollic-eabi/6.3.1/armv6-m\libgcc.a(subsf3.o)
 .ARM.attributes
                0x000004c9       0x2c c:/program files (x86)/atollic/truestudio for stm32 9.3.0/armtools/bin/../lib/gcc/arm-atollic-eabi/6.3.1/armv6-m\libgcc.a(fixsfsi.o)
 .ARM.attributes
                0x000004f5       0x2c c:/program files (x86)/atollic/truestudio for stm32 9.3.0/armtools/bin/../lib/gcc/arm-atollic-eabi/6.3.1/armv6-m\libgcc.a(divdf3.o)
 .ARM.attributes
                0x00000521       0x2c c:/program files (x86)/atollic/truestudio for stm32 9.3.0/armtools/bin/../lib/gcc/arm-atollic-eabi/6.3.1/armv6-m\libgcc.a(eqdf2.o)
 .ARM.attributes
                0x0000054d       0x2c c:/program files (x86)/atollic/truestudio for stm32 9.3.0/armtools/bin/../lib/gcc/arm-atollic-eabi/6.3.1/armv6-m\libgcc.a(gedf2.o)
 .ARM.attributes
                0x00000579       0x2c c:/program files (x86)/atollic/truestudio for stm32 9.3.0/armtools/bin/../lib/gcc/arm-atollic-eabi/6.3.1/armv6-m\libgcc.a(ledf2.o)
 .ARM.attributes
                0x000005a5       0x2c c:/program files (x86)/atollic/truestudio for stm32 9.3.0/armtools/bin/../lib/gcc/arm-atollic-eabi/6.3.1/armv6-m\libgcc.a(muldf3.o)
 .ARM.attributes
                0x000005d1       0x2c c:/program files (x86)/atollic/truestudio for stm32 9.3.0/armtools/bin/../lib/gcc/arm-atollic-eabi/6.3.1/armv6-m\libgcc.a(subdf3.o)
 .ARM.attributes
                0x000005fd       0x2c c:/program files (x86)/atollic/truestudio for stm32 9.3.0/armtools/bin/../lib/gcc/arm-atollic-eabi/6.3.1/armv6-m\libgcc.a(unorddf2.o)
 .ARM.attributes
                0x00000629       0x2c c:/program files (x86)/atollic/truestudio for stm32 9.3.0/armtools/bin/../lib/gcc/arm-atollic-eabi/6.3.1/armv6-m\libgcc.a(fixdfsi.o)
 .ARM.attributes
                0x00000655       0x2c c:/program files (x86)/atollic/truestudio for stm32 9.3.0/armtools/bin/../lib/gcc/arm-atollic-eabi/6.3.1/armv6-m\libgcc.a(floatsidf.o)
 .ARM.attributes
                0x00000681       0x2c c:/program files (x86)/atollic/truestudio for stm32 9.3.0/armtools/bin/../lib/gcc/arm-atollic-eabi/6.3.1/armv6-m\libgcc.a(truncdfsf2.o)
 .ARM.attributes
                0x000006ad       0x1e c:/program files (x86)/atollic/truestudio for stm32 9.3.0/armtools/bin/../lib/gcc/arm-atollic-eabi/6.3.1/armv6-m\libgcc.a(_arm_cmpsf2.o)
 .ARM.attributes
                0x000006cb       0x1e c:/program files (x86)/atollic/truestudio for stm32 9.3.0/armtools/bin/../lib/gcc/arm-atollic-eabi/6.3.1/armv6-m\libgcc.a(_clzsi2.o)
 .ARM.attributes
                0x000006e9       0x2c c:/program files (x86)/atollic/truestudio for stm32 9.3.0/armtools/bin/../lib/gcc/arm-atollic-eabi/6.3.1/armv6-m\libgcc.a(eqsf2.o)
 .ARM.attributes
                0x00000715       0x2c c:/program files (x86)/atollic/truestudio for stm32 9.3.0/armtools/bin/../lib/gcc/arm-atollic-eabi/6.3.1/armv6-m\libgcc.a(gesf2.o)
 .ARM.attributes
                0x00000741       0x2c c:/program files (x86)/atollic/truestudio for stm32 9.3.0/armtools/bin/../lib/gcc/arm-atollic-eabi/6.3.1/armv6-m\libgcc.a(lesf2.o)
 .ARM.attributes
                0x0000076d       0x1e c:/program files (x86)/atollic/truestudio for stm32 9.3.0/armtools/bin/../lib/gcc/arm-atollic-eabi/6.3.1/armv6-m/crtn.o
OUTPUT(Thermostat.elf elf32-littlearm)

.debug_info     0x00000000     0x6f0d
 .debug_info    0x00000000      0x2a6 src\FLASH.o
 .debug_info    0x000002a6     0x127e src\NTC_10k_using_ADC.o
 .debug_info    0x00001524      0x986 src\SPI_for_TFT.o
 .debug_info    0x00001eaa      0xe03 src\TFT_display_temperature.o
 .debug_info    0x00002cad      0x737 src\TFT_through_SPI.o
 .debug_info    0x000033e4      0x934 src\UART_for_PC.o
 .debug_info    0x00003d18      0x284 src\constant.o
 .debug_info    0x00003f9c      0x9ae src\ds18b20.o
 .debug_info    0x0000494a      0x899 src\init_TEC_throght_relay.o
 .debug_info    0x000051e3      0xbf6 src\main.o
 .debug_info    0x00005dd9      0xe6b src\manage_program.o
 .debug_info    0x00006c44       0x7f src\startup_stm32f051x8.o
 .debug_info    0x00006cc3      0x24a src\system_stm32f0xx.o

.debug_abbrev   0x00000000     0x15f7
 .debug_abbrev  0x00000000      0x129 src\FLASH.o
 .debug_abbrev  0x00000129      0x276 src\NTC_10k_using_ADC.o
 .debug_abbrev  0x0000039f      0x238 src\SPI_for_TFT.o
 .debug_abbrev  0x000005d7      0x262 src\TFT_display_temperature.o
 .debug_abbrev  0x00000839      0x1d7 src\TFT_through_SPI.o
 .debug_abbrev  0x00000a10      0x227 src\UART_for_PC.o
 .debug_abbrev  0x00000c37       0xaf src\constant.o
 .debug_abbrev  0x00000ce6      0x263 src\ds18b20.o
 .debug_abbrev  0x00000f49      0x1dd src\init_TEC_throght_relay.o
 .debug_abbrev  0x00001126      0x1c1 src\main.o
 .debug_abbrev  0x000012e7      0x201 src\manage_program.o
 .debug_abbrev  0x000014e8       0x12 src\startup_stm32f051x8.o
 .debug_abbrev  0x000014fa       0xfd src\system_stm32f0xx.o

.debug_aranges  0x00000000      0x408
 .debug_aranges
                0x00000000       0x40 src\FLASH.o
 .debug_aranges
                0x00000040       0x48 src\NTC_10k_using_ADC.o
 .debug_aranges
                0x00000088       0x78 src\SPI_for_TFT.o
 .debug_aranges
                0x00000100       0x50 src\TFT_display_temperature.o
 .debug_aranges
                0x00000150       0xa8 src\TFT_through_SPI.o
 .debug_aranges
                0x000001f8       0x50 src\UART_for_PC.o
 .debug_aranges
                0x00000248       0x18 src\constant.o
 .debug_aranges
                0x00000260       0x90 src\ds18b20.o
 .debug_aranges
                0x000002f0       0x68 src\init_TEC_throght_relay.o
 .debug_aranges
                0x00000358       0x20 src\main.o
 .debug_aranges
                0x00000378       0x40 src\manage_program.o
 .debug_aranges
                0x000003b8       0x28 src\startup_stm32f051x8.o
 .debug_aranges
                0x000003e0       0x28 src\system_stm32f0xx.o

.debug_ranges   0x00000000      0x338
 .debug_ranges  0x00000000       0x30 src\FLASH.o
 .debug_ranges  0x00000030       0x38 src\NTC_10k_using_ADC.o
 .debug_ranges  0x00000068       0x68 src\SPI_for_TFT.o
 .debug_ranges  0x000000d0       0x40 src\TFT_display_temperature.o
 .debug_ranges  0x00000110       0x98 src\TFT_through_SPI.o
 .debug_ranges  0x000001a8       0x40 src\UART_for_PC.o
 .debug_ranges  0x000001e8       0x80 src\ds18b20.o
 .debug_ranges  0x00000268       0x58 src\init_TEC_throght_relay.o
 .debug_ranges  0x000002c0       0x10 src\main.o
 .debug_ranges  0x000002d0       0x30 src\manage_program.o
 .debug_ranges  0x00000300       0x20 src\startup_stm32f051x8.o
 .debug_ranges  0x00000320       0x18 src\system_stm32f0xx.o

.debug_line     0x00000000     0x22ce
 .debug_line    0x00000000      0x222 src\FLASH.o
 .debug_line    0x00000222      0x391 src\NTC_10k_using_ADC.o
 .debug_line    0x000005b3      0x304 src\SPI_for_TFT.o
 .debug_line    0x000008b7      0x40e src\TFT_display_temperature.o
 .debug_line    0x00000cc5      0x349 src\TFT_through_SPI.o
 .debug_line    0x0000100e      0x28a src\UART_for_PC.o
 .debug_line    0x00001298      0x15a src\constant.o
 .debug_line    0x000013f2      0x378 src\ds18b20.o
 .debug_line    0x0000176a      0x2b2 src\init_TEC_throght_relay.o
 .debug_line    0x00001a1c      0x2e2 src\main.o
 .debug_line    0x00001cfe      0x399 src\manage_program.o
 .debug_line    0x00002097       0x7f src\startup_stm32f051x8.o
 .debug_line    0x00002116      0x1b8 src\system_stm32f0xx.o

.debug_str      0x00000000     0x13f8
 .debug_str     0x00000000      0x24e src\FLASH.o
                                0x2a6 (size before relaxing)
 .debug_str     0x0000024e      0x9f8 src\NTC_10k_using_ADC.o
                                0xc45 (size before relaxing)
 .debug_str     0x00000c46      0x11b src\SPI_for_TFT.o
                                0x79c (size before relaxing)
 .debug_str     0x00000d61      0x1bc src\TFT_display_temperature.o
                                0xa09 (size before relaxing)
 .debug_str     0x00000f1d      0x175 src\TFT_through_SPI.o
                                0x4f4 (size before relaxing)
 .debug_str     0x00001092       0xce src\UART_for_PC.o
                                0x75c (size before relaxing)
 .debug_str     0x00001160       0x12 src\constant.o
                                0x355 (size before relaxing)
 .debug_str     0x00001172       0xf0 src\ds18b20.o
                                0x784 (size before relaxing)
 .debug_str     0x00001262       0xb6 src\init_TEC_throght_relay.o
                                0x73f (size before relaxing)
 .debug_str     0x00001318       0x13 src\main.o
                                0x87f (size before relaxing)
 .debug_str     0x0000132b       0x73 src\manage_program.o
                                0x9aa (size before relaxing)
 .debug_str     0x0000139e       0x5a src\system_stm32f0xx.o
                                0x26e (size before relaxing)

.comment        0x00000000       0x7c
 .comment       0x00000000       0x7c src\FLASH.o
                                 0x7d (size before relaxing)
 .comment       0x0000007c       0x7d src\NTC_10k_using_ADC.o
 .comment       0x0000007c       0x7d src\SPI_for_TFT.o
 .comment       0x0000007c       0x7d src\TFT_display_temperature.o
 .comment       0x0000007c       0x7d src\TFT_through_SPI.o
 .comment       0x0000007c       0x7d src\UART_for_PC.o
 .comment       0x0000007c       0x7d src\constant.o
 .comment       0x0000007c       0x7d src\ds18b20.o
 .comment       0x0000007c       0x7d src\init_TEC_throght_relay.o
 .comment       0x0000007c       0x7d src\main.o
 .comment       0x0000007c       0x7d src\manage_program.o
 .comment       0x0000007c       0x7d src\system_stm32f0xx.o

.debug_frame    0x00000000      0xf90
 .debug_frame   0x00000000       0xa8 src\FLASH.o
 .debug_frame   0x000000a8       0xc4 src\NTC_10k_using_ADC.o
 .debug_frame   0x0000016c      0x180 src\SPI_for_TFT.o
 .debug_frame   0x000002ec       0xf4 src\TFT_display_temperature.o
 .debug_frame   0x000003e0      0x248 src\TFT_through_SPI.o
 .debug_frame   0x00000628       0xe8 src\UART_for_PC.o
 .debug_frame   0x00000710      0x1d8 src\ds18b20.o
 .debug_frame   0x000008e8      0x140 src\init_TEC_throght_relay.o
 .debug_frame   0x00000a28       0x2c src\main.o
 .debug_frame   0x00000a54       0xb0 src\manage_program.o
 .debug_frame   0x00000b04       0x4c src\system_stm32f0xx.o
 .debug_frame   0x00000b50       0x2c c:/program files (x86)/atollic/truestudio for stm32 9.3.0/armtools/bin/../lib/gcc/arm-atollic-eabi/6.3.1/../../../../arm-atollic-eabi/lib/armv6-m\libc_nano.a(lib_a-init.o)
 .debug_frame   0x00000b7c       0x30 c:/program files (x86)/atollic/truestudio for stm32 9.3.0/armtools/bin/../lib/gcc/arm-atollic-eabi/6.3.1/../../../../arm-atollic-eabi/lib/armv6-m\libm.a(lib_a-w_fmod.o)
 .debug_frame   0x00000bac       0x30 c:/program files (x86)/atollic/truestudio for stm32 9.3.0/armtools/bin/../lib/gcc/arm-atollic-eabi/6.3.1/../../../../arm-atollic-eabi/lib/armv6-m\libm.a(lib_a-e_fmod.o)
 .debug_frame   0x00000bdc       0x20 c:/program files (x86)/atollic/truestudio for stm32 9.3.0/armtools/bin/../lib/gcc/arm-atollic-eabi/6.3.1/../../../../arm-atollic-eabi/lib/armv6-m\libm.a(lib_a-s_matherr.o)
 .debug_frame   0x00000bfc       0x20 c:/program files (x86)/atollic/truestudio for stm32 9.3.0/armtools/bin/../lib/gcc/arm-atollic-eabi/6.3.1/../../../../arm-atollic-eabi/lib/armv6-m\libc_nano.a(lib_a-errno.o)
 .debug_frame   0x00000c1c       0x20 c:/program files (x86)/atollic/truestudio for stm32 9.3.0/armtools/bin/../lib/gcc/arm-atollic-eabi/6.3.1/armv6-m\libgcc.a(_udivsi3.o)
 .debug_frame   0x00000c3c       0x28 c:/program files (x86)/atollic/truestudio for stm32 9.3.0/armtools/bin/../lib/gcc/arm-atollic-eabi/6.3.1/armv6-m\libgcc.a(_fixunssfsi.o)
 .debug_frame   0x00000c64       0x3c c:/program files (x86)/atollic/truestudio for stm32 9.3.0/armtools/bin/../lib/gcc/arm-atollic-eabi/6.3.1/armv6-m\libgcc.a(mulsf3.o)
 .debug_frame   0x00000ca0       0x38 c:/program files (x86)/atollic/truestudio for stm32 9.3.0/armtools/bin/../lib/gcc/arm-atollic-eabi/6.3.1/armv6-m\libgcc.a(subsf3.o)
 .debug_frame   0x00000cd8       0x20 c:/program files (x86)/atollic/truestudio for stm32 9.3.0/armtools/bin/../lib/gcc/arm-atollic-eabi/6.3.1/armv6-m\libgcc.a(fixsfsi.o)
 .debug_frame   0x00000cf8       0x3c c:/program files (x86)/atollic/truestudio for stm32 9.3.0/armtools/bin/../lib/gcc/arm-atollic-eabi/6.3.1/armv6-m\libgcc.a(divdf3.o)
 .debug_frame   0x00000d34       0x38 c:/program files (x86)/atollic/truestudio for stm32 9.3.0/armtools/bin/../lib/gcc/arm-atollic-eabi/6.3.1/armv6-m\libgcc.a(eqdf2.o)
 .debug_frame   0x00000d6c       0x38 c:/program files (x86)/atollic/truestudio for stm32 9.3.0/armtools/bin/../lib/gcc/arm-atollic-eabi/6.3.1/armv6-m\libgcc.a(gedf2.o)
 .debug_frame   0x00000da4       0x38 c:/program files (x86)/atollic/truestudio for stm32 9.3.0/armtools/bin/../lib/gcc/arm-atollic-eabi/6.3.1/armv6-m\libgcc.a(ledf2.o)
 .debug_frame   0x00000ddc       0x3c c:/program files (x86)/atollic/truestudio for stm32 9.3.0/armtools/bin/../lib/gcc/arm-atollic-eabi/6.3.1/armv6-m\libgcc.a(muldf3.o)
 .debug_frame   0x00000e18       0x38 c:/program files (x86)/atollic/truestudio for stm32 9.3.0/armtools/bin/../lib/gcc/arm-atollic-eabi/6.3.1/armv6-m\libgcc.a(subdf3.o)
 .debug_frame   0x00000e50       0x2c c:/program files (x86)/atollic/truestudio for stm32 9.3.0/armtools/bin/../lib/gcc/arm-atollic-eabi/6.3.1/armv6-m\libgcc.a(unorddf2.o)
 .debug_frame   0x00000e7c       0x2c c:/program files (x86)/atollic/truestudio for stm32 9.3.0/armtools/bin/../lib/gcc/arm-atollic-eabi/6.3.1/armv6-m\libgcc.a(fixdfsi.o)
 .debug_frame   0x00000ea8       0x2c c:/program files (x86)/atollic/truestudio for stm32 9.3.0/armtools/bin/../lib/gcc/arm-atollic-eabi/6.3.1/armv6-m\libgcc.a(floatsidf.o)
 .debug_frame   0x00000ed4       0x30 c:/program files (x86)/atollic/truestudio for stm32 9.3.0/armtools/bin/../lib/gcc/arm-atollic-eabi/6.3.1/armv6-m\libgcc.a(truncdfsf2.o)
 .debug_frame   0x00000f04       0x2c c:/program files (x86)/atollic/truestudio for stm32 9.3.0/armtools/bin/../lib/gcc/arm-atollic-eabi/6.3.1/armv6-m\libgcc.a(eqsf2.o)
 .debug_frame   0x00000f30       0x30 c:/program files (x86)/atollic/truestudio for stm32 9.3.0/armtools/bin/../lib/gcc/arm-atollic-eabi/6.3.1/armv6-m\libgcc.a(gesf2.o)
 .debug_frame   0x00000f60       0x30 c:/program files (x86)/atollic/truestudio for stm32 9.3.0/armtools/bin/../lib/gcc/arm-atollic-eabi/6.3.1/armv6-m\libgcc.a(lesf2.o)

.stabstr        0x00000000       0x3f
 .stabstr       0x00000000       0x3f c:/program files (x86)/atollic/truestudio for stm32 9.3.0/armtools/bin/../lib/gcc/arm-atollic-eabi/6.3.1/../../../../arm-atollic-eabi/lib/armv6-m\libnosys.a(write.o)

Cross Reference Table

Symbol                                            File
ADC1_COMP_IRQHandler                              src\startup_stm32f051x8.o
ADC_Raw                                           src\manage_program.o
                                                  src\main.o
                                                  src\NTC_10k_using_ADC.o
ADC_init                                          src\NTC_10k_using_ADC.o
                                                  src\manage_program.o
AHBPrescTable                                     src\system_stm32f0xx.o
APBPrescTable                                     src\system_stm32f0xx.o
Buffer_add_to_end                                 src\buffer.o
Buffer_empty                                      src\buffer.o
Buffer_get_from_front                             src\buffer.o
Buffer_is_full                                    src\buffer.o
CEC_CAN_IRQHandler                                src\startup_stm32f051x8.o
Choose_symbol_for_draw                            src\TFT_display_temperature.o
Clear_buffer                                      src\buffer.o
DC_clear                                          src\TFT_through_SPI.o
DC_set                                            src\TFT_through_SPI.o
DMA1_Channel1_IRQHandler                          src\NTC_10k_using_ADC.o
DMA1_Channel2_3_IRQHandler                        src\SPI_for_TFT.o
DMA1_Channel4_5_IRQHandler                        src\UART_for_PC.o
DMA_for_ADC_init                                  src\NTC_10k_using_ADC.o
DMA_for_SPI_init                                  src\SPI_for_TFT.o
DS18B20_measure_temperature                       src\manage_program.o
                                                  src\main.o
Default_Handler                                   src\startup_stm32f051x8.o
EXTI0_1_IRQHandler                                src\startup_stm32f051x8.o
EXTI2_3_IRQHandler                                src\startup_stm32f051x8.o
EXTI4_15_IRQHandler                               src\startup_stm32f051x8.o
Erase_Page                                        src\FLASH.o
FLASH_IRQHandler                                  src\startup_stm32f051x8.o
Flash_unlock                                      src\FLASH.o
HardFault_Handler                                 src\startup_stm32f051x8.o
I2C1_IRQHandler                                   src\startup_stm32f051x8.o
I2C2_IRQHandler                                   src\startup_stm32f051x8.o
InitBuffer                                        src\buffer.o
NMI_Handler                                       src\startup_stm32f051x8.o
NTC_measurment                                    src\manage_program.o
Ntc_R                                             src\manage_program.o
                                                  src\main.o
                                                  src\NTC_10k_using_ADC.o
Ntc_Tmp                                           src\manage_program.o
                                                  src\main.o
                                                  src\NTC_10k_using_ADC.o
PVD_IRQHandler                                    src\startup_stm32f051x8.o
Parse_temperature                                 src\TFT_display_temperature.o
PendSV_Handler                                    src\startup_stm32f051x8.o
RCC_CRS_IRQHandler                                src\startup_stm32f051x8.o
RTC_IRQHandler                                    src\startup_stm32f051x8.o
ReadFromFlash                                     src\FLASH.o
                                                  src\TFT_display_temperature.o
Relay_regulating                                  src\init_TEC_throght_relay.o
                                                  src\main.o
Reset_Handler                                     src\startup_stm32f051x8.o
SPI1_IRQHandler                                   src\startup_stm32f051x8.o
SPI1_Master_init                                  src\SPI_for_TFT.o
                                                  src\TFT_through_SPI.o
SPI1_Send1byte                                    src\SPI_for_TFT.o
                                                  src\TFT_through_SPI.o
SPI1_SendDataDMA                                  src\SPI_for_TFT.o
                                                  src\TFT_display_temperature.o
SPI1_SendDataDMA_2byteNTimes                      src\SPI_for_TFT.o
                                                  src\TFT_through_SPI.o
SPI1_setDataSize                                  src\SPI_for_TFT.o
SPI2_IRQHandler                                   src\startup_stm32f051x8.o
SPI_cs_clear                                      src\SPI_for_TFT.o
SPI_cs_set                                        src\SPI_for_TFT.o
SVC_Handler                                       src\startup_stm32f051x8.o
Set_DC_cmd                                        src\TFT_through_SPI.o
Set_DC_data                                       src\TFT_through_SPI.o
                                                  src\TFT_display_temperature.o
Set_protection_of_flash                           src\FLASH.o
Symbol_Distribution_clear                         src\TFT_display_temperature.o
Symbol_distribution_add_char                      src\TFT_display_temperature.o
SysTick_Handler                                   src\startup_stm32f051x8.o
SystemCoreClock                                   src\system_stm32f0xx.o
                                                  src\UART_for_PC.o
SystemCoreClockUpdate                             src\system_stm32f0xx.o
                                                  src\manage_program.o
SystemInit                                        src\system_stm32f0xx.o
                                                  src\startup_stm32f051x8.o
TFT_clearAllDisplay                               src\TFT_through_SPI.o
TFT_clearPartDisplay                              src\TFT_through_SPI.o
                                                  src\manage_program.o
                                                  src\TFT_display_temperature.o
TFT_cmd_sleep_out                                 src\TFT_through_SPI.o
TFT_colorise                                      src\TFT_through_SPI.o
TFT_display_normal_mode                           src\TFT_through_SPI.o
TFT_display_on                                    src\TFT_through_SPI.o
TFT_draw_symbol                                   src\TFT_display_temperature.o
TFT_init                                          src\TFT_through_SPI.o
                                                  src\manage_program.o
TFT_pixel_format                                  src\TFT_through_SPI.o
TFT_ram_write                                     src\TFT_through_SPI.o
TFT_reset                                         src\TFT_through_SPI.o
TFT_reset_temperature                             src\TFT_display_temperature.o
                                                  src\manage_program.o
TFT_send_cmd                                      src\TFT_through_SPI.o
TFT_set_column                                    src\TFT_through_SPI.o
TFT_set_region                                    src\TFT_through_SPI.o
                                                  src\TFT_display_temperature.o
TFT_set_row                                       src\TFT_through_SPI.o
TIM14_IRQHandler                                  src\startup_stm32f051x8.o
TIM15_IRQHandler                                  src\startup_stm32f051x8.o
TIM16_IRQHandler                                  src\init_TEC_throght_relay.o
TIM17_IRQHandler                                  src\startup_stm32f051x8.o
TIM1_BRK_UP_TRG_COM_IRQHandler                    src\startup_stm32f051x8.o
TIM1_CC_IRQHandler                                src\startup_stm32f051x8.o
TIM2_IRQHandler                                   src\ds18b20.o
TIM3_IRQHandler                                   src\startup_stm32f051x8.o
TIM6_DAC_IRQHandler                               src\init_TEC_throght_relay.o
TIM_on_1sec                                       src\ds18b20.o
TSC_IRQHandler                                    src\startup_stm32f051x8.o
UART_rx_buf                                       src\manage_program.o
                                                  src\main.o
                                                  src\init_TEC_throght_relay.o
                                                  src\ds18b20.o
                                                  src\constant.o
                                                  src\UART_for_PC.o
                                                  src\TFT_through_SPI.o
                                                  src\TFT_display_temperature.o
                                                  src\SPI_for_TFT.o
                                                  src\NTC_10k_using_ADC.o
UART_send_temperature                             src\UART_for_PC.o
                                                  src\manage_program.o
UART_tx_buf                                       src\manage_program.o
                                                  src\main.o
                                                  src\init_TEC_throght_relay.o
                                                  src\ds18b20.o
                                                  src\constant.o
                                                  src\UART_for_PC.o
                                                  src\TFT_through_SPI.o
                                                  src\TFT_display_temperature.o
                                                  src\SPI_for_TFT.o
                                                  src\NTC_10k_using_ADC.o
USART1_IRQHandler                                 src\startup_stm32f051x8.o
USART2_IRQHandler                                 src\startup_stm32f051x8.o
WWDG_IRQHandler                                   src\startup_stm32f051x8.o
Write_data_to_flash                               src\FLASH.o
__aeabi_cdcmpeq                                   c:/program files (x86)/atollic/truestudio for stm32 9.3.0/armtools/bin/../lib/gcc/arm-atollic-eabi/6.3.1/armv6-m\libgcc.a(_arm_cmpdf2.o)
__aeabi_cdcmple                                   c:/program files (x86)/atollic/truestudio for stm32 9.3.0/armtools/bin/../lib/gcc/arm-atollic-eabi/6.3.1/armv6-m\libgcc.a(_arm_cmpdf2.o)
__aeabi_cdrcmple                                  c:/program files (x86)/atollic/truestudio for stm32 9.3.0/armtools/bin/../lib/gcc/arm-atollic-eabi/6.3.1/armv6-m\libgcc.a(_arm_cmpdf2.o)
__aeabi_cfcmpeq                                   c:/program files (x86)/atollic/truestudio for stm32 9.3.0/armtools/bin/../lib/gcc/arm-atollic-eabi/6.3.1/armv6-m\libgcc.a(_arm_cmpsf2.o)
__aeabi_cfcmple                                   c:/program files (x86)/atollic/truestudio for stm32 9.3.0/armtools/bin/../lib/gcc/arm-atollic-eabi/6.3.1/armv6-m\libgcc.a(_arm_cmpsf2.o)
__aeabi_cfrcmple                                  c:/program files (x86)/atollic/truestudio for stm32 9.3.0/armtools/bin/../lib/gcc/arm-atollic-eabi/6.3.1/armv6-m\libgcc.a(_arm_cmpsf2.o)
__aeabi_d2f                                       c:/program files (x86)/atollic/truestudio for stm32 9.3.0/armtools/bin/../lib/gcc/arm-atollic-eabi/6.3.1/armv6-m\libgcc.a(truncdfsf2.o)
                                                  src\init_TEC_throght_relay.o
__aeabi_d2iz                                      c:/program files (x86)/atollic/truestudio for stm32 9.3.0/armtools/bin/../lib/gcc/arm-atollic-eabi/6.3.1/armv6-m\libgcc.a(fixdfsi.o)
                                                  c:/program files (x86)/atollic/truestudio for stm32 9.3.0/armtools/bin/../lib/gcc/arm-atollic-eabi/6.3.1/armv6-m\libgcc.a(_fixunsdfsi.o)
                                                  src\TFT_display_temperature.o
__aeabi_d2uiz                                     c:/program files (x86)/atollic/truestudio for stm32 9.3.0/armtools/bin/../lib/gcc/arm-atollic-eabi/6.3.1/armv6-m\libgcc.a(_fixunsdfsi.o)
                                                  src\manage_program.o
__aeabi_dadd                                      c:/program files (x86)/atollic/truestudio for stm32 9.3.0/armtools/bin/../lib/gcc/arm-atollic-eabi/6.3.1/armv6-m\libgcc.a(adddf3.o)
                                                  c:/program files (x86)/atollic/truestudio for stm32 9.3.0/armtools/bin/../lib/gcc/arm-atollic-eabi/6.3.1/../../../../arm-atollic-eabi/lib/armv6-m\libm.a(lib_a-e_log.o)
                                                  src\manage_program.o
__aeabi_dcmpeq                                    c:/program files (x86)/atollic/truestudio for stm32 9.3.0/armtools/bin/../lib/gcc/arm-atollic-eabi/6.3.1/armv6-m\libgcc.a(_arm_cmpdf2.o)
                                                  c:/program files (x86)/atollic/truestudio for stm32 9.3.0/armtools/bin/../lib/gcc/arm-atollic-eabi/6.3.1/../../../../arm-atollic-eabi/lib/armv6-m\libm.a(lib_a-e_log.o)
                                                  c:/program files (x86)/atollic/truestudio for stm32 9.3.0/armtools/bin/../lib/gcc/arm-atollic-eabi/6.3.1/../../../../arm-atollic-eabi/lib/armv6-m\libm.a(lib_a-w_log.o)
                                                  c:/program files (x86)/atollic/truestudio for stm32 9.3.0/armtools/bin/../lib/gcc/arm-atollic-eabi/6.3.1/../../../../arm-atollic-eabi/lib/armv6-m\libm.a(lib_a-w_fmod.o)
                                                  src\TFT_display_temperature.o
__aeabi_dcmpge                                    c:/program files (x86)/atollic/truestudio for stm32 9.3.0/armtools/bin/../lib/gcc/arm-atollic-eabi/6.3.1/armv6-m\libgcc.a(_arm_cmpdf2.o)
                                                  c:/program files (x86)/atollic/truestudio for stm32 9.3.0/armtools/bin/../lib/gcc/arm-atollic-eabi/6.3.1/armv6-m\libgcc.a(_fixunsdfsi.o)
__aeabi_dcmpgt                                    c:/program files (x86)/atollic/truestudio for stm32 9.3.0/armtools/bin/../lib/gcc/arm-atollic-eabi/6.3.1/armv6-m\libgcc.a(_arm_cmpdf2.o)
                                                  c:/program files (x86)/atollic/truestudio for stm32 9.3.0/armtools/bin/../lib/gcc/arm-atollic-eabi/6.3.1/../../../../arm-atollic-eabi/lib/armv6-m\libm.a(lib_a-w_log.o)
                                                  src\manage_program.o
                                                  src\init_TEC_throght_relay.o
__aeabi_dcmple                                    c:/program files (x86)/atollic/truestudio for stm32 9.3.0/armtools/bin/../lib/gcc/arm-atollic-eabi/6.3.1/armv6-m\libgcc.a(_arm_cmpdf2.o)
__aeabi_dcmplt                                    c:/program files (x86)/atollic/truestudio for stm32 9.3.0/armtools/bin/../lib/gcc/arm-atollic-eabi/6.3.1/armv6-m\libgcc.a(_arm_cmpdf2.o)
                                                  src\init_TEC_throght_relay.o
                                                  src\TFT_display_temperature.o
__aeabi_dcmpun                                    c:/program files (x86)/atollic/truestudio for stm32 9.3.0/armtools/bin/../lib/gcc/arm-atollic-eabi/6.3.1/armv6-m\libgcc.a(unorddf2.o)
                                                  c:/program files (x86)/atollic/truestudio for stm32 9.3.0/armtools/bin/../lib/gcc/arm-atollic-eabi/6.3.1/../../../../arm-atollic-eabi/lib/armv6-m\libm.a(lib_a-w_log.o)
                                                  c:/program files (x86)/atollic/truestudio for stm32 9.3.0/armtools/bin/../lib/gcc/arm-atollic-eabi/6.3.1/../../../../arm-atollic-eabi/lib/armv6-m\libm.a(lib_a-w_fmod.o)
__aeabi_ddiv                                      c:/program files (x86)/atollic/truestudio for stm32 9.3.0/armtools/bin/../lib/gcc/arm-atollic-eabi/6.3.1/armv6-m\libgcc.a(divdf3.o)
                                                  c:/program files (x86)/atollic/truestudio for stm32 9.3.0/armtools/bin/../lib/gcc/arm-atollic-eabi/6.3.1/../../../../arm-atollic-eabi/lib/armv6-m\libm.a(lib_a-e_log.o)
                                                  c:/program files (x86)/atollic/truestudio for stm32 9.3.0/armtools/bin/../lib/gcc/arm-atollic-eabi/6.3.1/../../../../arm-atollic-eabi/lib/armv6-m\libm.a(lib_a-e_fmod.o)
                                                  c:/program files (x86)/atollic/truestudio for stm32 9.3.0/armtools/bin/../lib/gcc/arm-atollic-eabi/6.3.1/../../../../arm-atollic-eabi/lib/armv6-m\libm.a(lib_a-w_fmod.o)
                                                  src\manage_program.o
                                                  src\init_TEC_throght_relay.o
                                                  src\TFT_display_temperature.o
__aeabi_dmul                                      c:/program files (x86)/atollic/truestudio for stm32 9.3.0/armtools/bin/../lib/gcc/arm-atollic-eabi/6.3.1/armv6-m\libgcc.a(muldf3.o)
                                                  c:/program files (x86)/atollic/truestudio for stm32 9.3.0/armtools/bin/../lib/gcc/arm-atollic-eabi/6.3.1/../../../../arm-atollic-eabi/lib/armv6-m\libm.a(lib_a-e_log.o)
                                                  c:/program files (x86)/atollic/truestudio for stm32 9.3.0/armtools/bin/../lib/gcc/arm-atollic-eabi/6.3.1/../../../../arm-atollic-eabi/lib/armv6-m\libm.a(lib_a-e_fmod.o)
                                                  src\manage_program.o
                                                  src\ds18b20.o
                                                  src\TFT_display_temperature.o
__aeabi_dsub                                      c:/program files (x86)/atollic/truestudio for stm32 9.3.0/armtools/bin/../lib/gcc/arm-atollic-eabi/6.3.1/armv6-m\libgcc.a(subdf3.o)
                                                  c:/program files (x86)/atollic/truestudio for stm32 9.3.0/armtools/bin/../lib/gcc/arm-atollic-eabi/6.3.1/armv6-m\libgcc.a(_fixunsdfsi.o)
                                                  c:/program files (x86)/atollic/truestudio for stm32 9.3.0/armtools/bin/../lib/gcc/arm-atollic-eabi/6.3.1/../../../../arm-atollic-eabi/lib/armv6-m\libm.a(lib_a-e_log.o)
                                                  src\manage_program.o
                                                  src\init_TEC_throght_relay.o
__aeabi_f2iz                                      c:/program files (x86)/atollic/truestudio for stm32 9.3.0/armtools/bin/../lib/gcc/arm-atollic-eabi/6.3.1/armv6-m\libgcc.a(fixsfsi.o)
                                                  c:/program files (x86)/atollic/truestudio for stm32 9.3.0/armtools/bin/../lib/gcc/arm-atollic-eabi/6.3.1/armv6-m\libgcc.a(_fixunssfsi.o)
__aeabi_f2uiz                                     c:/program files (x86)/atollic/truestudio for stm32 9.3.0/armtools/bin/../lib/gcc/arm-atollic-eabi/6.3.1/armv6-m\libgcc.a(_fixunssfsi.o)
                                                  src\init_TEC_throght_relay.o
__aeabi_fcmpeq                                    c:/program files (x86)/atollic/truestudio for stm32 9.3.0/armtools/bin/../lib/gcc/arm-atollic-eabi/6.3.1/armv6-m\libgcc.a(_arm_cmpsf2.o)
__aeabi_fcmpge                                    c:/program files (x86)/atollic/truestudio for stm32 9.3.0/armtools/bin/../lib/gcc/arm-atollic-eabi/6.3.1/armv6-m\libgcc.a(_arm_cmpsf2.o)
                                                  c:/program files (x86)/atollic/truestudio for stm32 9.3.0/armtools/bin/../lib/gcc/arm-atollic-eabi/6.3.1/armv6-m\libgcc.a(_fixunssfsi.o)
__aeabi_fcmpgt                                    c:/program files (x86)/atollic/truestudio for stm32 9.3.0/armtools/bin/../lib/gcc/arm-atollic-eabi/6.3.1/armv6-m\libgcc.a(_arm_cmpsf2.o)
__aeabi_fcmple                                    c:/program files (x86)/atollic/truestudio for stm32 9.3.0/armtools/bin/../lib/gcc/arm-atollic-eabi/6.3.1/armv6-m\libgcc.a(_arm_cmpsf2.o)
__aeabi_fcmplt                                    c:/program files (x86)/atollic/truestudio for stm32 9.3.0/armtools/bin/../lib/gcc/arm-atollic-eabi/6.3.1/armv6-m\libgcc.a(_arm_cmpsf2.o)
__aeabi_fmul                                      c:/program files (x86)/atollic/truestudio for stm32 9.3.0/armtools/bin/../lib/gcc/arm-atollic-eabi/6.3.1/armv6-m\libgcc.a(mulsf3.o)
                                                  src\init_TEC_throght_relay.o
__aeabi_fsub                                      c:/program files (x86)/atollic/truestudio for stm32 9.3.0/armtools/bin/../lib/gcc/arm-atollic-eabi/6.3.1/armv6-m\libgcc.a(subsf3.o)
                                                  c:/program files (x86)/atollic/truestudio for stm32 9.3.0/armtools/bin/../lib/gcc/arm-atollic-eabi/6.3.1/armv6-m\libgcc.a(_fixunssfsi.o)
__aeabi_i2d                                       c:/program files (x86)/atollic/truestudio for stm32 9.3.0/armtools/bin/../lib/gcc/arm-atollic-eabi/6.3.1/armv6-m\libgcc.a(floatsidf.o)
                                                  c:/program files (x86)/atollic/truestudio for stm32 9.3.0/armtools/bin/../lib/gcc/arm-atollic-eabi/6.3.1/../../../../arm-atollic-eabi/lib/armv6-m\libm.a(lib_a-e_log.o)
                                                  src\manage_program.o
                                                  src\init_TEC_throght_relay.o
                                                  src\ds18b20.o
                                                  src\TFT_display_temperature.o
__aeabi_idiv                                      c:/program files (x86)/atollic/truestudio for stm32 9.3.0/armtools/bin/../lib/gcc/arm-atollic-eabi/6.3.1/armv6-m\libgcc.a(_divsi3.o)
                                                  src\tiny_printf.o
__aeabi_idiv0                                     c:/program files (x86)/atollic/truestudio for stm32 9.3.0/armtools/bin/../lib/gcc/arm-atollic-eabi/6.3.1/armv6-m\libgcc.a(_dvmd_tls.o)
                                                  c:/program files (x86)/atollic/truestudio for stm32 9.3.0/armtools/bin/../lib/gcc/arm-atollic-eabi/6.3.1/armv6-m\libgcc.a(_divsi3.o)
                                                  c:/program files (x86)/atollic/truestudio for stm32 9.3.0/armtools/bin/../lib/gcc/arm-atollic-eabi/6.3.1/armv6-m\libgcc.a(_udivsi3.o)
__aeabi_idivmod                                   c:/program files (x86)/atollic/truestudio for stm32 9.3.0/armtools/bin/../lib/gcc/arm-atollic-eabi/6.3.1/armv6-m\libgcc.a(_divsi3.o)
__aeabi_ldiv0                                     c:/program files (x86)/atollic/truestudio for stm32 9.3.0/armtools/bin/../lib/gcc/arm-atollic-eabi/6.3.1/armv6-m\libgcc.a(_dvmd_tls.o)
__aeabi_ui2d                                      c:/program files (x86)/atollic/truestudio for stm32 9.3.0/armtools/bin/../lib/gcc/arm-atollic-eabi/6.3.1/armv6-m\libgcc.a(floatunsidf.o)
                                                  src\manage_program.o
__aeabi_uidiv                                     c:/program files (x86)/atollic/truestudio for stm32 9.3.0/armtools/bin/../lib/gcc/arm-atollic-eabi/6.3.1/armv6-m\libgcc.a(_udivsi3.o)
                                                  c:/program files (x86)/atollic/truestudio for stm32 9.3.0/armtools/bin/../lib/gcc/arm-atollic-eabi/6.3.1/armv6-m\libgcc.a(divdf3.o)
                                                  src\tiny_printf.o
                                                  src\system_stm32f0xx.o
                                                  src\UART_for_PC.o
__aeabi_uidivmod                                  c:/program files (x86)/atollic/truestudio for stm32 9.3.0/armtools/bin/../lib/gcc/arm-atollic-eabi/6.3.1/armv6-m\libgcc.a(_udivsi3.o)
                                                  c:/program files (x86)/atollic/truestudio for stm32 9.3.0/armtools/bin/../lib/gcc/arm-atollic-eabi/6.3.1/armv6-m\libgcc.a(divdf3.o)
                                                  src\tiny_printf.o
__clzsi2                                          c:/program files (x86)/atollic/truestudio for stm32 9.3.0/armtools/bin/../lib/gcc/arm-atollic-eabi/6.3.1/armv6-m\libgcc.a(_clzsi2.o)
                                                  c:/program files (x86)/atollic/truestudio for stm32 9.3.0/armtools/bin/../lib/gcc/arm-atollic-eabi/6.3.1/armv6-m\libgcc.a(floatunsidf.o)
                                                  c:/program files (x86)/atollic/truestudio for stm32 9.3.0/armtools/bin/../lib/gcc/arm-atollic-eabi/6.3.1/armv6-m\libgcc.a(floatsidf.o)
                                                  c:/program files (x86)/atollic/truestudio for stm32 9.3.0/armtools/bin/../lib/gcc/arm-atollic-eabi/6.3.1/armv6-m\libgcc.a(subdf3.o)
                                                  c:/program files (x86)/atollic/truestudio for stm32 9.3.0/armtools/bin/../lib/gcc/arm-atollic-eabi/6.3.1/armv6-m\libgcc.a(muldf3.o)
                                                  c:/program files (x86)/atollic/truestudio for stm32 9.3.0/armtools/bin/../lib/gcc/arm-atollic-eabi/6.3.1/armv6-m\libgcc.a(divdf3.o)
                                                  c:/program files (x86)/atollic/truestudio for stm32 9.3.0/armtools/bin/../lib/gcc/arm-atollic-eabi/6.3.1/armv6-m\libgcc.a(adddf3.o)
                                                  c:/program files (x86)/atollic/truestudio for stm32 9.3.0/armtools/bin/../lib/gcc/arm-atollic-eabi/6.3.1/armv6-m\libgcc.a(subsf3.o)
                                                  c:/program files (x86)/atollic/truestudio for stm32 9.3.0/armtools/bin/../lib/gcc/arm-atollic-eabi/6.3.1/armv6-m\libgcc.a(mulsf3.o)
__deregister_frame_info                           c:/program files (x86)/atollic/truestudio for stm32 9.3.0/armtools/bin/../lib/gcc/arm-atollic-eabi/6.3.1/armv6-m/crtbegin.o
__divsi3                                          c:/program files (x86)/atollic/truestudio for stm32 9.3.0/armtools/bin/../lib/gcc/arm-atollic-eabi/6.3.1/armv6-m\libgcc.a(_divsi3.o)
__dso_handle                                      c:/program files (x86)/atollic/truestudio for stm32 9.3.0/armtools/bin/../lib/gcc/arm-atollic-eabi/6.3.1/armv6-m/crtbegin.o
__eqdf2                                           c:/program files (x86)/atollic/truestudio for stm32 9.3.0/armtools/bin/../lib/gcc/arm-atollic-eabi/6.3.1/armv6-m\libgcc.a(eqdf2.o)
                                                  c:/program files (x86)/atollic/truestudio for stm32 9.3.0/armtools/bin/../lib/gcc/arm-atollic-eabi/6.3.1/armv6-m\libgcc.a(_arm_cmpdf2.o)
__eqsf2                                           c:/program files (x86)/atollic/truestudio for stm32 9.3.0/armtools/bin/../lib/gcc/arm-atollic-eabi/6.3.1/armv6-m\libgcc.a(eqsf2.o)
                                                  c:/program files (x86)/atollic/truestudio for stm32 9.3.0/armtools/bin/../lib/gcc/arm-atollic-eabi/6.3.1/armv6-m\libgcc.a(_arm_cmpsf2.o)
__errno                                           c:/program files (x86)/atollic/truestudio for stm32 9.3.0/armtools/bin/../lib/gcc/arm-atollic-eabi/6.3.1/../../../../arm-atollic-eabi/lib/armv6-m\libc_nano.a(lib_a-errno.o)
                                                  c:/program files (x86)/atollic/truestudio for stm32 9.3.0/armtools/bin/../lib/gcc/arm-atollic-eabi/6.3.1/../../../../arm-atollic-eabi/lib/armv6-m\libm.a(lib_a-w_log.o)
                                                  c:/program files (x86)/atollic/truestudio for stm32 9.3.0/armtools/bin/../lib/gcc/arm-atollic-eabi/6.3.1/../../../../arm-atollic-eabi/lib/armv6-m\libm.a(lib_a-w_fmod.o)
__fdlib_version                                   c:/program files (x86)/atollic/truestudio for stm32 9.3.0/armtools/bin/../lib/gcc/arm-atollic-eabi/6.3.1/../../../../arm-atollic-eabi/lib/armv6-m\libm.a(lib_a-s_lib_ver.o)
                                                  c:/program files (x86)/atollic/truestudio for stm32 9.3.0/armtools/bin/../lib/gcc/arm-atollic-eabi/6.3.1/../../../../arm-atollic-eabi/lib/armv6-m\libm.a(lib_a-w_log.o)
                                                  c:/program files (x86)/atollic/truestudio for stm32 9.3.0/armtools/bin/../lib/gcc/arm-atollic-eabi/6.3.1/../../../../arm-atollic-eabi/lib/armv6-m\libm.a(lib_a-w_fmod.o)
__fixunsdfsi                                      c:/program files (x86)/atollic/truestudio for stm32 9.3.0/armtools/bin/../lib/gcc/arm-atollic-eabi/6.3.1/armv6-m\libgcc.a(_fixunsdfsi.o)
__fixunssfsi                                      c:/program files (x86)/atollic/truestudio for stm32 9.3.0/armtools/bin/../lib/gcc/arm-atollic-eabi/6.3.1/armv6-m\libgcc.a(_fixunssfsi.o)
__gedf2                                           c:/program files (x86)/atollic/truestudio for stm32 9.3.0/armtools/bin/../lib/gcc/arm-atollic-eabi/6.3.1/armv6-m\libgcc.a(gedf2.o)
                                                  c:/program files (x86)/atollic/truestudio for stm32 9.3.0/armtools/bin/../lib/gcc/arm-atollic-eabi/6.3.1/armv6-m\libgcc.a(_arm_cmpdf2.o)
__gesf2                                           c:/program files (x86)/atollic/truestudio for stm32 9.3.0/armtools/bin/../lib/gcc/arm-atollic-eabi/6.3.1/armv6-m\libgcc.a(gesf2.o)
                                                  c:/program files (x86)/atollic/truestudio for stm32 9.3.0/armtools/bin/../lib/gcc/arm-atollic-eabi/6.3.1/armv6-m\libgcc.a(_arm_cmpsf2.o)
__gtdf2                                           c:/program files (x86)/atollic/truestudio for stm32 9.3.0/armtools/bin/../lib/gcc/arm-atollic-eabi/6.3.1/armv6-m\libgcc.a(gedf2.o)
__gtsf2                                           c:/program files (x86)/atollic/truestudio for stm32 9.3.0/armtools/bin/../lib/gcc/arm-atollic-eabi/6.3.1/armv6-m\libgcc.a(gesf2.o)
__ieee754_fmod                                    c:/program files (x86)/atollic/truestudio for stm32 9.3.0/armtools/bin/../lib/gcc/arm-atollic-eabi/6.3.1/../../../../arm-atollic-eabi/lib/armv6-m\libm.a(lib_a-e_fmod.o)
                                                  c:/program files (x86)/atollic/truestudio for stm32 9.3.0/armtools/bin/../lib/gcc/arm-atollic-eabi/6.3.1/../../../../arm-atollic-eabi/lib/armv6-m\libm.a(lib_a-w_fmod.o)
__ieee754_log                                     c:/program files (x86)/atollic/truestudio for stm32 9.3.0/armtools/bin/../lib/gcc/arm-atollic-eabi/6.3.1/../../../../arm-atollic-eabi/lib/armv6-m\libm.a(lib_a-e_log.o)
                                                  c:/program files (x86)/atollic/truestudio for stm32 9.3.0/armtools/bin/../lib/gcc/arm-atollic-eabi/6.3.1/../../../../arm-atollic-eabi/lib/armv6-m\libm.a(lib_a-w_log.o)
__init_array_end                                  c:/program files (x86)/atollic/truestudio for stm32 9.3.0/armtools/bin/../lib/gcc/arm-atollic-eabi/6.3.1/../../../../arm-atollic-eabi/lib/armv6-m\libc_nano.a(lib_a-init.o)
__init_array_start                                c:/program files (x86)/atollic/truestudio for stm32 9.3.0/armtools/bin/../lib/gcc/arm-atollic-eabi/6.3.1/../../../../arm-atollic-eabi/lib/armv6-m\libc_nano.a(lib_a-init.o)
__ledf2                                           c:/program files (x86)/atollic/truestudio for stm32 9.3.0/armtools/bin/../lib/gcc/arm-atollic-eabi/6.3.1/armv6-m\libgcc.a(ledf2.o)
                                                  c:/program files (x86)/atollic/truestudio for stm32 9.3.0/armtools/bin/../lib/gcc/arm-atollic-eabi/6.3.1/armv6-m\libgcc.a(_arm_cmpdf2.o)
__lesf2                                           c:/program files (x86)/atollic/truestudio for stm32 9.3.0/armtools/bin/../lib/gcc/arm-atollic-eabi/6.3.1/armv6-m\libgcc.a(lesf2.o)
                                                  c:/program files (x86)/atollic/truestudio for stm32 9.3.0/armtools/bin/../lib/gcc/arm-atollic-eabi/6.3.1/armv6-m\libgcc.a(_arm_cmpsf2.o)
__libc_init_array                                 c:/program files (x86)/atollic/truestudio for stm32 9.3.0/armtools/bin/../lib/gcc/arm-atollic-eabi/6.3.1/../../../../arm-atollic-eabi/lib/armv6-m\libc_nano.a(lib_a-init.o)
                                                  src\startup_stm32f051x8.o
__ltdf2                                           c:/program files (x86)/atollic/truestudio for stm32 9.3.0/armtools/bin/../lib/gcc/arm-atollic-eabi/6.3.1/armv6-m\libgcc.a(ledf2.o)
__ltsf2                                           c:/program files (x86)/atollic/truestudio for stm32 9.3.0/armtools/bin/../lib/gcc/arm-atollic-eabi/6.3.1/armv6-m\libgcc.a(lesf2.o)
__nedf2                                           c:/program files (x86)/atollic/truestudio for stm32 9.3.0/armtools/bin/../lib/gcc/arm-atollic-eabi/6.3.1/armv6-m\libgcc.a(eqdf2.o)
__nesf2                                           c:/program files (x86)/atollic/truestudio for stm32 9.3.0/armtools/bin/../lib/gcc/arm-atollic-eabi/6.3.1/armv6-m\libgcc.a(eqsf2.o)
__preinit_array_end                               c:/program files (x86)/atollic/truestudio for stm32 9.3.0/armtools/bin/../lib/gcc/arm-atollic-eabi/6.3.1/../../../../arm-atollic-eabi/lib/armv6-m\libc_nano.a(lib_a-init.o)
__preinit_array_start                             c:/program files (x86)/atollic/truestudio for stm32 9.3.0/armtools/bin/../lib/gcc/arm-atollic-eabi/6.3.1/../../../../arm-atollic-eabi/lib/armv6-m\libc_nano.a(lib_a-init.o)
__register_frame_info                             c:/program files (x86)/atollic/truestudio for stm32 9.3.0/armtools/bin/../lib/gcc/arm-atollic-eabi/6.3.1/armv6-m/crtbegin.o
__sf_fake_stderr                                  c:/program files (x86)/atollic/truestudio for stm32 9.3.0/armtools/bin/../lib/gcc/arm-atollic-eabi/6.3.1/../../../../arm-atollic-eabi/lib/armv6-m\libc_nano.a(lib_a-impure.o)
__sf_fake_stdin                                   c:/program files (x86)/atollic/truestudio for stm32 9.3.0/armtools/bin/../lib/gcc/arm-atollic-eabi/6.3.1/../../../../arm-atollic-eabi/lib/armv6-m\libc_nano.a(lib_a-impure.o)
__sf_fake_stdout                                  c:/program files (x86)/atollic/truestudio for stm32 9.3.0/armtools/bin/../lib/gcc/arm-atollic-eabi/6.3.1/../../../../arm-atollic-eabi/lib/armv6-m\libc_nano.a(lib_a-impure.o)
__udivsi3                                         c:/program files (x86)/atollic/truestudio for stm32 9.3.0/armtools/bin/../lib/gcc/arm-atollic-eabi/6.3.1/armv6-m\libgcc.a(_udivsi3.o)
_ebss                                             src\startup_stm32f051x8.o
_edata                                            src\startup_stm32f051x8.o
_estack                                           src\startup_stm32f051x8.o
_fini                                             c:/program files (x86)/atollic/truestudio for stm32 9.3.0/armtools/bin/../lib/gcc/arm-atollic-eabi/6.3.1/armv6-m/crti.o
_global_impure_ptr                                c:/program files (x86)/atollic/truestudio for stm32 9.3.0/armtools/bin/../lib/gcc/arm-atollic-eabi/6.3.1/../../../../arm-atollic-eabi/lib/armv6-m\libc_nano.a(lib_a-impure.o)
_impure_ptr                                       c:/program files (x86)/atollic/truestudio for stm32 9.3.0/armtools/bin/../lib/gcc/arm-atollic-eabi/6.3.1/../../../../arm-atollic-eabi/lib/armv6-m\libc_nano.a(lib_a-impure.o)
                                                  c:/program files (x86)/atollic/truestudio for stm32 9.3.0/armtools/bin/../lib/gcc/arm-atollic-eabi/6.3.1/../../../../arm-atollic-eabi/lib/armv6-m\libc_nano.a(lib_a-errno.o)
_init                                             c:/program files (x86)/atollic/truestudio for stm32 9.3.0/armtools/bin/../lib/gcc/arm-atollic-eabi/6.3.1/armv6-m/crti.o
                                                  c:/program files (x86)/atollic/truestudio for stm32 9.3.0/armtools/bin/../lib/gcc/arm-atollic-eabi/6.3.1/../../../../arm-atollic-eabi/lib/armv6-m\libc_nano.a(lib_a-init.o)
_sbss                                             src\startup_stm32f051x8.o
_sdata                                            src\startup_stm32f051x8.o
_sidata                                           src\startup_stm32f051x8.o
_write                                            c:/program files (x86)/atollic/truestudio for stm32 9.3.0/armtools/bin/../lib/gcc/arm-atollic-eabi/6.3.1/../../../../arm-atollic-eabi/lib/armv6-m\libnosys.a(write.o)
                                                  src\tiny_printf.o
buf_tx                                            src\manage_program.o
                                                  src\main.o
                                                  src\init_TEC_throght_relay.o
                                                  src\ds18b20.o
                                                  src\constant.o
                                                  src\UART_for_PC.o
                                                  src\TFT_through_SPI.o
                                                  src\TFT_display_temperature.o
                                                  src\SPI_for_TFT.o
                                                  src\NTC_10k_using_ADC.o
check_UART_cmd                                    src\manage_program.o
                                                  src\main.o
color_mat                                         src\manage_program.o
                                                  src\main.o
                                                  src\init_TEC_throght_relay.o
                                                  src\ds18b20.o
                                                  src\constant.o
                                                  src\UART_for_PC.o
                                                  src\TFT_through_SPI.o
                                                  src\TFT_display_temperature.o
                                                  src\SPI_for_TFT.o
                                                  src\NTC_10k_using_ADC.o
cycle_start                                       src\NTC_10k_using_ADC.o
                                                  src\manage_program.o
                                                  src\main.o
display_temperature                               src\TFT_display_temperature.o
                                                  src\manage_program.o
ds_buff                                           src\manage_program.o
                                                  src\main.o
                                                  src\ds18b20.o
ds_read_bit                                       src\ds18b20.o
ds_read_byte                                      src\ds18b20.o
ds_reset_pulse                                    src\ds18b20.o
ds_write_bit                                      src\ds18b20.o
ds_write_byte                                     src\ds18b20.o
errno                                             c:/program files (x86)/atollic/truestudio for stm32 9.3.0/armtools/bin/../lib/gcc/arm-atollic-eabi/6.3.1/../../../../arm-atollic-eabi/lib/armv6-m\libnosys.a(errno.o)
                                                  c:/program files (x86)/atollic/truestudio for stm32 9.3.0/armtools/bin/../lib/gcc/arm-atollic-eabi/6.3.1/../../../../arm-atollic-eabi/lib/armv6-m\libnosys.a(write.o)
fiprintf                                          src\tiny_printf.o
fmod                                              c:/program files (x86)/atollic/truestudio for stm32 9.3.0/armtools/bin/../lib/gcc/arm-atollic-eabi/6.3.1/../../../../arm-atollic-eabi/lib/armv6-m\libm.a(lib_a-w_fmod.o)
                                                  src\TFT_display_temperature.o
fprintf                                           src\tiny_printf.o
fputs                                             src\tiny_printf.o
fwrite                                            src\tiny_printf.o
g_pfnVectors                                      src\startup_stm32f051x8.o
init_DMA_for_USART                                src\UART_for_PC.o
init_GPIO                                         src\init_TEC_throght_relay.o
                                                  src\manage_program.o
init_GPIO_for_SPI                                 src\SPI_for_TFT.o
                                                  src\TFT_through_SPI.o
init_GPIO_for_USART                               src\UART_for_PC.o
init_Gpio_for_ds                                  src\ds18b20.o
init_TIM15_as_TRGO                                src\NTC_10k_using_ADC.o
                                                  src\main.o
init_TIM16_for_wait_temp_set                      src\init_TEC_throght_relay.o
init_TIM6_for_Regulate_Time                       src\init_TEC_throght_relay.o
init_USART                                        src\UART_for_PC.o
                                                  src\manage_program.o
init_clock                                        src\manage_program.o
init_ds                                           src\ds18b20.o
                                                  src\manage_program.o
init_periphery                                    src\manage_program.o
                                                  src\main.o
init_tim2_for_delay                               src\ds18b20.o
init_tim3_for_us                                  src\ds18b20.o
iprintf                                           src\tiny_printf.o
log                                               c:/program files (x86)/atollic/truestudio for stm32 9.3.0/armtools/bin/../lib/gcc/arm-atollic-eabi/6.3.1/../../../../arm-atollic-eabi/lib/armv6-m\libm.a(lib_a-w_log.o)
                                                  src\manage_program.o
main                                              src\main.o
                                                  src\startup_stm32f051x8.o
mat_for_symbol                                    src\manage_program.o
                                                  src\main.o
                                                  src\init_TEC_throght_relay.o
                                                  src\ds18b20.o
                                                  src\constant.o
                                                  src\UART_for_PC.o
                                                  src\TFT_through_SPI.o
                                                  src\TFT_display_temperature.o
                                                  src\SPI_for_TFT.o
                                                  src\NTC_10k_using_ADC.o
matherr                                           c:/program files (x86)/atollic/truestudio for stm32 9.3.0/armtools/bin/../lib/gcc/arm-atollic-eabi/6.3.1/../../../../arm-atollic-eabi/lib/armv6-m\libm.a(lib_a-s_matherr.o)
                                                  c:/program files (x86)/atollic/truestudio for stm32 9.3.0/armtools/bin/../lib/gcc/arm-atollic-eabi/6.3.1/../../../../arm-atollic-eabi/lib/armv6-m\libm.a(lib_a-w_log.o)
                                                  c:/program files (x86)/atollic/truestudio for stm32 9.3.0/armtools/bin/../lib/gcc/arm-atollic-eabi/6.3.1/../../../../arm-atollic-eabi/lib/armv6-m\libm.a(lib_a-w_fmod.o)