Archive member included to satisfy reference by file (symbol)

c:/program files (x86)/atollic/truestudio for stm32 9.3.0/armtools/bin/../lib/gcc/arm-atollic-eabi/6.3.1/../../../../arm-atollic-eabi/lib/armv6-m\libc_nano.a(lib_a-init.o)
                              src\startup_stm32f051x8.o (__libc_init_array)
c:/program files (x86)/atollic/truestudio for stm32 9.3.0/armtools/bin/../lib/gcc/arm-atollic-eabi/6.3.1/../../../../arm-atollic-eabi/lib/armv6-m\libc_nano.a(lib_a-strlen.o)
                              src\tiny_printf.o (strlen)
c:/program files (x86)/atollic/truestudio for stm32 9.3.0/armtools/bin/../lib/gcc/arm-atollic-eabi/6.3.1/../../../../arm-atollic-eabi/lib/armv6-m\libm.a(lib_a-w_fmod.o)
                              src\TFT_display_temperature.o (fmod)
c:/program files (x86)/atollic/truestudio for stm32 9.3.0/armtools/bin/../lib/gcc/arm-atollic-eabi/6.3.1/../../../../arm-atollic-eabi/lib/armv6-m\libm.a(lib_a-w_log.o)
                              src\NTC_10k_using_ADC.o (log)
c:/program files (x86)/atollic/truestudio for stm32 9.3.0/armtools/bin/../lib/gcc/arm-atollic-eabi/6.3.1/../../../../arm-atollic-eabi/lib/armv6-m\libm.a(lib_a-e_fmod.o)
                              c:/program files (x86)/atollic/truestudio for stm32 9.3.0/armtools/bin/../lib/gcc/arm-atollic-eabi/6.3.1/../../../../arm-atollic-eabi/lib/armv6-m\libm.a(lib_a-w_fmod.o) (__ieee754_fmod)
c:/program files (x86)/atollic/truestudio for stm32 9.3.0/armtools/bin/../lib/gcc/arm-atollic-eabi/6.3.1/../../../../arm-atollic-eabi/lib/armv6-m\libm.a(lib_a-e_log.o)
                              c:/program files (x86)/atollic/truestudio for stm32 9.3.0/armtools/bin/../lib/gcc/arm-atollic-eabi/6.3.1/../../../../arm-atollic-eabi/lib/armv6-m\libm.a(lib_a-w_log.o) (__ieee754_log)
c:/program files (x86)/atollic/truestudio for stm32 9.3.0/armtools/bin/../lib/gcc/arm-atollic-eabi/6.3.1/../../../../arm-atollic-eabi/lib/armv6-m\libm.a(lib_a-s_lib_ver.o)
                              c:/program files (x86)/atollic/truestudio for stm32 9.3.0/armtools/bin/../lib/gcc/arm-atollic-eabi/6.3.1/../../../../arm-atollic-eabi/lib/armv6-m\libm.a(lib_a-w_fmod.o) (__fdlib_version)
c:/program files (x86)/atollic/truestudio for stm32 9.3.0/armtools/bin/../lib/gcc/arm-atollic-eabi/6.3.1/../../../../arm-atollic-eabi/lib/armv6-m\libm.a(lib_a-s_matherr.o)
                              c:/program files (x86)/atollic/truestudio for stm32 9.3.0/armtools/bin/../lib/gcc/arm-atollic-eabi/6.3.1/../../../../arm-atollic-eabi/lib/armv6-m\libm.a(lib_a-w_fmod.o) (matherr)
c:/program files (x86)/atollic/truestudio for stm32 9.3.0/armtools/bin/../lib/gcc/arm-atollic-eabi/6.3.1/../../../../arm-atollic-eabi/lib/armv6-m\libm.a(lib_a-s_nan.o)
                              c:/program files (x86)/atollic/truestudio for stm32 9.3.0/armtools/bin/../lib/gcc/arm-atollic-eabi/6.3.1/../../../../arm-atollic-eabi/lib/armv6-m\libm.a(lib_a-w_log.o) (nan)
c:/program files (x86)/atollic/truestudio for stm32 9.3.0/armtools/bin/../lib/gcc/arm-atollic-eabi/6.3.1/../../../../arm-atollic-eabi/lib/armv6-m\libc_nano.a(lib_a-errno.o)
                              c:/program files (x86)/atollic/truestudio for stm32 9.3.0/armtools/bin/../lib/gcc/arm-atollic-eabi/6.3.1/../../../../arm-atollic-eabi/lib/armv6-m\libm.a(lib_a-w_fmod.o) (__errno)
c:/program files (x86)/atollic/truestudio for stm32 9.3.0/armtools/bin/../lib/gcc/arm-atollic-eabi/6.3.1/../../../../arm-atollic-eabi/lib/armv6-m\libc_nano.a(lib_a-impure.o)
                              c:/program files (x86)/atollic/truestudio for stm32 9.3.0/armtools/bin/../lib/gcc/arm-atollic-eabi/6.3.1/../../../../arm-atollic-eabi/lib/armv6-m\libc_nano.a(lib_a-errno.o) (_impure_ptr)
c:/program files (x86)/atollic/truestudio for stm32 9.3.0/armtools/bin/../lib/gcc/arm-atollic-eabi/6.3.1/armv6-m\libgcc.a(_udivsi3.o)
                              src\UART_for_PC.o (__aeabi_uidiv)
c:/program files (x86)/atollic/truestudio for stm32 9.3.0/armtools/bin/../lib/gcc/arm-atollic-eabi/6.3.1/armv6-m\libgcc.a(_divsi3.o)
                              src\tiny_printf.o (__aeabi_idiv)
c:/program files (x86)/atollic/truestudio for stm32 9.3.0/armtools/bin/../lib/gcc/arm-atollic-eabi/6.3.1/armv6-m\libgcc.a(_dvmd_tls.o)
                              c:/program files (x86)/atollic/truestudio for stm32 9.3.0/armtools/bin/../lib/gcc/arm-atollic-eabi/6.3.1/armv6-m\libgcc.a(_udivsi3.o) (__aeabi_idiv0)
c:/program files (x86)/atollic/truestudio for stm32 9.3.0/armtools/bin/../lib/gcc/arm-atollic-eabi/6.3.1/armv6-m\libgcc.a(_arm_cmpdf2.o)
                              src\TFT_display_temperature.o (__aeabi_dcmpeq)
c:/program files (x86)/atollic/truestudio for stm32 9.3.0/armtools/bin/../lib/gcc/arm-atollic-eabi/6.3.1/armv6-m\libgcc.a(_fixunssfsi.o)
                              src\init_TEC_throght_relay.o (__aeabi_f2uiz)
c:/program files (x86)/atollic/truestudio for stm32 9.3.0/armtools/bin/../lib/gcc/arm-atollic-eabi/6.3.1/armv6-m\libgcc.a(_fixunsdfsi.o)
[...]
Memory Configuration

Name             Origin             Length             Attributes
FLASH            0x08000000         0x00010000         xr
RAM              0x20000000         0x00002000         xrw
MEMORY_B1        0x60000000         0x00000000         xr
*default*        0x00000000         0xffffffff

Linker script and memory map

LOAD c:/program files (x86)/atollic/truestudio for stm32 9.3.0/armtools/bin/../lib/gcc/arm-atollic-eabi/6.3.1/armv6-m/crti.o
LOAD c:/program files (x86)/atollic/truestudio for stm32 9.3.0/armtools/bin/../lib/gcc/arm-atollic-eabi/6.3.1/armv6-m/crtbegin.o
LOAD src\FLASH.o
LOAD src\NTC_10k_using_ADC.o
LOAD src\SPI_for_TFT.o
LOAD src\TFT_display_temperature.o
LOAD src\TFT_through_SPI.o
LOAD src\UART_for_PC.o
LOAD src\buffer.o
LOAD src\constant.o
LOAD src\ds18b20.o
LOAD src\init_TEC_throght_relay.o
LOAD src\main.o
LOAD src\manage_program.o
LOAD src\startup_stm32f051x8.o
LOAD src\system_stm32f0xx.o
LOAD src\tiny_printf.o
                0x00000080                malloc_getpagesize_P = 0x80
START GROUP
LOAD c:/program files (x86)/atollic/truestudio for stm32 9.3.0/armtools/bin/../lib/gcc/arm-atollic-eabi/6.3.1/../../../../arm-atollic-eabi/lib/armv6-m\libc_nano.a
LOAD c:/program files (x86)/atollic/truestudio for stm32 9.3.0/armtools/bin/../lib/gcc/arm-atollic-eabi/6.3.1/../../../../arm-atollic-eabi/lib/armv6-m\libm.a
END GROUP
START GROUP
LOAD c:/program files (x86)/atollic/truestudio for stm32 9.3.0/armtools/bin/../lib/gcc/arm-atollic-eabi/6.3.1/armv6-m\libgcc.a
LOAD c:/program files (x86)/atollic/truestudio for stm32 9.3.0/armtools/bin/../lib/gcc/arm-atollic-eabi/6.3.1/../../../../arm-atollic-eabi/lib/armv6-m\libc_nano.a
END GROUP
START GROUP
LOAD c:/program files (x86)/atollic/truestudio for stm32 9.3.0/armtools/bin/../lib/gcc/arm-atollic-eabi/6.3.1/armv6-m\libgcc.a
LOAD c:/program files (x86)/atollic/truestudio for stm32 9.3.0/armtools/bin/../lib/gcc/arm-atollic-eabi/6.3.1/../../../../arm-atollic-eabi/lib/armv6-m\libc_nano.a
LOAD c:/program files (x86)/atollic/truestudio for stm32 9.3.0/armtools/bin/../lib/gcc/arm-atollic-eabi/6.3.1/../../../../arm-atollic-eabi/lib/armv6-m\libnosys.a
END GROUP
START GROUP
LOAD c:/program files (x86)/atollic/truestudio for stm32 9.3.0/armtools/bin/../lib/gcc/arm-atollic-eabi/6.3.1/armv6-m\libgcc.a
LOAD c:/program files (x86)/atollic/truestudio for stm32 9.3.0/armtools/bin/../lib/gcc/arm-atollic-eabi/6.3.1/../../../../arm-atollic-eabi/lib/armv6-m\libc_nano.a
LOAD c:/program files (x86)/atollic/truestudio for stm32 9.3.0/armtools/bin/../lib/gcc/arm-atollic-eabi/6.3.1/../../../../arm-atollic-eabi/lib/armv6-m\libnosys.a
END GROUP
LOAD c:/program files (x86)/atollic/truestudio for stm32 9.3.0/armtools/bin/../lib/gcc/arm-atollic-eabi/6.3.1/armv6-m/crtend.o
LOAD c:/program files (x86)/atollic/truestudio for stm32 9.3.0/armtools/bin/../lib/gcc/arm-atollic-eabi/6.3.1/armv6-m/crtn.o
                0x20002000                _estack = 0x20002000
                0x00000000                _Min_Heap_Size = 0x0
                0x00000080                _Min_Stack_Size = 0x80

.isr_vector     0x08000000       0xc0
                0x08000000                . = ALIGN (0x4)
 *(.isr_vector)
 .isr_vector    0x08000000       0xc0 src\startup_stm32f051x8.o
                0x08000000                g_pfnVectors
                0x080000c0                . = ALIGN (0x4)

.text           0x080000c0     0x5bac
                0x080000c0                . = ALIGN (0x4)
 *(.text)
 .text          0x080000c0       0x48 c:/program files (x86)/atollic/truestudio for stm32 9.3.0/armtools/bin/../lib/gcc/arm-atollic-eabi/6.3.1/armv6-m/crtbegin.o
 .text          0x08000108      0x114 c:/program files (x86)/atollic/truestudio for stm32 9.3.0/armtools/bin/../lib/gcc/arm-atollic-eabi/6.3.1/armv6-m\libgcc.a(_udivsi3.o)
                0x08000108                __aeabi_uidiv
                0x08000108                __udivsi3
                0x08000214                __aeabi_uidivmod
 .text          0x0800021c        0x4 c:/program files (x86)/atollic/truestudio for stm32 9.3.0/armtools/bin/../lib/gcc/arm-atollic-eabi/6.3.1/armv6-m\libgcc.a(_dvmd_tls.o)
                0x0800021c                __aeabi_idiv0
                0x0800021c                __aeabi_ldiv0
 .text          0x08000220       0x7c c:/program files (x86)/atollic/truestudio for stm32 9.3.0/armtools/bin/../lib/gcc/arm-atollic-eabi/6.3.1/armv6-m\libgcc.a(_arm_cmpdf2.o)
                0x08000220                __aeabi_cdrcmple
                0x08000230                __aeabi_cdcmple
                0x08000230                __aeabi_cdcmpeq
                0x08000240                __aeabi_dcmpeq
                0x0800024c                __aeabi_dcmplt
                0x08000260                __aeabi_dcmple
                0x08000274                __aeabi_dcmpgt
                0x08000288                __aeabi_dcmpge
 .text          0x0800029c       0x30 c:/program files (x86)/atollic/truestudio for stm32 9.3.0/armtools/bin/../lib/gcc/arm-atollic-eabi/6.3.1/armv6-m\libgcc.a(_fixunssfsi.o)
                0x0800029c                __fixunssfsi
                0x0800029c                __aeabi_f2uiz
 .text          0x080002cc       0x3c c:/program files (x86)/atollic/truestudio for stm32 9.3.0/armtools/bin/../lib/gcc/arm-atollic-eabi/6.3.1/armv6-m\libgcc.a(_fixunsdfsi.o)
                0x080002cc                __aeabi_d2uiz
                0x080002cc                __fixunsdfsi
 .text          0x08000308      0x324 c:/program files (x86)/atollic/truestudio for stm32 9.3.0/armtools/bin/../lib/gcc/arm-atollic-eabi/6.3.1/armv6-m\libgcc.a(addsf3.o)
                0x08000308                __aeabi_fadd
 .text          0x0800062c      0x240 c:/program files (x86)/atollic/truestudio for stm32 9.3.0/armtools/bin/../lib/gcc/arm-atollic-eabi/6.3.1/armv6-m\libgcc.a(mulsf3.o)
                0x0800062c                __aeabi_fmul
 .text          0x0800086c      0x338 c:/program files (x86)/atollic/truestudio for stm32 9.3.0/armtools/bin/../lib/gcc/arm-atollic-eabi/6.3.1/armv6-m\libgcc.a(subsf3.o)
                0x0800086c                __aeabi_fsub
 .text          0x08000ba4       0x40 c:/program files (x86)/atollic/truestudio for stm32 9.3.0/armtools/bin/../lib/gcc/arm-atollic-eabi/6.3.1/armv6-m\libgcc.a(fixsfsi.o)
                0x08000ba4                __aeabi_f2iz
 .text          0x08000be4       0xa0 c:/program files (x86)/atollic/truestudio for stm32 9.3.0/armtools/bin/../lib/gcc/arm-atollic-eabi/6.3.1/armv6-m\libgcc.a(floatsisf.o)
                0x08000be4                __aeabi_i2f
 .text          0x08000c84      0x620 c:/program files (x86)/atollic/truestudio for stm32 9.3.0/armtools/bin/../lib/gcc/arm-atollic-eabi/6.3.1/armv6-m\libgcc.a(adddf3.o)
                0x08000c84                __aeabi_dadd
 .text          0x080012a4      0x668 c:/program files (x86)/atollic/truestudio for stm32 9.3.0/armtools/bin/../lib/gcc/arm-atollic-eabi/6.3.1/armv6-m\libgcc.a(divdf3.o)
                0x080012a4                __aeabi_ddiv
 .text          0x0800190c       0x74 c:/program files (x86)/atollic/truestudio for stm32 9.3.0/armtools/bin/../lib/gcc/arm-atollic-eabi/6.3.1/armv6-m\libgcc.a(eqdf2.o)
                0x0800190c                __nedf2
                0x0800190c                __eqdf2
 .text          0x08001980       0xc8 c:/program files (x86)/atollic/truestudio for stm32 9.3.0/armtools/bin/../lib/gcc/arm-atollic-eabi/6.3.1/armv6-m\libgcc.a(gedf2.o)
                0x08001980                __gedf2
                0x08001980                __gtdf2
 .text          0x08001a48       0xc4 c:/program files (x86)/atollic/truestudio for stm32 9.3.0/armtools/bin/../lib/gcc/arm-atollic-eabi/6.3.1/armv6-m\libgcc.a(ledf2.o)
                0x08001a48                __ledf2
                0x08001a48                __ltdf2
 .text          0x08001b0c      0x500 c:/program files (x86)/atollic/truestudio for stm32 9.3.0/armtools/bin/../lib/gcc/arm-atollic-eabi/6.3.1/armv6-m\libgcc.a(muldf3.o)
                0x08001b0c                __aeabi_dmul
 .text          0x0800200c      0x62c c:/program files (x86)/atollic/truestudio for stm32 9.3.0/armtools/bin/../lib/gcc/arm-atollic-eabi/6.3.1/armv6-m\libgcc.a(subdf3.o)
                0x0800200c                __aeabi_dsub
 .text          0x08002638       0x40 c:/program files (x86)/atollic/truestudio for stm32 9.3.0/armtools/bin/../lib/gcc/arm-atollic-eabi/6.3.1/armv6-m\libgcc.a(unorddf2.o)
                0x08002638                __aeabi_dcmpun
 .text          0x08002678       0x68 c:/program files (x86)/atollic/truestudio for stm32 9.3.0/armtools/bin/../lib/gcc/arm-atollic-eabi/6.3.1/armv6-m\libgcc.a(fixdfsi.o)
                0x08002678                __aeabi_d2iz
 .text          0x080026e0       0x84 c:/program files (x86)/atollic/truestudio for stm32 9.3.0/armtools/bin/../lib/gcc/arm-atollic-eabi/6.3.1/armv6-m\libgcc.a(floatsidf.o)
                0x080026e0                __aeabi_i2d
 .text          0x08002764       0x70 c:/program files (x86)/atollic/truestudio for stm32 9.3.0/armtools/bin/../lib/gcc/arm-atollic-eabi/6.3.1/armv6-m\libgcc.a(floatunsidf.o)
                0x08002764                __aeabi_ui2d
 .text          0x080027d4       0xa4 c:/program files (x86)/atollic/truestudio for stm32 9.3.0/armtools/bin/../lib/gcc/arm-atollic-eabi/6.3.1/armv6-m\libgcc.a(extendsfdf2.o)
                0x080027d4                __aeabi_f2d
 .text          0x08002878       0x74 c:/program files (x86)/atollic/truestudio for stm32 9.3.0/armtools/bin/../lib/gcc/arm-atollic-eabi/6.3.1/armv6-m\libgcc.a(_arm_cmpsf2.o)
                0x08002878                __aeabi_cfrcmple
                0x08002880                __aeabi_cfcmpeq
                0x08002880                __aeabi_cfcmple
                0x08002890                __aeabi_fcmpeq
                0x0800289c                __aeabi_fcmplt
                0x080028b0                __aeabi_fcmple
                0x080028c4                __aeabi_fcmpgt
                0x080028d8                __aeabi_fcmpge
 .text          0x080028ec       0x3c c:/program files (x86)/atollic/truestudio for stm32 9.3.0/armtools/bin/../lib/gcc/arm-atollic-eabi/6.3.1/armv6-m\libgcc.a(_clzsi2.o)
                0x080028ec                __clzsi2
 .text          0x08002928       0x4c c:/program files (x86)/atollic/truestudio for stm32 9.3.0/armtools/bin/../lib/gcc/arm-atollic-eabi/6.3.1/armv6-m\libgcc.a(eqsf2.o)
                0x08002928                __eqsf2
                0x08002928                __nesf2
 .text          0x08002974       0x80 c:/program files (x86)/atollic/truestudio for stm32 9.3.0/armtools/bin/../lib/gcc/arm-atollic-eabi/6.3.1/armv6-m\libgcc.a(gesf2.o)
                0x08002974                __gesf2
                0x08002974                __gtsf2
 .text          0x080029f4       0x84 c:/program files (x86)/atollic/truestudio for stm32 9.3.0/armtools/bin/../lib/gcc/arm-atollic-eabi/6.3.1/armv6-m\libgcc.a(lesf2.o)
                0x080029f4                __ltsf2
                0x080029f4                __lesf2
 *(.text*)
 .text.ReadFromFlash
                0x08002a78       0x8c src\FLASH.o
                0x08002a78                ReadFromFlash
 .text.NVIC_EnableIRQ
                0x08002b04       0x2c src\NTC_10k_using_ADC.o
 .text.NVIC_SetPriority
                0x08002b30       0xdc src\NTC_10k_using_ADC.o
 .text.DMA1_Channel1_IRQHandler
                0x08002c0c       0x24 src\NTC_10k_using_ADC.o
                0x08002c0c                DMA1_Channel1_IRQHandler
 .text.NTC_get_temperature
                0x08002c30      0x144 src\NTC_10k_using_ADC.o
                0x08002c30                NTC_get_temperature
 .text.NTC_init_periphery
                0x08002d74       0x12 src\NTC_10k_using_ADC.o
                0x08002d74                NTC_init_periphery
 *fill*         0x08002d86        0x2 
 .text.ADC_init
                0x08002d88       0xe4 src\NTC_10k_using_ADC.o
                0x08002d88                ADC_init
 .text.init_TIM15_as_TRGO
                0x08002e6c       0x4c src\NTC_10k_using_ADC.o
                0x08002e6c                init_TIM15_as_TRGO
 .text.DMA_for_ADC_init
                0x08002eb8       0x6c src\NTC_10k_using_ADC.o
                0x08002eb8                DMA_for_ADC_init
 .text.NVIC_EnableIRQ
                0x08002f24       0x2c src\SPI_for_TFT.o
 .text.NVIC_SetPriority
                0x08002f50       0xdc src\SPI_for_TFT.o
 .text.DMA1_Channel2_3_IRQHandler
                0x0800302c       0x3c src\SPI_for_TFT.o
                0x0800302c                DMA1_Channel2_3_IRQHandler
 .text.init_GPIO_for_SPI
                0x08003068       0x58 src\SPI_for_TFT.o
                0x08003068                init_GPIO_for_SPI
 .text.SPI1_Master_init
                0x080030c0       0x84 src\SPI_for_TFT.o
                0x080030c0                SPI1_Master_init
 .text.SPI1_setDataSize
                0x08003144       0x6c src\SPI_for_TFT.o
                0x08003144                SPI1_setDataSize
 .text.SPI_cs_set
                0x080031b0       0x1a src\SPI_for_TFT.o
                0x080031b0                SPI_cs_set
 .text.SPI_cs_clear
                0x080031ca       0x1a src\SPI_for_TFT.o
                0x080031ca                SPI_cs_clear
 .text.DMA_for_SPI_init
                0x080031e4       0x64 src\SPI_for_TFT.o
                0x080031e4                DMA_for_SPI_init
 .text.SPI1_SendDataDMA_2byteNTimes
                0x08003248       0x88 src\SPI_for_TFT.o
                0x08003248                SPI1_SendDataDMA_2byteNTimes
 .text.SPI1_SendDataDMA
                0x080032d0       0x7c src\SPI_for_TFT.o
                0x080032d0                SPI1_SendDataDMA
 .text.SPI1_Send1byte
                0x0800334c       0x8c src\SPI_for_TFT.o
                0x0800334c                SPI1_Send1byte
 .text.display_temperature
                0x080033d8      0x198 src\TFT_display_temperature.o
                0x080033d8                display_temperature
 .text.Symbol_Distribution_clear
                0x08003570       0x64 src\TFT_display_temperature.o
                0x08003570                Symbol_Distribution_clear
 .text.Parse_temperature
                0x080035d4      0x208 src\TFT_display_temperature.o
                0x080035d4                Parse_temperature
 .text.Symbol_distribution_add_char
                0x080037dc       0x44 src\TFT_display_temperature.o
                0x080037dc                Symbol_distribution_add_char
 .text.Choose_symbol_for_draw
                0x08003820      0x284 src\TFT_display_temperature.o
                0x08003820                Choose_symbol_for_draw
 .text.TFT_draw_symbol
                0x08003aa4      0x200 src\TFT_display_temperature.o
                0x08003aa4                TFT_draw_symbol
 .text.TFT_reset_temperature
                0x08003ca4       0x4c src\TFT_display_temperature.o
                0x08003ca4                TFT_reset_temperature
 .text.TFT_init
                0x08003cf0       0x50 src\TFT_through_SPI.o
                0x08003cf0                TFT_init
 .text.TFT_reset
                0x08003d40       0x1a src\TFT_through_SPI.o
                0x08003d40                TFT_reset
 *fill*         0x08003d5a        0x2 
 .text.TFT_cmd_sleep_out
                0x08003d5c       0x3c src\TFT_through_SPI.o
                0x08003d5c                TFT_cmd_sleep_out
 .text.TFT_display_normal_mode
                0x08003d98       0x22 src\TFT_through_SPI.o
                0x08003d98                TFT_display_normal_mode
 .text.TFT_display_on
                0x08003dba       0x14 src\TFT_through_SPI.o
                0x08003dba                TFT_display_on
 .text.TFT_pixel_format
                0x08003dce       0x20 src\TFT_through_SPI.o
                0x08003dce                TFT_pixel_format
 .text.Set_DC_cmd
                0x08003dee       0x30 src\TFT_through_SPI.o
                0x08003dee                Set_DC_cmd
 .text.Set_DC_data
                0x08003e1e       0x30 src\TFT_through_SPI.o
                0x08003e1e                Set_DC_data
 *fill*         0x08003e4e        0x2 
 .text.TFT_clearAllDisplay
                0x08003e50       0xc0 src\TFT_through_SPI.o
                0x08003e50                TFT_clearAllDisplay
 .text.TFT_clearPartDisplay
                0x08003f10       0x74 src\TFT_through_SPI.o
                0x08003f10                TFT_clearPartDisplay
 .text.TFT_set_region
                0x08003f84       0x88 src\TFT_through_SPI.o
                0x08003f84                TFT_set_region
 .text.TFT_colorise
                0x0800400c       0x94 src\TFT_through_SPI.o
                0x0800400c                TFT_colorise
 .text.TFT_send_cmd
                0x080040a0       0x48 src\TFT_through_SPI.o
                0x080040a0                TFT_send_cmd
 .text.TFT_ram_write
                0x080040e8       0x26 src\TFT_through_SPI.o
                0x080040e8                TFT_ram_write
 .text.TFT_set_column
                0x0800410e       0x60 src\TFT_through_SPI.o
                0x0800410e                TFT_set_column
 .text.TFT_set_row
                0x0800416e       0x60 src\TFT_through_SPI.o
                0x0800416e                TFT_set_row
 *fill*         0x080041ce        0x2 
 .text.NVIC_EnableIRQ
                0x080041d0       0x2c src\UART_for_PC.o
 .text.NVIC_SetPriority
                0x080041fc       0xdc src\UART_for_PC.o
 .text.DMA1_Channel4_5_IRQHandler
                0x080042d8       0x68 src\UART_for_PC.o
                0x080042d8                DMA1_Channel4_5_IRQHandler
 .text.init_GPIO_for_USART
                0x08004340       0x54 src\UART_for_PC.o
                0x08004340                init_GPIO_for_USART
 .text.init_USART
                0x08004394       0x64 src\UART_for_PC.o
                0x08004394                init_USART
 .text.init_DMA_for_USART
                0x080043f8       0xcc src\UART_for_PC.o
                0x080043f8                init_DMA_for_USART
 .text.UART_send_temperature
                0x080044c4       0xa0 src\UART_for_PC.o
                0x080044c4                UART_send_temperature
 .text.NVIC_EnableIRQ
                0x08004564       0x2c src\ds18b20.o
 .text.NVIC_SetPriority
                0x08004590       0xdc src\ds18b20.o
 .text.TIM2_IRQHandler
                0x0800466c       0x34 src\ds18b20.o
                0x0800466c                TIM2_IRQHandler
 .text.init_ds  0x080046a0       0x16 src\ds18b20.o
                0x080046a0                init_ds
 *fill*         0x080046b6        0x2 
 .text.init_Gpio_for_ds
                0x080046b8       0x4c src\ds18b20.o
                0x080046b8                init_Gpio_for_ds
 .text.init_tim3_for_us
                0x08004704       0x34 src\ds18b20.o
                0x08004704                init_tim3_for_us
 .text.init_tim2_for_delay
                0x08004738       0x58 src\ds18b20.o
                0x08004738                init_tim2_for_delay
 .text.ds_reset_pulse
                0x08004790       0x90 src\ds18b20.o
                0x08004790                ds_reset_pulse
 .text.ds_write_bit
                0x08004820       0x6c src\ds18b20.o
                0x08004820                ds_write_bit
 .text.ds_write_byte
                0x0800488c       0x56 src\ds18b20.o
                0x0800488c                ds_write_byte
 *fill*         0x080048e2        0x2 
 .text.ds_read_bit
                0x080048e4       0x6c src\ds18b20.o
                0x080048e4                ds_read_bit
 .text.ds_read_byte
                0x08004950       0x52 src\ds18b20.o
                0x08004950                ds_read_byte
 .text.TIM_on_1sec
                0x080049a2       0x1a src\ds18b20.o
                0x080049a2                TIM_on_1sec
 .text.temperature_measurment_start
                0x080049bc       0x24 src\ds18b20.o
                0x080049bc                temperature_measurment_start
 .text.temprepature_measurment_read
                0x080049e0       0x98 src\ds18b20.o
                0x080049e0                temprepature_measurment_read
 .text.NVIC_EnableIRQ
                0x08004a78       0x2c src\init_TEC_throght_relay.o
 .text.NVIC_SetPriority
                0x08004aa4       0xdc src\init_TEC_throght_relay.o
 .text.TIM16_IRQHandler
                0x08004b80       0x88 src\init_TEC_throght_relay.o
                0x08004b80                TIM16_IRQHandler
 .text.TIM6_DAC_IRQHandler
                0x08004c08       0x60 src\init_TEC_throght_relay.o
                0x08004c08                TIM6_DAC_IRQHandler
 .text.Relay_regulating
                0x08004c68      0x1b4 src\init_TEC_throght_relay.o
                0x08004c68                Relay_regulating
 .text.relay_on
                0x08004e1c       0x1c src\init_TEC_throght_relay.o
                0x08004e1c                relay_on
 .text.relay_off
                0x08004e38       0x1c src\init_TEC_throght_relay.o
                0x08004e38                relay_off
 .text.init_periphery_relay_regulating
                0x08004e54       0x16 src\init_TEC_throght_relay.o
                0x08004e54                init_periphery_relay_regulating
 *fill*         0x08004e6a        0x2 
 .text.init_GPIO_for_relay
                0x08004e6c       0x3c src\init_TEC_throght_relay.o
                0x08004e6c                init_GPIO_for_relay
 .text.init_TIM6_for_Regulate_Time
                0x08004ea8       0x58 src\init_TEC_throght_relay.o
                0x08004ea8                init_TIM6_for_Regulate_Time
 .text.TIM6_set_heat_time
                0x08004f00       0x38 src\init_TEC_throght_relay.o
                0x08004f00                TIM6_set_heat_time
 .text.init_TIM16_for_wait_temp_set
                0x08004f38       0x5c src\init_TEC_throght_relay.o
                0x08004f38                init_TIM16_for_wait_temp_set
 .text.TIM16_set_wait_time
                0x08004f94       0x38 src\init_TEC_throght_relay.o
                0x08004f94                TIM16_set_wait_time
 .text.main     0x08004fcc       0x1a src\main.o
                0x08004fcc                main
 .text.init_periphery
                0x08004fe6       0x26 src\manage_program.o
                0x08004fe6                init_periphery
 .text.DS18B20_measure_temperature
                0x0800500c       0x84 src\manage_program.o
                0x0800500c                DS18B20_measure_temperature
 .text.NTC_measure_temperature
                0x08005090       0x50 src\manage_program.o
                0x08005090                NTC_measure_temperature
 .text.check_UART_cmd
                0x080050e0      0x114 src\manage_program.o
                0x080050e0                check_UART_cmd
 .text.init_clock
                0x080051f4       0xa8 src\manage_program.o
                0x080051f4                init_clock
 .text.Reset_Handler
                0x0800529c       0x50 src\startup_stm32f051x8.o
                0x0800529c                Reset_Handler
 .text.Default_Handler
                0x080052ec        0x2 src\startup_stm32f051x8.o
                0x080052ec                TIM1_CC_IRQHandler
                0x080052ec                TSC_IRQHandler
                0x080052ec                HardFault_Handler
                0x080052ec                ADC1_COMP_IRQHandler
                0x080052ec                SysTick_Handler
                0x080052ec                PVD_IRQHandler
                0x080052ec                PendSV_Handler
                0x080052ec                NMI_Handler
                0x080052ec                I2C1_IRQHandler
                0x080052ec                RCC_CRS_IRQHandler
                0x080052ec                SPI1_IRQHandler
                0x080052ec                EXTI2_3_IRQHandler
                0x080052ec                I2C2_IRQHandler
                0x080052ec                TIM17_IRQHandler
                0x080052ec                CEC_CAN_IRQHandler
                0x080052ec                RTC_IRQHandler
                0x080052ec                TIM3_IRQHandler
                0x080052ec                EXTI4_15_IRQHandler
                0x080052ec                Default_Handler
                0x080052ec                TIM14_IRQHandler
                0x080052ec                TIM15_IRQHandler
                0x080052ec                EXTI0_1_IRQHandler
                0x080052ec                SPI2_IRQHandler
                0x080052ec                SVC_Handler
                0x080052ec                WWDG_IRQHandler
                0x080052ec                USART2_IRQHandler
                0x080052ec                FLASH_IRQHandler
                0x080052ec                USART1_IRQHandler
                0x080052ec                TIM1_BRK_UP_TRG_COM_IRQHandler
 *fill*         0x080052ee        0x2 
 .text.SystemInit
                0x080052f0       0x88 src\system_stm32f0xx.o
                0x080052f0                SystemInit
 .text.SystemCoreClockUpdate
                0x08005378       0xd8 src\system_stm32f0xx.o
                0x08005378                SystemCoreClockUpdate
 .text.__libc_init_array
                0x08005450       0x48 c:/program files (x86)/atollic/truestudio for stm32 9.3.0/armtools/bin/../lib/gcc/arm-atollic-eabi/6.3.1/../../../../arm-atollic-eabi/lib/armv6-m\libc_nano.a(lib_a-init.o)
                0x08005450                __libc_init_array
 .text.fmod     0x08005498       0xc4 c:/program files (x86)/atollic/truestudio for stm32 9.3.0/armtools/bin/../lib/gcc/arm-atollic-eabi/6.3.1/../../../../arm-atollic-eabi/lib/armv6-m\libm.a(lib_a-w_fmod.o)
                0x08005498                fmod
 .text.log      0x0800555c      0x100 c:/program files (x86)/atollic/truestudio for stm32 9.3.0/armtools/bin/../lib/gcc/arm-atollic-eabi/6.3.1/../../../../arm-atollic-eabi/lib/armv6-m\libm.a(lib_a-w_log.o)
                0x0800555c                log
 .text.__ieee754_fmod
                0x0800565c      0x21c c:/program files (x86)/atollic/truestudio for stm32 9.3.0/armtools/bin/../lib/gcc/arm-atollic-eabi/6.3.1/../../../../arm-atollic-eabi/lib/armv6-m\libm.a(lib_a-e_fmod.o)
                0x0800565c                __ieee754_fmod
 .text.__ieee754_log
                0x08005878      0x3c0 c:/program files (x86)/atollic/truestudio for stm32 9.3.0/armtools/bin/../lib/gcc/arm-atollic-eabi/6.3.1/../../../../arm-atollic-eabi/lib/armv6-m\libm.a(lib_a-e_log.o)
                0x08005878                __ieee754_log
 .text.matherr  0x08005c38        0x4 c:/program files (x86)/atollic/truestudio for stm32 9.3.0/armtools/bin/../lib/gcc/arm-atollic-eabi/6.3.1/../../../../arm-atollic-eabi/lib/armv6-m\libm.a(lib_a-s_matherr.o)
                0x08005c38                matherr
 .text.nan      0x08005c3c        0xc c:/program files (x86)/atollic/truestudio for stm32 9.3.0/armtools/bin/../lib/gcc/arm-atollic-eabi/6.3.1/../../../../arm-atollic-eabi/lib/armv6-m\libm.a(lib_a-s_nan.o)
                0x08005c3c                nan
 .text.__errno  0x08005c48        0xc c:/program files (x86)/atollic/truestudio for stm32 9.3.0/armtools/bin/../lib/gcc/arm-atollic-eabi/6.3.1/../../../../arm-atollic-eabi/lib/armv6-m\libc_nano.a(lib_a-errno.o)
                0x08005c48                __errno
 *(.glue_7)
 .glue_7        0x08005c54        0x0 linker stubs
 *(.glue_7t)
 .glue_7t       0x08005c54        0x0 linker stubs
 *(.eh_frame)
 .eh_frame      0x08005c54        0x0 c:/program files (x86)/atollic/truestudio for stm32 9.3.0/armtools/bin/../lib/gcc/arm-atollic-eabi/6.3.1/armv6-m/crtbegin.o
 *(.init)
 .init          0x08005c54        0x4 c:/program files (x86)/atollic/truestudio for stm32 9.3.0/armtools/bin/../lib/gcc/arm-atollic-eabi/6.3.1/armv6-m/crti.o
                0x08005c54                _init
 .init          0x08005c58        0x8 c:/program files (x86)/atollic/truestudio for stm32 9.3.0/armtools/bin/../lib/gcc/arm-atollic-eabi/6.3.1/armv6-m/crtn.o
 *(.fini)
 .fini          0x08005c60        0x4 c:/program files (x86)/atollic/truestudio for stm32 9.3.0/armtools/bin/../lib/gcc/arm-atollic-eabi/6.3.1/armv6-m/crti.o
                0x08005c60                _fini
 .fini          0x08005c64        0x8 c:/program files (x86)/atollic/truestudio for stm32 9.3.0/armtools/bin/../lib/gcc/arm-atollic-eabi/6.3.1/armv6-m/crtn.o
                0x08005c6c                . = ALIGN (0x4)
                0x08005c6c                _etext = .

.vfp11_veneer   0x08005c6c        0x0
 .vfp11_veneer  0x08005c6c        0x0 linker stubs

.v4_bx          0x08005c6c        0x0
 .v4_bx         0x08005c6c        0x0 linker stubs

.iplt           0x08005c6c        0x0
 .iplt          0x08005c6c        0x0 c:/program files (x86)/atollic/truestudio for stm32 9.3.0/armtools/bin/../lib/gcc/arm-atollic-eabi/6.3.1/armv6-m/crtbegin.o

.rodata         0x08005c70      0x140
                0x08005c70                . = ALIGN (0x4)
 *(.rodata)
 .rodata        0x08005c70       0x40 c:/program files (x86)/atollic/truestudio for stm32 9.3.0/armtools/bin/../lib/gcc/arm-atollic-eabi/6.3.1/armv6-m\libgcc.a(mulsf3.o)
 .rodata        0x08005cb0       0x40 c:/program files (x86)/atollic/truestudio for stm32 9.3.0/armtools/bin/../lib/gcc/arm-atollic-eabi/6.3.1/armv6-m\libgcc.a(divdf3.o)
 .rodata        0x08005cf0       0x40 c:/program files (x86)/atollic/truestudio for stm32 9.3.0/armtools/bin/../lib/gcc/arm-atollic-eabi/6.3.1/armv6-m\libgcc.a(muldf3.o)
 *(.rodata*)
 .rodata.Choose_symbol_for_draw
                0x08005d30       0x50 src\TFT_display_temperature.o
 .rodata.AHBPrescTable
                0x08005d80       0x10 src\system_stm32f0xx.o
                0x08005d80                AHBPrescTable
 .rodata.fmod.str1.1
                0x08005d90        0x5 c:/program files (x86)/atollic/truestudio for stm32 9.3.0/armtools/bin/../lib/gcc/arm-atollic-eabi/6.3.1/../../../../arm-atollic-eabi/lib/armv6-m\libm.a(lib_a-w_fmod.o)
 .rodata.log.str1.1
                0x08005d95        0x4 c:/program files (x86)/atollic/truestudio for stm32 9.3.0/armtools/bin/../lib/gcc/arm-atollic-eabi/6.3.1/../../../../arm-atollic-eabi/lib/armv6-m\libm.a(lib_a-w_log.o)
                                  0x5 (size before relaxing)
 *fill*         0x08005d99        0x7 
 .rodata.Zero   0x08005da0       0x10 c:/program files (x86)/atollic/truestudio for stm32 9.3.0/armtools/bin/../lib/gcc/arm-atollic-eabi/6.3.1/../../../../arm-atollic-eabi/lib/armv6-m\libm.a(lib_a-e_fmod.o)
                0x08005db0                . = ALIGN (0x4)

.rel.dyn        0x08005db0        0x0
 .rel.iplt      0x08005db0        0x0 c:/program files (x86)/atollic/truestudio for stm32 9.3.0/armtools/bin/../lib/gcc/arm-atollic-eabi/6.3.1/armv6-m/crtbegin.o

.ARM.extab
 *(.ARM.extab* .gnu.linkonce.armextab.*)

.ARM            0x08005db0        0x0
                0x08005db0                __exidx_start = .
 *(.ARM.exidx*)
                0x08005db0                __exidx_end = .

.preinit_array  0x08005db0        0x0
                0x08005db0                PROVIDE (__preinit_array_start, .)
 *(.preinit_array*)
                0x08005db0                PROVIDE (__preinit_array_end, .)

.init_array     0x08005db0        0x4
                0x08005db0                PROVIDE (__init_array_start, .)
 *(SORT(.init_array.*))
 *(.init_array*)
 .init_array    0x08005db0        0x4 c:/program files (x86)/atollic/truestudio for stm32 9.3.0/armtools/bin/../lib/gcc/arm-atollic-eabi/6.3.1/armv6-m/crtbegin.o
                0x08005db4                PROVIDE (__init_array_end, .)

.fini_array     0x08005db4        0x4
                [!provide]                PROVIDE (__fini_array_start, .)
 *(SORT(.fini_array.*))
 *(.fini_array*)
 .fini_array    0x08005db4        0x4 c:/program files (x86)/atollic/truestudio for stm32 9.3.0/armtools/bin/../lib/gcc/arm-atollic-eabi/6.3.1/armv6-m/crtbegin.o
                [!provide]                PROVIDE (__fini_array_end, .)
                0x08005db8                _sidata = LOADADDR (.data)

.data           0x20000000       0x6c load address 0x08005db8
                0x20000000                . = ALIGN (0x4)
                0x20000000                _sdata = .
 *(.data)
 *(.data*)
 .data.SystemCoreClock
                0x20000000        0x4 src\system_stm32f0xx.o
                0x20000000                SystemCoreClock
 .data.__fdlib_version
                0x20000004        0x1 c:/program files (x86)/atollic/truestudio for stm32 9.3.0/armtools/bin/../lib/gcc/arm-atollic-eabi/6.3.1/../../../../arm-atollic-eabi/lib/armv6-m\libm.a(lib_a-s_lib_ver.o)
                0x20000004                __fdlib_version
 *fill*         0x20000005        0x3 
 .data._impure_ptr
                0x20000008        0x4 c:/program files (x86)/atollic/truestudio for stm32 9.3.0/armtools/bin/../lib/gcc/arm-atollic-eabi/6.3.1/../../../../arm-atollic-eabi/lib/armv6-m\libc_nano.a(lib_a-impure.o)
                0x20000008                _impure_ptr
 .data.impure_data
                0x2000000c       0x60 c:/program files (x86)/atollic/truestudio for stm32 9.3.0/armtools/bin/../lib/gcc/arm-atollic-eabi/6.3.1/../../../../arm-atollic-eabi/lib/armv6-m\libc_nano.a(lib_a-impure.o)
                0x2000006c                . = ALIGN (0x4)
                0x2000006c                _edata = .

.igot.plt       0x2000006c        0x0 load address 0x08005e24
 .igot.plt      0x2000006c        0x0 c:/program files (x86)/atollic/truestudio for stm32 9.3.0/armtools/bin/../lib/gcc/arm-atollic-eabi/6.3.1/armv6-m/crtbegin.o
                0x2000006c                . = ALIGN (0x4)

.bss            0x20000070      0xcb0 load address 0x08005e24
                0x20000070                _sbss = .
                0x20000070                __bss_start__ = _sbss
 *(.bss)
 .bss           0x20000070       0x1c c:/program files (x86)/atollic/truestudio for stm32 9.3.0/armtools/bin/../lib/gcc/arm-atollic-eabi/6.3.1/armv6-m/crtbegin.o
 *(.bss*)
 .bss.previous_full_width_curr_temp
                0x2000008c        0x1 src\TFT_display_temperature.o
                0x2000008c                previous_full_width_curr_temp
 .bss.previous_full_width_aim_temp
                0x2000008d        0x1 src\TFT_display_temperature.o
                0x2000008d                previous_full_width_aim_temp
 .bss.count_pixels
                0x2000008e        0x2 src\TFT_through_SPI.o
 .bss.rx_data_state
                0x20000090        0x1 src\UART_for_PC.o
                0x20000090                rx_data_state
 .bss.ds18b20_cmd
                0x20000091        0x1 src\constant.o
                0x20000091                ds18b20_cmd
 .bss.regulate_status
                0x20000092        0x1 src\constant.o
                0x20000092                regulate_status
 .bss.program_status
                0x20000093        0x1 src\constant.o
                0x20000093                program_status
 *(COMMON)
 *fill*         0x20000094        0x4 
 COMMON         0x20000098       0x28 src\NTC_10k_using_ADC.o
                0x20000098                ADC_HAVE_DATA
                0x200000a0                Ntc_Tmp
                0x200000a8                ADC_value
                0x200000aa                Ntc_R
                0x200000b0                temperatures
 COMMON         0x200000c0      0xc00 src\SPI_for_TFT.o
                0x200000c0                mat_for_symbol
                0x200004c0                color_mat
 COMMON         0x20000cc0        0xf src\TFT_display_temperature.o
                0x20000cc0                symbols_distribution
 *fill*         0x20000ccf        0x1 
 COMMON         0x20000cd0       0x42 src\UART_for_PC.o
                0x20000cd0                UART_tx_buf
                0x20000d10                UART_rx_buf
 *fill*         0x20000d12        0x2 
 COMMON         0x20000d14        0xc src\ds18b20.o
                0x20000d14                ds_buff
                0x20000d1e                temp
                0x20000d20                . = ALIGN (0x4)
                0x20000d20                _ebss = .
                0x20000d20                __bss_end__ = _ebss

._user_heap_stack
                0x20000d20       0x80 load address 0x08005e24
                0x20000d20                . = ALIGN (0x4)
                [!provide]                PROVIDE (end, .)
                [!provide]                PROVIDE (_end, .)
                0x20000d20                . = (. + _Min_Heap_Size)
                0x20000da0                . = (. + _Min_Stack_Size)
 *fill*         0x20000d20       0x80 
                0x20000da0                . = ALIGN (0x4)

.memory_b1_text
 *(.mb1text)
 *(.mb1text*)
 *(.mb1rodata)
 *(.mb1rodata*)

/DISCARD/
 libc.a(*)
 libm.a(*)
 libgcc.a(*)

.ARM.attributes
                0x00000000       0x28
 *(.ARM.attributes)
 .ARM.attributes
                0x00000000       0x1e c:/program files (x86)/atollic/truestudio for stm32 9.3.0/armtools/bin/../lib/gcc/arm-atollic-eabi/6.3.1/armv6-m/crti.o
 .ARM.attributes
                0x0000001e       0x2c c:/program files (x86)/atollic/truestudio for stm32 9.3.0/armtools/bin/../lib/gcc/arm-atollic-eabi/6.3.1/armv6-m/crtbegin.o
 .ARM.attributes
                0x0000004a       0x31 src\FLASH.o
 .ARM.attributes
                0x0000007b       0x31 src\NTC_10k_using_ADC.o
 .ARM.attributes
                0x000000ac       0x31 src\SPI_for_TFT.o
 .ARM.attributes
                0x000000dd       0x31 src\TFT_display_temperature.o
 .ARM.attributes
                0x0000010e       0x31 src\TFT_through_SPI.o
 .ARM.attributes
                0x0000013f       0x31 src\UART_for_PC.o
 .ARM.attributes
                0x00000170       0x31 src\constant.o
 .ARM.attributes
                0x000001a1       0x31 src\ds18b20.o
 .ARM.attributes
                0x000001d2       0x31 src\init_TEC_throght_relay.o
 .ARM.attributes
                0x00000203       0x31 src\main.o
 .ARM.attributes
                0x00000234       0x31 src\manage_program.o
 .ARM.attributes
                0x00000265       0x21 src\startup_stm32f051x8.o
 .ARM.attributes
                0x00000286       0x31 src\system_stm32f0xx.o
 .ARM.attributes
                0x000002b7       0x2c c:/program files (x86)/atollic/truestudio for stm32 9.3.0/armtools/bin/../lib/gcc/arm-atollic-eabi/6.3.1/../../../../arm-atollic-eabi/lib/armv6-m\libc_nano.a(lib_a-init.o)
 .ARM.attributes
                0x000002e3       0x2c c:/program files (x86)/atollic/truestudio for stm32 9.3.0/armtools/bin/../lib/gcc/arm-atollic-eabi/6.3.1/../../../../arm-atollic-eabi/lib/armv6-m\libm.a(lib_a-w_fmod.o)
 .ARM.attributes
                0x0000030f       0x2c c:/program files (x86)/atollic/truestudio for stm32 9.3.0/armtools/bin/../lib/gcc/arm-atollic-eabi/6.3.1/../../../../arm-atollic-eabi/lib/armv6-m\libm.a(lib_a-w_log.o)
 .ARM.attributes
                0x0000033b       0x2c c:/program files (x86)/atollic/truestudio for stm32 9.3.0/armtools/bin/../lib/gcc/arm-atollic-eabi/6.3.1/../../../../arm-atollic-eabi/lib/armv6-m\libm.a(lib_a-e_fmod.o)
 .ARM.attributes
                0x00000367       0x2c c:/program files (x86)/atollic/truestudio for stm32 9.3.0/armtools/bin/../lib/gcc/arm-atollic-eabi/6.3.1/../../../../arm-atollic-eabi/lib/armv6-m\libm.a(lib_a-e_log.o)
 .ARM.attributes
                0x00000393       0x2c c:/program files (x86)/atollic/truestudio for stm32 9.3.0/armtools/bin/../lib/gcc/arm-atollic-eabi/6.3.1/../../../../arm-atollic-eabi/lib/armv6-m\libm.a(lib_a-s_lib_ver.o)
 .ARM.attributes
                0x000003bf       0x2c c:/program files (x86)/atollic/truestudio for stm32 9.3.0/armtools/bin/../lib/gcc/arm-atollic-eabi/6.3.1/../../../../arm-atollic-eabi/lib/armv6-m\libm.a(lib_a-s_matherr.o)
 .ARM.attributes
                0x000003eb       0x2c c:/program files (x86)/atollic/truestudio for stm32 9.3.0/armtools/bin/../lib/gcc/arm-atollic-eabi/6.3.1/../../../../arm-atollic-eabi/lib/armv6-m\libm.a(lib_a-s_nan.o)
 .ARM.attributes
                0x00000417       0x2c c:/program files (x86)/atollic/truestudio for stm32 9.3.0/armtools/bin/../lib/gcc/arm-atollic-eabi/6.3.1/../../../../arm-atollic-eabi/lib/armv6-m\libc_nano.a(lib_a-errno.o)
 .ARM.attributes
                0x00000443       0x2c c:/program files (x86)/atollic/truestudio for stm32 9.3.0/armtools/bin/../lib/gcc/arm-atollic-eabi/6.3.1/../../../../arm-atollic-eabi/lib/armv6-m\libc_nano.a(lib_a-impure.o)
 .ARM.attributes
                0x0000046f       0x1e c:/program files (x86)/atollic/truestudio for stm32 9.3.0/armtools/bin/../lib/gcc/arm-atollic-eabi/6.3.1/armv6-m\libgcc.a(_udivsi3.o)
 .ARM.attributes
                0x0000048d       0x1e c:/program files (x86)/atollic/truestudio for stm32 9.3.0/armtools/bin/../lib/gcc/arm-atollic-eabi/6.3.1/armv6-m\libgcc.a(_dvmd_tls.o)
 .ARM.attributes
                0x000004ab       0x1e c:/program files (x86)/atollic/truestudio for stm32 9.3.0/armtools/bin/../lib/gcc/arm-atollic-eabi/6.3.1/armv6-m\libgcc.a(_arm_cmpdf2.o)
 .ARM.attributes
                0x000004c9       0x2c c:/program files (x86)/atollic/truestudio for stm32 9.3.0/armtools/bin/../lib/gcc/arm-atollic-eabi/6.3.1/armv6-m\libgcc.a(_fixunssfsi.o)
 .ARM.attributes
                0x000004f5       0x2c c:/program files (x86)/atollic/truestudio for stm32 9.3.0/armtools/bin/../lib/gcc/arm-atollic-eabi/6.3.1/armv6-m\libgcc.a(_fixunsdfsi.o)
 .ARM.attributes
                0x00000521       0x2c c:/program files (x86)/atollic/truestudio for stm32 9.3.0/armtools/bin/../lib/gcc/arm-atollic-eabi/6.3.1/armv6-m\libgcc.a(addsf3.o)
 .ARM.attributes
                0x0000054d       0x2c c:/program files (x86)/atollic/truestudio for stm32 9.3.0/armtools/bin/../lib/gcc/arm-atollic-eabi/6.3.1/armv6-m\libgcc.a(mulsf3.o)
 .ARM.attributes
                0x00000579       0x2c c:/program files (x86)/atollic/truestudio for stm32 9.3.0/armtools/bin/../lib/gcc/arm-atollic-eabi/6.3.1/armv6-m\libgcc.a(subsf3.o)
 .ARM.attributes
                0x000005a5       0x2c c:/program files (x86)/atollic/truestudio for stm32 9.3.0/armtools/bin/../lib/gcc/arm-atollic-eabi/6.3.1/armv6-m\libgcc.a(fixsfsi.o)
 .ARM.attributes
                0x000005d1       0x2c c:/program files (x86)/atollic/truestudio for stm32 9.3.0/armtools/bin/../lib/gcc/arm-atollic-eabi/6.3.1/armv6-m\libgcc.a(floatsisf.o)
 .ARM.attributes
                0x000005fd       0x2c c:/program files (x86)/atollic/truestudio for stm32 9.3.0/armtools/bin/../lib/gcc/arm-atollic-eabi/6.3.1/armv6-m\libgcc.a(adddf3.o)
 .ARM.attributes
                0x00000629       0x2c c:/program files (x86)/atollic/truestudio for stm32 9.3.0/armtools/bin/../lib/gcc/arm-atollic-eabi/6.3.1/armv6-m\libgcc.a(divdf3.o)
 .ARM.attributes
                0x00000655       0x2c c:/program files (x86)/atollic/truestudio for stm32 9.3.0/armtools/bin/../lib/gcc/arm-atollic-eabi/6.3.1/armv6-m\libgcc.a(eqdf2.o)
 .ARM.attributes
                0x00000681       0x2c c:/program files (x86)/atollic/truestudio for stm32 9.3.0/armtools/bin/../lib/gcc/arm-atollic-eabi/6.3.1/armv6-m\libgcc.a(gedf2.o)
 .ARM.attributes
                0x000006ad       0x2c c:/program files (x86)/atollic/truestudio for stm32 9.3.0/armtools/bin/../lib/gcc/arm-atollic-eabi/6.3.1/armv6-m\libgcc.a(ledf2.o)
 .ARM.attributes
                0x000006d9       0x2c c:/program files (x86)/atollic/truestudio for stm32 9.3.0/armtools/bin/../lib/gcc/arm-atollic-eabi/6.3.1/armv6-m\libgcc.a(muldf3.o)
 .ARM.attributes
                0x00000705       0x2c c:/program files (x86)/atollic/truestudio for stm32 9.3.0/armtools/bin/../lib/gcc/arm-atollic-eabi/6.3.1/armv6-m\libgcc.a(subdf3.o)
 .ARM.attributes
                0x00000731       0x2c c:/program files (x86)/atollic/truestudio for stm32 9.3.0/armtools/bin/../lib/gcc/arm-atollic-eabi/6.3.1/armv6-m\libgcc.a(unorddf2.o)
 .ARM.attributes
                0x0000075d       0x2c c:/program files (x86)/atollic/truestudio for stm32 9.3.0/armtools/bin/../lib/gcc/arm-atollic-eabi/6.3.1/armv6-m\libgcc.a(fixdfsi.o)
 .ARM.attributes
                0x00000789       0x2c c:/program files (x86)/atollic/truestudio for stm32 9.3.0/armtools/bin/../lib/gcc/arm-atollic-eabi/6.3.1/armv6-m\libgcc.a(floatsidf.o)
 .ARM.attributes
                0x000007b5       0x2c c:/program files (x86)/atollic/truestudio for stm32 9.3.0/armtools/bin/../lib/gcc/arm-atollic-eabi/6.3.1/armv6-m\libgcc.a(floatunsidf.o)
 .ARM.attributes
                0x000007e1       0x2c c:/program files (x86)/atollic/truestudio for stm32 9.3.0/armtools/bin/../lib/gcc/arm-atollic-eabi/6.3.1/armv6-m\libgcc.a(extendsfdf2.o)
 .ARM.attributes
                0x0000080d       0x1e c:/program files (x86)/atollic/truestudio for stm32 9.3.0/armtools/bin/../lib/gcc/arm-atollic-eabi/6.3.1/armv6-m\libgcc.a(_arm_cmpsf2.o)
 .ARM.attributes
                0x0000082b       0x1e c:/program files (x86)/atollic/truestudio for stm32 9.3.0/armtools/bin/../lib/gcc/arm-atollic-eabi/6.3.1/armv6-m\libgcc.a(_clzsi2.o)
 .ARM.attributes
                0x00000849       0x2c c:/program files (x86)/atollic/truestudio for stm32 9.3.0/armtools/bin/../lib/gcc/arm-atollic-eabi/6.3.1/armv6-m\libgcc.a(eqsf2.o)
 .ARM.attributes
                0x00000875       0x2c c:/program files (x86)/atollic/truestudio for stm32 9.3.0/armtools/bin/../lib/gcc/arm-atollic-eabi/6.3.1/armv6-m\libgcc.a(gesf2.o)
 .ARM.attributes
                0x000008a1       0x2c c:/program files (x86)/atollic/truestudio for stm32 9.3.0/armtools/bin/../lib/gcc/arm-atollic-eabi/6.3.1/armv6-m\libgcc.a(lesf2.o)
 .ARM.attributes
                0x000008cd       0x1e c:/program files (x86)/atollic/truestudio for stm32 9.3.0/armtools/bin/../lib/gcc/arm-atollic-eabi/6.3.1/armv6-m/crtn.o
OUTPUT(Thermostat.elf elf32-littlearm)

.debug_info     0x00000000     0x6bf6
 .debug_info    0x00000000      0x2a6 src\FLASH.o
 .debug_info    0x000002a6     0x11ec src\NTC_10k_using_ADC.o
 .debug_info    0x00001492      0x966 src\SPI_for_TFT.o
 .debug_info    0x00001df8      0xde3 src\TFT_display_temperature.o
 .debug_info    0x00002bdb      0x727 src\TFT_through_SPI.o
 .debug_info    0x00003302      0x912 src\UART_for_PC.o
 .debug_info    0x00003c14      0x20a src\constant.o
 .debug_info    0x00003e1e      0x94a src\ds18b20.o
 .debug_info    0x00004768      0x871 src\init_TEC_throght_relay.o
 .debug_info    0x00004fd9      0xc08 src\main.o
 .debug_info    0x00005be1      0xd4c src\manage_program.o
 .debug_info    0x0000692d       0x7f src\startup_stm32f051x8.o
 .debug_info    0x000069ac      0x24a src\system_stm32f0xx.o

.debug_abbrev   0x00000000     0x15ec
 .debug_abbrev  0x00000000      0x129 src\FLASH.o
 .debug_abbrev  0x00000129      0x296 src\NTC_10k_using_ADC.o
 .debug_abbrev  0x000003bf      0x238 src\SPI_for_TFT.o
 .debug_abbrev  0x000005f7      0x262 src\TFT_display_temperature.o
 .debug_abbrev  0x00000859      0x1d7 src\TFT_through_SPI.o
 .debug_abbrev  0x00000a30      0x21e src\UART_for_PC.o
 .debug_abbrev  0x00000c4e       0xa6 src\constant.o
 .debug_abbrev  0x00000cf4      0x25a src\ds18b20.o
 .debug_abbrev  0x00000f4e      0x1fd src\init_TEC_throght_relay.o
 .debug_abbrev  0x0000114b      0x1c1 src\main.o
 .debug_abbrev  0x0000130c      0x1d1 src\manage_program.o
 .debug_abbrev  0x000014dd       0x12 src\startup_stm32f051x8.o
 .debug_abbrev  0x000014ef       0xfd src\system_stm32f0xx.o

.debug_aranges  0x00000000      0x438
 .debug_aranges
                0x00000000       0x40 src\FLASH.o
 .debug_aranges
                0x00000040       0x58 src\NTC_10k_using_ADC.o
 .debug_aranges
                0x00000098       0x78 src\SPI_for_TFT.o
 .debug_aranges
                0x00000110       0x50 src\TFT_display_temperature.o
 .debug_aranges
                0x00000160       0xa8 src\TFT_through_SPI.o
 .debug_aranges
                0x00000208       0x50 src\UART_for_PC.o
 .debug_aranges
                0x00000258       0x18 src\constant.o
 .debug_aranges
                0x00000270       0x90 src\ds18b20.o
 .debug_aranges
                0x00000300       0x80 src\init_TEC_throght_relay.o
 .debug_aranges
                0x00000380       0x20 src\main.o
 .debug_aranges
                0x000003a0       0x48 src\manage_program.o
 .debug_aranges
                0x000003e8       0x28 src\startup_stm32f051x8.o
 .debug_aranges
                0x00000410       0x28 src\system_stm32f0xx.o

.debug_ranges   0x00000000      0x368
 .debug_ranges  0x00000000       0x30 src\FLASH.o
 .debug_ranges  0x00000030       0x48 src\NTC_10k_using_ADC.o
 .debug_ranges  0x00000078       0x68 src\SPI_for_TFT.o
 .debug_ranges  0x000000e0       0x40 src\TFT_display_temperature.o
 .debug_ranges  0x00000120       0x98 src\TFT_through_SPI.o
 .debug_ranges  0x000001b8       0x40 src\UART_for_PC.o
 .debug_ranges  0x000001f8       0x80 src\ds18b20.o
 .debug_ranges  0x00000278       0x70 src\init_TEC_throght_relay.o
 .debug_ranges  0x000002e8       0x10 src\main.o
 .debug_ranges  0x000002f8       0x38 src\manage_program.o
 .debug_ranges  0x00000330       0x20 src\startup_stm32f051x8.o
 .debug_ranges  0x00000350       0x18 src\system_stm32f0xx.o

.debug_line     0x00000000     0x2375
 .debug_line    0x00000000      0x222 src\FLASH.o
 .debug_line    0x00000222      0x398 src\NTC_10k_using_ADC.o
 .debug_line    0x000005ba      0x315 src\SPI_for_TFT.o
 .debug_line    0x000008cf      0x41f src\TFT_display_temperature.o
 .debug_line    0x00000cee      0x35a src\TFT_through_SPI.o
 .debug_line    0x00001048      0x28a src\UART_for_PC.o
 .debug_line    0x000012d2      0x15a src\constant.o
 .debug_line    0x0000142c      0x377 src\ds18b20.o
 .debug_line    0x000017a3      0x2f1 src\init_TEC_throght_relay.o
 .debug_line    0x00001a94      0x2f7 src\main.o
 .debug_line    0x00001d8b      0x3b3 src\manage_program.o
 .debug_line    0x0000213e       0x7f src\startup_stm32f051x8.o
 .debug_line    0x000021bd      0x1b8 src\system_stm32f0xx.o

.debug_str      0x00000000     0x14b8
 .debug_str     0x00000000      0x24e src\FLASH.o
                                0x2a6 (size before relaxing)
 .debug_str     0x0000024e      0x9cf src\NTC_10k_using_ADC.o
                                0xc30 (size before relaxing)
 .debug_str     0x00000c1d      0x134 src\SPI_for_TFT.o
                                0x7c0 (size before relaxing)
 .debug_str     0x00000d51      0x21a src\TFT_display_temperature.o
                                0xa2d (size before relaxing)
 .debug_str     0x00000f6b      0x175 src\TFT_through_SPI.o
                                0x518 (size before relaxing)
 .debug_str     0x000010e0       0xe6 src\UART_for_PC.o
                                0x77f (size before relaxing)
 .debug_str     0x000011c6       0x12 src\constant.o
                                0x34c (size before relaxing)
 .debug_str     0x000011d8       0xf0 src\ds18b20.o
                                0x78f (size before relaxing)
 .debug_str     0x000012c8      0x10f src\init_TEC_throght_relay.o
                                0x789 (size before relaxing)
 .debug_str     0x000013d7       0x13 src\main.o
                                0x8bf (size before relaxing)
 .debug_str     0x000013ea       0x74 src\manage_program.o
                                0x9b5 (size before relaxing)
 .debug_str     0x0000145e       0x5a src\system_stm32f0xx.o
                                0x26e (size before relaxing)

.comment        0x00000000       0x7c
 .comment       0x00000000       0x7c src\FLASH.o
                                 0x7d (size before relaxing)
 .comment       0x0000007c       0x7d src\NTC_10k_using_ADC.o
 .comment       0x0000007c       0x7d src\SPI_for_TFT.o
 .comment       0x0000007c       0x7d src\TFT_display_temperature.o
 .comment       0x0000007c       0x7d src\TFT_through_SPI.o
 .comment       0x0000007c       0x7d src\UART_for_PC.o
 .comment       0x0000007c       0x7d src\constant.o
 .comment       0x0000007c       0x7d src\ds18b20.o
 .comment       0x0000007c       0x7d src\init_TEC_throght_relay.o
 .comment       0x0000007c       0x7d src\main.o
 .comment       0x0000007c       0x7d src\manage_program.o
 .comment       0x0000007c       0x7d src\system_stm32f0xx.o

.debug_frame    0x00000000     0x11ac
 .debug_frame   0x00000000       0xa8 src\FLASH.o
 .debug_frame   0x000000a8      0x104 src\NTC_10k_using_ADC.o
 .debug_frame   0x000001ac      0x180 src\SPI_for_TFT.o
 .debug_frame   0x0000032c       0xf4 src\TFT_display_temperature.o
 .debug_frame   0x00000420      0x248 src\TFT_through_SPI.o
 .debug_frame   0x00000668       0xe8 src\UART_for_PC.o
 .debug_frame   0x00000750      0x1d8 src\ds18b20.o
 .debug_frame   0x00000928      0x19c src\init_TEC_throght_relay.o
 .debug_frame   0x00000ac4       0x2c src\main.o
 .debug_frame   0x00000af0       0xc4 src\manage_program.o
 .debug_frame   0x00000bb4       0x4c src\system_stm32f0xx.o
 .debug_frame   0x00000c00       0x2c c:/program files (x86)/atollic/truestudio for stm32 9.3.0/armtools/bin/../lib/gcc/arm-atollic-eabi/6.3.1/../../../../arm-atollic-eabi/lib/armv6-m\libc_nano.a(lib_a-init.o)
 .debug_frame   0x00000c2c       0x30 c:/program files (x86)/atollic/truestudio for stm32 9.3.0/armtools/bin/../lib/gcc/arm-atollic-eabi/6.3.1/../../../../arm-atollic-eabi/lib/armv6-m\libm.a(lib_a-w_fmod.o)
 .debug_frame   0x00000c5c       0x30 c:/program files (x86)/atollic/truestudio for stm32 9.3.0/armtools/bin/../lib/gcc/arm-atollic-eabi/6.3.1/../../../../arm-atollic-eabi/lib/armv6-m\libm.a(lib_a-w_log.o)
 .debug_frame   0x00000c8c       0x30 c:/program files (x86)/atollic/truestudio for stm32 9.3.0/armtools/bin/../lib/gcc/arm-atollic-eabi/6.3.1/../../../../arm-atollic-eabi/lib/armv6-m\libm.a(lib_a-e_fmod.o)
 .debug_frame   0x00000cbc       0x30 c:/program files (x86)/atollic/truestudio for stm32 9.3.0/armtools/bin/../lib/gcc/arm-atollic-eabi/6.3.1/../../../../arm-atollic-eabi/lib/armv6-m\libm.a(lib_a-e_log.o)
 .debug_frame   0x00000cec       0x20 c:/program files (x86)/atollic/truestudio for stm32 9.3.0/armtools/bin/../lib/gcc/arm-atollic-eabi/6.3.1/../../../../arm-atollic-eabi/lib/armv6-m\libm.a(lib_a-s_matherr.o)
 .debug_frame   0x00000d0c       0x20 c:/program files (x86)/atollic/truestudio for stm32 9.3.0/armtools/bin/../lib/gcc/arm-atollic-eabi/6.3.1/../../../../arm-atollic-eabi/lib/armv6-m\libm.a(lib_a-s_nan.o)
 .debug_frame   0x00000d2c       0x20 c:/program files (x86)/atollic/truestudio for stm32 9.3.0/armtools/bin/../lib/gcc/arm-atollic-eabi/6.3.1/../../../../arm-atollic-eabi/lib/armv6-m\libc_nano.a(lib_a-errno.o)
 .debug_frame   0x00000d4c       0x20 c:/program files (x86)/atollic/truestudio for stm32 9.3.0/armtools/bin/../lib/gcc/arm-atollic-eabi/6.3.1/armv6-m\libgcc.a(_udivsi3.o)
 .debug_frame   0x00000d6c       0x28 c:/program files (x86)/atollic/truestudio for stm32 9.3.0/armtools/bin/../lib/gcc/arm-atollic-eabi/6.3.1/armv6-m\libgcc.a(_fixunssfsi.o)
 .debug_frame   0x00000d94       0x2c c:/program files (x86)/atollic/truestudio for stm32 9.3.0/armtools/bin/../lib/gcc/arm-atollic-eabi/6.3.1/armv6-m\libgcc.a(_fixunsdfsi.o)
 .debug_frame   0x00000dc0       0x34 c:/program files (x86)/atollic/truestudio for stm32 9.3.0/armtools/bin/../lib/gcc/arm-atollic-eabi/6.3.1/armv6-m\libgcc.a(addsf3.o)
 .debug_frame   0x00000df4       0x3c c:/program files (x86)/atollic/truestudio for stm32 9.3.0/armtools/bin/../lib/gcc/arm-atollic-eabi/6.3.1/armv6-m\libgcc.a(mulsf3.o)
 .debug_frame   0x00000e30       0x38 c:/program files (x86)/atollic/truestudio for stm32 9.3.0/armtools/bin/../lib/gcc/arm-atollic-eabi/6.3.1/armv6-m\libgcc.a(subsf3.o)
 .debug_frame   0x00000e68       0x20 c:/program files (x86)/atollic/truestudio for stm32 9.3.0/armtools/bin/../lib/gcc/arm-atollic-eabi/6.3.1/armv6-m\libgcc.a(fixsfsi.o)
 .debug_frame   0x00000e88       0x2c c:/program files (x86)/atollic/truestudio for stm32 9.3.0/armtools/bin/../lib/gcc/arm-atollic-eabi/6.3.1/armv6-m\libgcc.a(floatsisf.o)
 .debug_frame   0x00000eb4       0x3c c:/program files (x86)/atollic/truestudio for stm32 9.3.0/armtools/bin/../lib/gcc/arm-atollic-eabi/6.3.1/armv6-m\libgcc.a(adddf3.o)
 .debug_frame   0x00000ef0       0x3c c:/program files (x86)/atollic/truestudio for stm32 9.3.0/armtools/bin/../lib/gcc/arm-atollic-eabi/6.3.1/armv6-m\libgcc.a(divdf3.o)
 .debug_frame   0x00000f2c       0x38 c:/program files (x86)/atollic/truestudio for stm32 9.3.0/armtools/bin/../lib/gcc/arm-atollic-eabi/6.3.1/armv6-m\libgcc.a(eqdf2.o)
 .debug_frame   0x00000f64       0x38 c:/program files (x86)/atollic/truestudio for stm32 9.3.0/armtools/bin/../lib/gcc/arm-atollic-eabi/6.3.1/armv6-m\libgcc.a(gedf2.o)
 .debug_frame   0x00000f9c       0x38 c:/program files (x86)/atollic/truestudio for stm32 9.3.0/armtools/bin/../lib/gcc/arm-atollic-eabi/6.3.1/armv6-m\libgcc.a(ledf2.o)
 .debug_frame   0x00000fd4       0x3c c:/program files (x86)/atollic/truestudio for stm32 9.3.0/armtools/bin/../lib/gcc/arm-atollic-eabi/6.3.1/armv6-m\libgcc.a(muldf3.o)
 .debug_frame   0x00001010       0x38 c:/program files (x86)/atollic/truestudio for stm32 9.3.0/armtools/bin/../lib/gcc/arm-atollic-eabi/6.3.1/armv6-m\libgcc.a(subdf3.o)
 .debug_frame   0x00001048       0x2c c:/program files (x86)/atollic/truestudio for stm32 9.3.0/armtools/bin/../lib/gcc/arm-atollic-eabi/6.3.1/armv6-m\libgcc.a(unorddf2.o)
 .debug_frame   0x00001074       0x2c c:/program files (x86)/atollic/truestudio for stm32 9.3.0/armtools/bin/../lib/gcc/arm-atollic-eabi/6.3.1/armv6-m\libgcc.a(fixdfsi.o)
 .debug_frame   0x000010a0       0x2c c:/program files (x86)/atollic/truestudio for stm32 9.3.0/armtools/bin/../lib/gcc/arm-atollic-eabi/6.3.1/armv6-m\libgcc.a(floatsidf.o)
 .debug_frame   0x000010cc       0x28 c:/program files (x86)/atollic/truestudio for stm32 9.3.0/armtools/bin/../lib/gcc/arm-atollic-eabi/6.3.1/armv6-m\libgcc.a(floatunsidf.o)
 .debug_frame   0x000010f4       0x2c c:/program files (x86)/atollic/truestudio for stm32 9.3.0/armtools/bin/../lib/gcc/arm-atollic-eabi/6.3.1/armv6-m\libgcc.a(extendsfdf2.o)
 .debug_frame   0x00001120       0x2c c:/program files (x86)/atollic/truestudio for stm32 9.3.0/armtools/bin/../lib/gcc/arm-atollic-eabi/6.3.1/armv6-m\libgcc.a(eqsf2.o)
 .debug_frame   0x0000114c       0x30 c:/program files (x86)/atollic/truestudio for stm32 9.3.0/armtools/bin/../lib/gcc/arm-atollic-eabi/6.3.1/armv6-m\libgcc.a(gesf2.o)
 .debug_frame   0x0000117c       0x30 c:/program files (x86)/atollic/truestudio for stm32 9.3.0/armtools/bin/../lib/gcc/arm-atollic-eabi/6.3.1/armv6-m\libgcc.a(lesf2.o)

.stabstr        0x00000000       0x3f
 .stabstr       0x00000000       0x3f c:/program files (x86)/atollic/truestudio for stm32 9.3.0/armtools/bin/../lib/gcc/arm-atollic-eabi/6.3.1/../../../../arm-atollic-eabi/lib/armv6-m\libnosys.a(write.o)

Cross Reference Table

Symbol                                            File
ADC1_COMP_IRQHandler                              src\startup_stm32f051x8.o
ADC_HAVE_DATA                                     src\manage_program.o
                                                  src\main.o
                                                  src\NTC_10k_using_ADC.o
ADC_init                                          src\NTC_10k_using_ADC.o
ADC_value                                         src\manage_program.o
                                                  src\main.o
                                                  src\NTC_10k_using_ADC.o
AHBPrescTable                                     src\system_stm32f0xx.o
APBPrescTable                                     src\system_stm32f0xx.o
Buffer_add_to_end                                 src\buffer.o
Buffer_empty                                      src\buffer.o
Buffer_get_from_front                             src\buffer.o
Buffer_is_full                                    src\buffer.o
CEC_CAN_IRQHandler                                src\startup_stm32f051x8.o
Choose_symbol_for_draw                            src\TFT_display_temperature.o
Clear_buffer                                      src\buffer.o
DC_clear                                          src\TFT_through_SPI.o
DC_set                                            src\TFT_through_SPI.o
DMA1_Channel1_IRQHandler                          src\NTC_10k_using_ADC.o
DMA1_Channel2_3_IRQHandler                        src\SPI_for_TFT.o
DMA1_Channel4_5_IRQHandler                        src\UART_for_PC.o
DMA_for_ADC_init                                  src\NTC_10k_using_ADC.o
DMA_for_SPI_init                                  src\SPI_for_TFT.o
DS18B20_measure_temperature                       src\manage_program.o
                                                  src\main.o
Default_Handler                                   src\startup_stm32f051x8.o
EXTI0_1_IRQHandler                                src\startup_stm32f051x8.o
EXTI2_3_IRQHandler                                src\startup_stm32f051x8.o
EXTI4_15_IRQHandler                               src\startup_stm32f051x8.o
Erase_Page                                        src\FLASH.o
FLASH_IRQHandler                                  src\startup_stm32f051x8.o
Flash_unlock                                      src\FLASH.o
HardFault_Handler                                 src\startup_stm32f051x8.o
I2C1_IRQHandler                                   src\startup_stm32f051x8.o
I2C2_IRQHandler                                   src\startup_stm32f051x8.o
InitBuffer                                        src\buffer.o
NMI_Handler                                       src\startup_stm32f051x8.o
NTC_get_temperature                               src\NTC_10k_using_ADC.o
                                                  src\manage_program.o
NTC_init_periphery                                src\NTC_10k_using_ADC.o
                                                  src\manage_program.o
NTC_measure_temperature                           src\manage_program.o
                                                  src\main.o
Ntc_R                                             src\manage_program.o
                                                  src\main.o
                                                  src\NTC_10k_using_ADC.o
Ntc_Tmp                                           src\manage_program.o
                                                  src\main.o
                                                  src\NTC_10k_using_ADC.o
PVD_IRQHandler                                    src\startup_stm32f051x8.o
Parse_temperature                                 src\TFT_display_temperature.o
PendSV_Handler                                    src\startup_stm32f051x8.o
RCC_CRS_IRQHandler                                src\startup_stm32f051x8.o
RTC_IRQHandler                                    src\startup_stm32f051x8.o
ReadFromFlash                                     src\FLASH.o
                                                  src\TFT_display_temperature.o
Relay_regulating                                  src\init_TEC_throght_relay.o
                                                  src\main.o
Reset_Handler                                     src\startup_stm32f051x8.o
SPI1_IRQHandler                                   src\startup_stm32f051x8.o
SPI1_Master_init                                  src\SPI_for_TFT.o
                                                  src\TFT_through_SPI.o
SPI1_Send1byte                                    src\SPI_for_TFT.o
                                                  src\TFT_through_SPI.o
SPI1_SendDataDMA                                  src\SPI_for_TFT.o
                                                  src\TFT_display_temperature.o
SPI1_SendDataDMA_2byteNTimes                      src\SPI_for_TFT.o
                                                  src\TFT_through_SPI.o
SPI1_setDataSize                                  src\SPI_for_TFT.o
SPI2_IRQHandler                                   src\startup_stm32f051x8.o
SPI_cs_clear                                      src\SPI_for_TFT.o
SPI_cs_set                                        src\SPI_for_TFT.o
SVC_Handler                                       src\startup_stm32f051x8.o
Set_DC_cmd                                        src\TFT_through_SPI.o
Set_DC_data                                       src\TFT_through_SPI.o
                                                  src\TFT_display_temperature.o
Set_protection_of_flash                           src\FLASH.o
Symbol_Distribution_clear                         src\TFT_display_temperature.o
Symbol_distribution_add_char                      src\TFT_display_temperature.o
SysTick_Handler                                   src\startup_stm32f051x8.o
SystemCoreClock                                   src\system_stm32f0xx.o
                                                  src\UART_for_PC.o
SystemCoreClockUpdate                             src\system_stm32f0xx.o
                                                  src\manage_program.o
SystemInit                                        src\system_stm32f0xx.o
                                                  src\startup_stm32f051x8.o
TFT_clearAllDisplay                               src\TFT_through_SPI.o
TFT_clearPartDisplay                              src\TFT_through_SPI.o
                                                  src\manage_program.o
                                                  src\TFT_display_temperature.o
TFT_cmd_sleep_out                                 src\TFT_through_SPI.o
TFT_colorise                                      src\TFT_through_SPI.o
TFT_display_normal_mode                           src\TFT_through_SPI.o
TFT_display_on                                    src\TFT_through_SPI.o
TFT_draw_symbol                                   src\TFT_display_temperature.o
TFT_init                                          src\TFT_through_SPI.o
                                                  src\manage_program.o
TFT_pixel_format                                  src\TFT_through_SPI.o
TFT_ram_write                                     src\TFT_through_SPI.o
TFT_reset                                         src\TFT_through_SPI.o
TFT_reset_temperature                             src\TFT_display_temperature.o
                                                  src\manage_program.o
TFT_send_cmd                                      src\TFT_through_SPI.o
TFT_set_column                                    src\TFT_through_SPI.o
TFT_set_region                                    src\TFT_through_SPI.o
                                                  src\TFT_display_temperature.o
TFT_set_row                                       src\TFT_through_SPI.o
TIM14_IRQHandler                                  src\startup_stm32f051x8.o
TIM15_IRQHandler                                  src\startup_stm32f051x8.o
TIM16_IRQHandler                                  src\init_TEC_throght_relay.o
TIM16_set_wait_time                               src\init_TEC_throght_relay.o
                                                  src\manage_program.o
TIM17_IRQHandler                                  src\startup_stm32f051x8.o
TIM1_BRK_UP_TRG_COM_IRQHandler                    src\startup_stm32f051x8.o
TIM1_CC_IRQHandler                                src\startup_stm32f051x8.o
TIM2_IRQHandler                                   src\ds18b20.o
TIM3_IRQHandler                                   src\startup_stm32f051x8.o
TIM6_DAC_IRQHandler                               src\init_TEC_throght_relay.o
TIM6_set_heat_time                                src\init_TEC_throght_relay.o
                                                  src\manage_program.o
TIM_on_1sec                                       src\ds18b20.o
TSC_IRQHandler                                    src\startup_stm32f051x8.o
UART_rx_buf                                       src\manage_program.o
                                                  src\main.o
                                                  src\UART_for_PC.o
UART_send_temperature                             src\UART_for_PC.o
                                                  src\manage_program.o
UART_tx_buf                                       src\manage_program.o
                                                  src\main.o
                                                  src\UART_for_PC.o
USART1_IRQHandler                                 src\startup_stm32f051x8.o
USART2_IRQHandler                                 src\startup_stm32f051x8.o
WWDG_IRQHandler                                   src\startup_stm32f051x8.o
Write_data_to_flash                               src\FLASH.o
__aeabi_cdcmpeq                                   c:/program files (x86)/atollic/truestudio for stm32 9.3.0/armtools/bin/../lib/gcc/arm-atollic-eabi/6.3.1/armv6-m\libgcc.a(_arm_cmpdf2.o)
__aeabi_cdcmple                                   c:/program files (x86)/atollic/truestudio for stm32 9.3.0/armtools/bin/../lib/gcc/arm-atollic-eabi/6.3.1/armv6-m\libgcc.a(_arm_cmpdf2.o)
__aeabi_cdrcmple                                  c:/program files (x86)/atollic/truestudio for stm32 9.3.0/armtools/bin/../lib/gcc/arm-atollic-eabi/6.3.1/armv6-m\libgcc.a(_arm_cmpdf2.o)
__aeabi_cfcmpeq                                   c:/program files (x86)/atollic/truestudio for stm32 9.3.0/armtools/bin/../lib/gcc/arm-atollic-eabi/6.3.1/armv6-m\libgcc.a(_arm_cmpsf2.o)
__aeabi_cfcmple                                   c:/program files (x86)/atollic/truestudio for stm32 9.3.0/armtools/bin/../lib/gcc/arm-atollic-eabi/6.3.1/armv6-m\libgcc.a(_arm_cmpsf2.o)
__aeabi_cfrcmple                                  c:/program files (x86)/atollic/truestudio for stm32 9.3.0/armtools/bin/../lib/gcc/arm-atollic-eabi/6.3.1/armv6-m\libgcc.a(_arm_cmpsf2.o)
__aeabi_d2iz                                      c:/program files (x86)/atollic/truestudio for stm32 9.3.0/armtools/bin/../lib/gcc/arm-atollic-eabi/6.3.1/armv6-m\libgcc.a(fixdfsi.o)
                                                  c:/program files (x86)/atollic/truestudio for stm32 9.3.0/armtools/bin/../lib/gcc/arm-atollic-eabi/6.3.1/armv6-m\libgcc.a(_fixunsdfsi.o)
                                                  src\TFT_display_temperature.o
__aeabi_d2uiz                                     c:/program files (x86)/atollic/truestudio for stm32 9.3.0/armtools/bin/../lib/gcc/arm-atollic-eabi/6.3.1/armv6-m\libgcc.a(_fixunsdfsi.o)
                                                  src\init_TEC_throght_relay.o
                                                  src\NTC_10k_using_ADC.o
__aeabi_dadd                                      c:/program files (x86)/atollic/truestudio for stm32 9.3.0/armtools/bin/../lib/gcc/arm-atollic-eabi/6.3.1/armv6-m\libgcc.a(adddf3.o)
                                                  c:/program files (x86)/atollic/truestudio for stm32 9.3.0/armtools/bin/../lib/gcc/arm-atollic-eabi/6.3.1/../../../../arm-atollic-eabi/lib/armv6-m\libm.a(lib_a-e_log.o)
                                                  src\NTC_10k_using_ADC.o
__aeabi_dcmpeq                                    c:/program files (x86)/atollic/truestudio for stm32 9.3.0/armtools/bin/../lib/gcc/arm-atollic-eabi/6.3.1/armv6-m\libgcc.a(_arm_cmpdf2.o)
                                                  c:/program files (x86)/atollic/truestudio for stm32 9.3.0/armtools/bin/../lib/gcc/arm-atollic-eabi/6.3.1/../../../../arm-atollic-eabi/lib/armv6-m\libm.a(lib_a-e_log.o)
                                                  c:/program files (x86)/atollic/truestudio for stm32 9.3.0/armtools/bin/../lib/gcc/arm-atollic-eabi/6.3.1/../../../../arm-atollic-eabi/lib/armv6-m\libm.a(lib_a-w_log.o)
                                                  c:/program files (x86)/atollic/truestudio for stm32 9.3.0/armtools/bin/../lib/gcc/arm-atollic-eabi/6.3.1/../../../../arm-atollic-eabi/lib/armv6-m\libm.a(lib_a-w_fmod.o)
                                                  src\TFT_display_temperature.o
__aeabi_dcmpge                                    c:/program files (x86)/atollic/truestudio for stm32 9.3.0/armtools/bin/../lib/gcc/arm-atollic-eabi/6.3.1/armv6-m\libgcc.a(_arm_cmpdf2.o)
                                                  c:/program files (x86)/atollic/truestudio for stm32 9.3.0/armtools/bin/../lib/gcc/arm-atollic-eabi/6.3.1/armv6-m\libgcc.a(_fixunsdfsi.o)
__aeabi_dcmpgt                                    c:/program files (x86)/atollic/truestudio for stm32 9.3.0/armtools/bin/../lib/gcc/arm-atollic-eabi/6.3.1/armv6-m\libgcc.a(_arm_cmpdf2.o)
                                                  c:/program files (x86)/atollic/truestudio for stm32 9.3.0/armtools/bin/../lib/gcc/arm-atollic-eabi/6.3.1/../../../../arm-atollic-eabi/lib/armv6-m\libm.a(lib_a-w_log.o)
                                                  src\manage_program.o
                                                  src\init_TEC_throght_relay.o
__aeabi_dcmple                                    c:/program files (x86)/atollic/truestudio for stm32 9.3.0/armtools/bin/../lib/gcc/arm-atollic-eabi/6.3.1/armv6-m\libgcc.a(_arm_cmpdf2.o)
__aeabi_dcmplt                                    c:/program files (x86)/atollic/truestudio for stm32 9.3.0/armtools/bin/../lib/gcc/arm-atollic-eabi/6.3.1/armv6-m\libgcc.a(_arm_cmpdf2.o)
                                                  src\init_TEC_throght_relay.o
                                                  src\TFT_display_temperature.o
__aeabi_dcmpun                                    c:/program files (x86)/atollic/truestudio for stm32 9.3.0/armtools/bin/../lib/gcc/arm-atollic-eabi/6.3.1/armv6-m\libgcc.a(unorddf2.o)
                                                  c:/program files (x86)/atollic/truestudio for stm32 9.3.0/armtools/bin/../lib/gcc/arm-atollic-eabi/6.3.1/../../../../arm-atollic-eabi/lib/armv6-m\libm.a(lib_a-w_log.o)
                                                  c:/program files (x86)/atollic/truestudio for stm32 9.3.0/armtools/bin/../lib/gcc/arm-atollic-eabi/6.3.1/../../../../arm-atollic-eabi/lib/armv6-m\libm.a(lib_a-w_fmod.o)
__aeabi_ddiv                                      c:/program files (x86)/atollic/truestudio for stm32 9.3.0/armtools/bin/../lib/gcc/arm-atollic-eabi/6.3.1/armv6-m\libgcc.a(divdf3.o)
                                                  c:/program files (x86)/atollic/truestudio for stm32 9.3.0/armtools/bin/../lib/gcc/arm-atollic-eabi/6.3.1/../../../../arm-atollic-eabi/lib/armv6-m\libm.a(lib_a-e_log.o)
                                                  c:/program files (x86)/atollic/truestudio for stm32 9.3.0/armtools/bin/../lib/gcc/arm-atollic-eabi/6.3.1/../../../../arm-atollic-eabi/lib/armv6-m\libm.a(lib_a-e_fmod.o)
                                                  c:/program files (x86)/atollic/truestudio for stm32 9.3.0/armtools/bin/../lib/gcc/arm-atollic-eabi/6.3.1/../../../../arm-atollic-eabi/lib/armv6-m\libm.a(lib_a-w_fmod.o)
                                                  src\init_TEC_throght_relay.o
                                                  src\TFT_display_temperature.o
                                                  src\NTC_10k_using_ADC.o
__aeabi_dmul                                      c:/program files (x86)/atollic/truestudio for stm32 9.3.0/armtools/bin/../lib/gcc/arm-atollic-eabi/6.3.1/armv6-m\libgcc.a(muldf3.o)
                                                  c:/program files (x86)/atollic/truestudio for stm32 9.3.0/armtools/bin/../lib/gcc/arm-atollic-eabi/6.3.1/../../../../arm-atollic-eabi/lib/armv6-m\libm.a(lib_a-e_log.o)
                                                  c:/program files (x86)/atollic/truestudio for stm32 9.3.0/armtools/bin/../lib/gcc/arm-atollic-eabi/6.3.1/../../../../arm-atollic-eabi/lib/armv6-m\libm.a(lib_a-e_fmod.o)
                                                  src\init_TEC_throght_relay.o
                                                  src\ds18b20.o
                                                  src\TFT_display_temperature.o
                                                  src\NTC_10k_using_ADC.o
__aeabi_dsub                                      c:/program files (x86)/atollic/truestudio for stm32 9.3.0/armtools/bin/../lib/gcc/arm-atollic-eabi/6.3.1/armv6-m\libgcc.a(subdf3.o)
                                                  c:/program files (x86)/atollic/truestudio for stm32 9.3.0/armtools/bin/../lib/gcc/arm-atollic-eabi/6.3.1/armv6-m\libgcc.a(_fixunsdfsi.o)
                                                  c:/program files (x86)/atollic/truestudio for stm32 9.3.0/armtools/bin/../lib/gcc/arm-atollic-eabi/6.3.1/../../../../arm-atollic-eabi/lib/armv6-m\libm.a(lib_a-e_log.o)
                                                  src\init_TEC_throght_relay.o
                                                  src\NTC_10k_using_ADC.o
__aeabi_f2d                                       c:/program files (x86)/atollic/truestudio for stm32 9.3.0/armtools/bin/../lib/gcc/arm-atollic-eabi/6.3.1/armv6-m\libgcc.a(extendsfdf2.o)
                                                  src\init_TEC_throght_relay.o
__aeabi_f2iz                                      c:/program files (x86)/atollic/truestudio for stm32 9.3.0/armtools/bin/../lib/gcc/arm-atollic-eabi/6.3.1/armv6-m\libgcc.a(fixsfsi.o)
                                                  c:/program files (x86)/atollic/truestudio for stm32 9.3.0/armtools/bin/../lib/gcc/arm-atollic-eabi/6.3.1/armv6-m\libgcc.a(_fixunssfsi.o)
__aeabi_f2uiz                                     c:/program files (x86)/atollic/truestudio for stm32 9.3.0/armtools/bin/../lib/gcc/arm-atollic-eabi/6.3.1/armv6-m\libgcc.a(_fixunssfsi.o)
                                                  src\init_TEC_throght_relay.o
__aeabi_fadd                                      c:/program files (x86)/atollic/truestudio for stm32 9.3.0/armtools/bin/../lib/gcc/arm-atollic-eabi/6.3.1/armv6-m\libgcc.a(addsf3.o)
                                                  src\init_TEC_throght_relay.o
__aeabi_fcmpeq                                    c:/program files (x86)/atollic/truestudio for stm32 9.3.0/armtools/bin/../lib/gcc/arm-atollic-eabi/6.3.1/armv6-m\libgcc.a(_arm_cmpsf2.o)
__aeabi_fcmpge                                    c:/program files (x86)/atollic/truestudio for stm32 9.3.0/armtools/bin/../lib/gcc/arm-atollic-eabi/6.3.1/armv6-m\libgcc.a(_arm_cmpsf2.o)
                                                  c:/program files (x86)/atollic/truestudio for stm32 9.3.0/armtools/bin/../lib/gcc/arm-atollic-eabi/6.3.1/armv6-m\libgcc.a(_fixunssfsi.o)
__aeabi_fcmpgt                                    c:/program files (x86)/atollic/truestudio for stm32 9.3.0/armtools/bin/../lib/gcc/arm-atollic-eabi/6.3.1/armv6-m\libgcc.a(_arm_cmpsf2.o)
__aeabi_fcmple                                    c:/program files (x86)/atollic/truestudio for stm32 9.3.0/armtools/bin/../lib/gcc/arm-atollic-eabi/6.3.1/armv6-m\libgcc.a(_arm_cmpsf2.o)
__aeabi_fcmplt                                    c:/program files (x86)/atollic/truestudio for stm32 9.3.0/armtools/bin/../lib/gcc/arm-atollic-eabi/6.3.1/armv6-m\libgcc.a(_arm_cmpsf2.o)
__aeabi_fmul                                      c:/program files (x86)/atollic/truestudio for stm32 9.3.0/armtools/bin/../lib/gcc/arm-atollic-eabi/6.3.1/armv6-m\libgcc.a(mulsf3.o)
                                                  src\init_TEC_throght_relay.o
__aeabi_fsub                                      c:/program files (x86)/atollic/truestudio for stm32 9.3.0/armtools/bin/../lib/gcc/arm-atollic-eabi/6.3.1/armv6-m\libgcc.a(subsf3.o)
                                                  c:/program files (x86)/atollic/truestudio for stm32 9.3.0/armtools/bin/../lib/gcc/arm-atollic-eabi/6.3.1/armv6-m\libgcc.a(_fixunssfsi.o)
__aeabi_i2d                                       c:/program files (x86)/atollic/truestudio for stm32 9.3.0/armtools/bin/../lib/gcc/arm-atollic-eabi/6.3.1/armv6-m\libgcc.a(floatsidf.o)
                                                  c:/program files (x86)/atollic/truestudio for stm32 9.3.0/armtools/bin/../lib/gcc/arm-atollic-eabi/6.3.1/../../../../arm-atollic-eabi/lib/armv6-m\libm.a(lib_a-e_log.o)
                                                  src\manage_program.o
                                                  src\init_TEC_throght_relay.o
                                                  src\ds18b20.o
                                                  src\TFT_display_temperature.o
                                                  src\NTC_10k_using_ADC.o
__aeabi_i2f                                       c:/program files (x86)/atollic/truestudio for stm32 9.3.0/armtools/bin/../lib/gcc/arm-atollic-eabi/6.3.1/armv6-m\libgcc.a(floatsisf.o)
                                                  src\init_TEC_throght_relay.o
__aeabi_idiv                                      c:/program files (x86)/atollic/truestudio for stm32 9.3.0/armtools/bin/../lib/gcc/arm-atollic-eabi/6.3.1/armv6-m\libgcc.a(_divsi3.o)
                                                  src\tiny_printf.o
__aeabi_idiv0                                     c:/program files (x86)/atollic/truestudio for stm32 9.3.0/armtools/bin/../lib/gcc/arm-atollic-eabi/6.3.1/armv6-m\libgcc.a(_dvmd_tls.o)
                                                  c:/program files (x86)/atollic/truestudio for stm32 9.3.0/armtools/bin/../lib/gcc/arm-atollic-eabi/6.3.1/armv6-m\libgcc.a(_divsi3.o)
                                                  c:/program files (x86)/atollic/truestudio for stm32 9.3.0/armtools/bin/../lib/gcc/arm-atollic-eabi/6.3.1/armv6-m\libgcc.a(_udivsi3.o)
__aeabi_idivmod                                   c:/program files (x86)/atollic/truestudio for stm32 9.3.0/armtools/bin/../lib/gcc/arm-atollic-eabi/6.3.1/armv6-m\libgcc.a(_divsi3.o)
__aeabi_ldiv0                                     c:/program files (x86)/atollic/truestudio for stm32 9.3.0/armtools/bin/../lib/gcc/arm-atollic-eabi/6.3.1/armv6-m\libgcc.a(_dvmd_tls.o)
__aeabi_ui2d                                      c:/program files (x86)/atollic/truestudio for stm32 9.3.0/armtools/bin/../lib/gcc/arm-atollic-eabi/6.3.1/armv6-m\libgcc.a(floatunsidf.o)
                                                  src\manage_program.o
                                                  src\NTC_10k_using_ADC.o
__aeabi_uidiv                                     c:/program files (x86)/atollic/truestudio for stm32 9.3.0/armtools/bin/../lib/gcc/arm-atollic-eabi/6.3.1/armv6-m\libgcc.a(_udivsi3.o)
                                                  c:/program files (x86)/atollic/truestudio for stm32 9.3.0/armtools/bin/../lib/gcc/arm-atollic-eabi/6.3.1/armv6-m\libgcc.a(divdf3.o)
                                                  src\tiny_printf.o
                                                  src\system_stm32f0xx.o
                                                  src\UART_for_PC.o
__aeabi_uidivmod                                  c:/program files (x86)/atollic/truestudio for stm32 9.3.0/armtools/bin/../lib/gcc/arm-atollic-eabi/6.3.1/armv6-m\libgcc.a(_udivsi3.o)
                                                  c:/program files (x86)/atollic/truestudio for stm32 9.3.0/armtools/bin/../lib/gcc/arm-atollic-eabi/6.3.1/armv6-m\libgcc.a(divdf3.o)
                                                  src\tiny_printf.o
__clzsi2                                          c:/program files (x86)/atollic/truestudio for stm32 9.3.0/armtools/bin/../lib/gcc/arm-atollic-eabi/6.3.1/armv6-m\libgcc.a(_clzsi2.o)
                                                  c:/program files (x86)/atollic/truestudio for stm32 9.3.0/armtools/bin/../lib/gcc/arm-atollic-eabi/6.3.1/armv6-m\libgcc.a(extendsfdf2.o)
                                                  c:/program files (x86)/atollic/truestudio for stm32 9.3.0/armtools/bin/../lib/gcc/arm-atollic-eabi/6.3.1/armv6-m\libgcc.a(floatunsidf.o)
                                                  c:/program files (x86)/atollic/truestudio for stm32 9.3.0/armtools/bin/../lib/gcc/arm-atollic-eabi/6.3.1/armv6-m\libgcc.a(floatsidf.o)
                                                  c:/program files (x86)/atollic/truestudio for stm32 9.3.0/armtools/bin/../lib/gcc/arm-atollic-eabi/6.3.1/armv6-m\libgcc.a(subdf3.o)
                                                  c:/program files (x86)/atollic/truestudio for stm32 9.3.0/armtools/bin/../lib/gcc/arm-atollic-eabi/6.3.1/armv6-m\libgcc.a(muldf3.o)
                                                  c:/program files (x86)/atollic/truestudio for stm32 9.3.0/armtools/bin/../lib/gcc/arm-atollic-eabi/6.3.1/armv6-m\libgcc.a(divdf3.o)
                                                  c:/program files (x86)/atollic/truestudio for stm32 9.3.0/armtools/bin/../lib/gcc/arm-atollic-eabi/6.3.1/armv6-m\libgcc.a(adddf3.o)
                                                  c:/program files (x86)/atollic/truestudio for stm32 9.3.0/armtools/bin/../lib/gcc/arm-atollic-eabi/6.3.1/armv6-m\libgcc.a(floatsisf.o)
                                                  c:/program files (x86)/atollic/truestudio for stm32 9.3.0/armtools/bin/../lib/gcc/arm-atollic-eabi/6.3.1/armv6-m\libgcc.a(subsf3.o)
                                                  c:/program files (x86)/atollic/truestudio for stm32 9.3.0/armtools/bin/../lib/gcc/arm-atollic-eabi/6.3.1/armv6-m\libgcc.a(mulsf3.o)
                                                  c:/program files (x86)/atollic/truestudio for stm32 9.3.0/armtools/bin/../lib/gcc/arm-atollic-eabi/6.3.1/armv6-m\libgcc.a(addsf3.o)
__deregister_frame_info                           c:/program files (x86)/atollic/truestudio for stm32 9.3.0/armtools/bin/../lib/gcc/arm-atollic-eabi/6.3.1/armv6-m/crtbegin.o
__divsi3                                          c:/program files (x86)/atollic/truestudio for stm32 9.3.0/armtools/bin/../lib/gcc/arm-atollic-eabi/6.3.1/armv6-m\libgcc.a(_divsi3.o)
__dso_handle                                      c:/program files (x86)/atollic/truestudio for stm32 9.3.0/armtools/bin/../lib/gcc/arm-atollic-eabi/6.3.1/armv6-m/crtbegin.o
__eqdf2                                           c:/program files (x86)/atollic/truestudio for stm32 9.3.0/armtools/bin/../lib/gcc/arm-atollic-eabi/6.3.1/armv6-m\libgcc.a(eqdf2.o)
                                                  c:/program files (x86)/atollic/truestudio for stm32 9.3.0/armtools/bin/../lib/gcc/arm-atollic-eabi/6.3.1/armv6-m\libgcc.a(_arm_cmpdf2.o)
__eqsf2                                           c:/program files (x86)/atollic/truestudio for stm32 9.3.0/armtools/bin/../lib/gcc/arm-atollic-eabi/6.3.1/armv6-m\libgcc.a(eqsf2.o)
                                                  c:/program files (x86)/atollic/truestudio for stm32 9.3.0/armtools/bin/../lib/gcc/arm-atollic-eabi/6.3.1/armv6-m\libgcc.a(_arm_cmpsf2.o)
__errno                                           c:/program files (x86)/atollic/truestudio for stm32 9.3.0/armtools/bin/../lib/gcc/arm-atollic-eabi/6.3.1/../../../../arm-atollic-eabi/lib/armv6-m\libc_nano.a(lib_a-errno.o)
                                                  c:/program files (x86)/atollic/truestudio for stm32 9.3.0/armtools/bin/../lib/gcc/arm-atollic-eabi/6.3.1/../../../../arm-atollic-eabi/lib/armv6-m\libm.a(lib_a-w_log.o)
                                                  c:/program files (x86)/atollic/truestudio for stm32 9.3.0/armtools/bin/../lib/gcc/arm-atollic-eabi/6.3.1/../../../../arm-atollic-eabi/lib/armv6-m\libm.a(lib_a-w_fmod.o)
__fdlib_version                                   c:/program files (x86)/atollic/truestudio for stm32 9.3.0/armtools/bin/../lib/gcc/arm-atollic-eabi/6.3.1/../../../../arm-atollic-eabi/lib/armv6-m\libm.a(lib_a-s_lib_ver.o)
                                                  c:/program files (x86)/atollic/truestudio for stm32 9.3.0/armtools/bin/../lib/gcc/arm-atollic-eabi/6.3.1/../../../../arm-atollic-eabi/lib/armv6-m\libm.a(lib_a-w_log.o)
                                                  c:/program files (x86)/atollic/truestudio for stm32 9.3.0/armtools/bin/../lib/gcc/arm-atollic-eabi/6.3.1/../../../../arm-atollic-eabi/lib/armv6-m\libm.a(lib_a-w_fmod.o)
__fixunsdfsi                                      c:/program files (x86)/atollic/truestudio for stm32 9.3.0/armtools/bin/../lib/gcc/arm-atollic-eabi/6.3.1/armv6-m\libgcc.a(_fixunsdfsi.o)
__fixunssfsi                                      c:/program files (x86)/atollic/truestudio for stm32 9.3.0/armtools/bin/../lib/gcc/arm-atollic-eabi/6.3.1/armv6-m\libgcc.a(_fixunssfsi.o)
__gedf2                                           c:/program files (x86)/atollic/truestudio for stm32 9.3.0/armtools/bin/../lib/gcc/arm-atollic-eabi/6.3.1/armv6-m\libgcc.a(gedf2.o)
                                                  c:/program files (x86)/atollic/truestudio for stm32 9.3.0/armtools/bin/../lib/gcc/arm-atollic-eabi/6.3.1/armv6-m\libgcc.a(_arm_cmpdf2.o)
__gesf2                                           c:/program files (x86)/atollic/truestudio for stm32 9.3.0/armtools/bin/../lib/gcc/arm-atollic-eabi/6.3.1/armv6-m\libgcc.a(gesf2.o)
                                                  c:/program files (x86)/atollic/truestudio for stm32 9.3.0/armtools/bin/../lib/gcc/arm-atollic-eabi/6.3.1/armv6-m\libgcc.a(_arm_cmpsf2.o)
__gtdf2                                           c:/program files (x86)/atollic/truestudio for stm32 9.3.0/armtools/bin/../lib/gcc/arm-atollic-eabi/6.3.1/armv6-m\libgcc.a(gedf2.o)
__gtsf2                                           c:/program files (x86)/atollic/truestudio for stm32 9.3.0/armtools/bin/../lib/gcc/arm-atollic-eabi/6.3.1/armv6-m\libgcc.a(gesf2.o)
__ieee754_fmod                                    c:/program files (x86)/atollic/truestudio for stm32 9.3.0/armtools/bin/../lib/gcc/arm-atollic-eabi/6.3.1/../../../../arm-atollic-eabi/lib/armv6-m\libm.a(lib_a-e_fmod.o)
                                                  c:/program files (x86)/atollic/truestudio for stm32 9.3.0/armtools/bin/../lib/gcc/arm-atollic-eabi/6.3.1/../../../../arm-atollic-eabi/lib/armv6-m\libm.a(lib_a-w_fmod.o)
__ieee754_log                                     c:/program files (x86)/atollic/truestudio for stm32 9.3.0/armtools/bin/../lib/gcc/arm-atollic-eabi/6.3.1/../../../../arm-atollic-eabi/lib/armv6-m\libm.a(lib_a-e_log.o)
                                                  c:/program files (x86)/atollic/truestudio for stm32 9.3.0/armtools/bin/../lib/gcc/arm-atollic-eabi/6.3.1/../../../../arm-atollic-eabi/lib/armv6-m\libm.a(lib_a-w_log.o)
__init_array_end                                  c:/program files (x86)/atollic/truestudio for stm32 9.3.0/armtools/bin/../lib/gcc/arm-atollic-eabi/6.3.1/../../../../arm-atollic-eabi/lib/armv6-m\libc_nano.a(lib_a-init.o)
__init_array_start                                c:/program files (x86)/atollic/truestudio for stm32 9.3.0/armtools/bin/../lib/gcc/arm-atollic-eabi/6.3.1/../../../../arm-atollic-eabi/lib/armv6-m\libc_nano.a(lib_a-init.o)
__ledf2                                           c:/program files (x86)/atollic/truestudio for stm32 9.3.0/armtools/bin/../lib/gcc/arm-atollic-eabi/6.3.1/armv6-m\libgcc.a(ledf2.o)
                                                  c:/program files (x86)/atollic/truestudio for stm32 9.3.0/armtools/bin/../lib/gcc/arm-atollic-eabi/6.3.1/armv6-m\libgcc.a(_arm_cmpdf2.o)
__lesf2                                           c:/program files (x86)/atollic/truestudio for stm32 9.3.0/armtools/bin/../lib/gcc/arm-atollic-eabi/6.3.1/armv6-m\libgcc.a(lesf2.o)
                                                  c:/program files (x86)/atollic/truestudio for stm32 9.3.0/armtools/bin/../lib/gcc/arm-atollic-eabi/6.3.1/armv6-m\libgcc.a(_arm_cmpsf2.o)
__libc_init_array                                 c:/program files (x86)/atollic/truestudio for stm32 9.3.0/armtools/bin/../lib/gcc/arm-atollic-eabi/6.3.1/../../../../arm-atollic-eabi/lib/armv6-m\libc_nano.a(lib_a-init.o)
                                                  src\startup_stm32f051x8.o
__ltdf2                                           c:/program files (x86)/atollic/truestudio for stm32 9.3.0/armtools/bin/../lib/gcc/arm-atollic-eabi/6.3.1/armv6-m\libgcc.a(ledf2.o)
__ltsf2                                           c:/program files (x86)/atollic/truestudio for stm32 9.3.0/armtools/bin/../lib/gcc/arm-atollic-eabi/6.3.1/armv6-m\libgcc.a(lesf2.o)
__nedf2                                           c:/program files (x86)/atollic/truestudio for stm32 9.3.0/armtools/bin/../lib/gcc/arm-atollic-eabi/6.3.1/armv6-m\libgcc.a(eqdf2.o)
__nesf2                                           c:/program files (x86)/atollic/truestudio for stm32 9.3.0/armtools/bin/../lib/gcc/arm-atollic-eabi/6.3.1/armv6-m\libgcc.a(eqsf2.o)
__preinit_array_end                               c:/program files (x86)/atollic/truestudio for stm32 9.3.0/armtools/bin/../lib/gcc/arm-atollic-eabi/6.3.1/../../../../arm-atollic-eabi/lib/armv6-m\libc_nano.a(lib_a-init.o)
__preinit_array_start                             c:/program files (x86)/atollic/truestudio for stm32 9.3.0/armtools/bin/../lib/gcc/arm-atollic-eabi/6.3.1/../../../../arm-atollic-eabi/lib/armv6-m\libc_nano.a(lib_a-init.o)
__register_frame_info                             c:/program files (x86)/atollic/truestudio for stm32 9.3.0/armtools/bin/../lib/gcc/arm-atollic-eabi/6.3.1/armv6-m/crtbegin.o
__sf_fake_stderr                                  c:/program files (x86)/atollic/truestudio for stm32 9.3.0/armtools/bin/../lib/gcc/arm-atollic-eabi/6.3.1/../../../../arm-atollic-eabi/lib/armv6-m\libc_nano.a(lib_a-impure.o)
__sf_fake_stdin                                   c:/program files (x86)/atollic/truestudio for stm32 9.3.0/armtools/bin/../lib/gcc/arm-atollic-eabi/6.3.1/../../../../arm-atollic-eabi/lib/armv6-m\libc_nano.a(lib_a-impure.o)
__sf_fake_stdout                                  c:/program files (x86)/atollic/truestudio for stm32 9.3.0/armtools/bin/../lib/gcc/arm-atollic-eabi/6.3.1/../../../../arm-atollic-eabi/lib/armv6-m\libc_nano.a(lib_a-impure.o)
__udivsi3                                         c:/program files (x86)/atollic/truestudio for stm32 9.3.0/armtools/bin/../lib/gcc/arm-atollic-eabi/6.3.1/armv6-m\libgcc.a(_udivsi3.o)
_ebss                                             src\startup_stm32f051x8.o
_edata                                            src\startup_stm32f051x8.o
_estack                                           src\startup_stm32f051x8.o
_fini                                             c:/program files (x86)/atollic/truestudio for stm32 9.3.0/armtools/bin/../lib/gcc/arm-atollic-eabi/6.3.1/armv6-m/crti.o
_global_impure_ptr                                c:/program files (x86)/atollic/truestudio for stm32 9.3.0/armtools/bin/../lib/gcc/arm-atollic-eabi/6.3.1/../../../../arm-atollic-eabi/lib/armv6-m\libc_nano.a(lib_a-impure.o)
_impure_ptr                                       c:/program files (x86)/atollic/truestudio for stm32 9.3.0/armtools/bin/../lib/gcc/arm-atollic-eabi/6.3.1/../../../../arm-atollic-eabi/lib/armv6-m\libc_nano.a(lib_a-impure.o)
                                                  c:/program files (x86)/atollic/truestudio for stm32 9.3.0/armtools/bin/../lib/gcc/arm-atollic-eabi/6.3.1/../../../../arm-atollic-eabi/lib/armv6-m\libc_nano.a(lib_a-errno.o)